<html>
<body>
<pre>
<h1>µVision Build Log</h1>
<h2>Tool Versions:</h2>
IDE-Version: ¦ÌVision V5.17.0.0
Copyright (C) 2015 ARM Ltd and ARM Germany GmbH. All rights reserved.
License Information: Microsoft, Microsoft, LIC=1WS74-F3NTD-FZ3WU-SC7QJ-0CQLW-6FJ2V
 
Tool Versions:
Toolchain:       MDK-ARM Professional  Version: 5.17
Toolchain Path:  D:\MDK\ARM\ARMCC\Bin
C Compiler:      Armcc.exe V5.06 update 1 (build 61)
Assembler:       Armasm.exe V5.06 update 1 (build 61)
Linker/Locator:  ArmLink.exe V5.06 update 1 (build 61)
Library Manager: ArmAr.exe V5.06 update 1 (build 61)
Hex Converter:   FromElf.exe V5.06 update 1 (build 61)
CPU DLL:         SARMCM3.DLL V5.17
Dialog DLL:      DCM.DLL V1.13.4.0
Target DLL:      STLink\ST-LINKIII-KEIL_SWO.dll V2.0.18.0
Dialog DLL:      TCM.DLL V1.14.6.0
 
<h2>Project:</h2>
C:\Users\j1ng\Desktop\xipp19\xipp\xipp.uvprojx
Project File Date:  05/19/2018

<h2>Output:</h2>
*** Using Compiler 'V5.06 update 1 (build 61)', folder: 'D:\MDK\ARM\ARMCC\Bin'
Rebuild target 'Target 1'
compiling mini-data.c...
compiling system_init.c...
compiling main.c...
compiling stm32f10x_rcc.c...
compiling stm32f10x_gpio.c...
compiling stm32f10x_tim.c...
compiling misc.c...
compiling stm32f10x_usart.c...
compiling BeeSpeaker_Diver.c...
compiling stm32f10x_adc.c...
compiling TouchKey_Diver.c...
compiling Stm32F1_Timer3.c...
compiling AT24C02_Diver.c...
compiling STM32_Delay.c...
compiling Sensor.c...
compiling Relay_Diver.c...
compiling STM32F1_UART1_Diver.c...
compiling STM32F1_UART2_Diver.c...
compiling STM32F1_UART3_Diver.c...
compiling ds18b20.c...
assembling startup_stm32f10x_cl.s...
compiling STM32F1_ADC1_Diver.c...
compiling TouchKeyFunction.c...
compiling system_stm32f10x.c...
linking...
Program Size: Code=9776 RO-data=368 RW-data=80 ZI-data=2104  
".\Objects\xipp.axf" - 0 Error(s), 0 Warning(s).

<h2>Software Packages used:</h2>

Package Vendor: ARM
                http://www.keil.com/pack/ARM.CMSIS.4.5.0.pack
                ARM::CMSIS:CORE:4.3.0
                CMSIS (Cortex Microcontroller Software Interface Standard)
   * Component: CORE Version: 4.3.0

Package Vendor: Keil
                http://www.keil.com/pack/Keil.STM32F1xx_DFP.2.2.0.pack
                Keil::Device:Startup:1.0.0
                STMicroelectronics STM32F1 Series Device Support, Drivers and Examples
   * Component: Startup Version: 1.0.0

<h2>Collection of Component include folders:</h2>
  C:\Users\j1ng\Desktop\xipp19\xipp\RTE
  C:\Users\j1ng\Desktop\xipp19\xipp\RTE\Device\STM32F105R8
  D:\MDK\ARM\PACK\ARM\CMSIS\4.5.0\CMSIS\Include
  D:\MDK\ARM\PACK\Keil\STM32F1xx_DFP\2.2.0\Device\Include

<h2>Collection of Component Files used:</h2>

   * Component: ARM::CMSIS:CORE:4.3.0

   * Component: Keil::Device:Startup:1.0.0
      Source file:   Device\Source\ARM\STM32F1xx_OPT.s
      Source file:   Device\Source\ARM\startup_stm32f10x_cl.s
      Source file:   Device\Source\system_stm32f10x.c
      Include file:  RTE_Driver\Config\RTE_Device.h
Build Time Elapsed:  00:00:06
</pre>
</body>
</html>
