<html>
<body>
<pre>
<h1>µVision Build Log</h1>
<h2>Tool Versions:</h2>
IDE-Version: ¦ÌVision V5.20.0.0
Copyright (C) 2016 ARM Ltd and ARM Germany GmbH. All rights reserved.
License Information: han han.zh, hahah, LIC=W96Z9-4K21R-ZCKJY-ILYL0-HIEFR-7Y5XM
 
Tool Versions:
Toolchain:       MDK-ARM Professional  Version: 5.20
Toolchain Path:  C:\App\Keil_v5\ARM\ARMCC\Bin
C Compiler:      Armcc.exe V5.06 update 2 (build 183)
Assembler:       Armasm.exe V5.06 update 2 (build 183)
Linker/Locator:  ArmLink.exe V5.06 update 2 (build 183)
Library Manager: ArmAr.exe V5.06 update 2 (build 183)
Hex Converter:   FromElf.exe V5.06 update 2 (build 183)
CPU DLL:         SARMCM3.DLL V5.20
Dialog DLL:      DCM.DLL V1.13.7.0
Target DLL:      STLink\ST-LINKIII-KEIL_SWO.dll V2.0.18.0
Dialog DLL:      TCM.DLL V1.14.9.0
 
<h2>Project:</h2>
C:\Users\han.zh\Desktop\xipp_project_mcu1\mcu2\xipp.uvprojx
Project File Date:  09/11/2018

<h2>Output:</h2>
*** Using Compiler 'V5.06 update 2 (build 183)', folder: 'C:\App\Keil_v5\ARM\ARMCC\Bin'
Rebuild target 'Target 1'
compiling mini-data.c...
compiling flash_rw.c...
compiling misc.c...
compiling main.c...
.\dev\Relay_Diver.h(65): warning:  #1295-D: Deprecated declaration allClose - give arg types
  void allClose();
user\main.c(12): warning:  #1295-D: Deprecated declaration sence1 - give arg types
  void sence1();
user\main.c(13): warning:  #1295-D: Deprecated declaration sence2 - give arg types
  void sence2();
user\main.c(14): warning:  #1295-D: Deprecated declaration sence3 - give arg types
  void sence3();
user\main.c(15): warning:  #1295-D: Deprecated declaration sence4 - give arg types
  void sence4();
user\main.c(16): warning:  #1295-D: Deprecated declaration sence5 - give arg types
  void sence5();
user\main.c: 6 warnings, 0 errors
compiling stm32f10x_gpio.c...
compiling system_init.c...
.\dev\Relay_Diver.h(65): warning:  #1295-D: Deprecated declaration allClose - give arg types
  void allClose();
user\system_init.c: 1 warning, 0 errors
compiling stm32f10x_rcc.c...
compiling stm32f10x_tim.c...
compiling Stm32F1_Timer3.c...
compiling BeeSpeaker_Diver.c...
compiling stm32f10x_flash.c...
compiling stm32f10x_usart.c...
compiling STM32_Delay.c...
compiling stm32f10x_adc.c...
compiling Relay_Diver.c...
dev\Relay_Diver.h(65): warning:  #1295-D: Deprecated declaration allClose - give arg types
  void allClose();
dev\Relay_Diver.c: 1 warning, 0 errors
compiling watchdog.c...
compiling STM32F1_UART1_Diver.c...
dev\STM32F1_UART1_Diver.c(6): warning:  #1295-D: Deprecated declaration sence1 - give arg types
  void sence1();
dev\STM32F1_UART1_Diver.c(7): warning:  #1295-D: Deprecated declaration sence2 - give arg types
  void sence2();
dev\STM32F1_UART1_Diver.c(8): warning:  #1295-D: Deprecated declaration sence3 - give arg types
  void sence3();
dev\STM32F1_UART1_Diver.c(9): warning:  #1295-D: Deprecated declaration sence4 - give arg types
  void sence4();
dev\STM32F1_UART1_Diver.c(10): warning:  #1295-D: Deprecated declaration sence5 - give arg types
  void sence5();
dev\STM32F1_UART1_Diver.c: 5 warnings, 0 errors
compiling stm32f10x_wwdg.c...
compiling STM32F1_UART2_Diver.c...
compiling stm32f10x_iwdg.c...
compiling STM32F1_UART3_Diver.c...
compiling Stm32F1_Timer2.c...
dev\Relay_Diver.h(65): warning:  #1295-D: Deprecated declaration allClose - give arg types
  void allClose();
dev\Stm32F1_Timer2.c: 1 warning, 0 errors
assembling startup_stm32f10x_cl.s...
compiling system_stm32f10x.c...
linking...
Program Size: Code=7480 RO-data=368 RW-data=64 ZI-data=1832  
".\Objects\xipp.axf" - 0 Error(s), 14 Warning(s).

<h2>Software Packages used:</h2>

Package Vendor: ARM
                http://www.keil.com/pack/ARM.CMSIS.4.5.0.pack
                ARM::CMSIS:CORE:4.3.0
                CMSIS (Cortex Microcontroller Software Interface Standard)
   * Component: CORE Version: 4.3.0

Package Vendor: Keil
                http://www.keil.com/pack/Keil.STM32F1xx_DFP.2.2.0.pack
                Keil::Device:Startup:1.0.0
                STMicroelectronics STM32F1 Series Device Support, Drivers and Examples
   * Component: Startup Version: 1.0.0

<h2>Collection of Component include folders:</h2>
  C:\Users\han.zh\Desktop\xipp_project_mcu1\mcu2\RTE
  C:\Users\han.zh\Desktop\xipp_project_mcu1\mcu2\RTE\Device\STM32F105R8
  C:\App\Keil_v5\ARM\PACK\ARM\CMSIS\4.5.0\CMSIS\Include
  C:\App\Keil_v5\ARM\PACK\Keil\STM32F1xx_DFP\2.2.0\Device\Include

<h2>Collection of Component Files used:</h2>

   * Component: ARM::CMSIS:CORE:4.3.0

   * Component: Keil::Device:Startup:1.0.0
      Source file:   Device\Source\ARM\STM32F1xx_OPT.s
      Source file:   Device\Source\ARM\startup_stm32f10x_cl.s
      Source file:   Device\Source\system_stm32f10x.c
      Include file:  RTE_Driver\Config\RTE_Device.h
Build Time Elapsed:  00:00:05
</pre>
</body>
</html>
