Component: ARM Compiler 5.06 update 2 (build 183) Tool: armlink [4d35b7]

==============================================================================

Section Cross References

    main.o(i.allClose) refers to stm32f10x_gpio.o(i.GPIO_SetBits) for GPIO_SetBits
    main.o(i.delay_s) refers to stm32_delay.o(i.STM32_Delay_ms) for STM32_Delay_ms
    main.o(i.main) refers to stm32_delay.o(i.STM32_Delay_init) for STM32_Delay_init
    main.o(i.main) refers to stm32f1_uart1.o(i.STM32F1_UART1_Init) for STM32F1_UART1_Init
    main.o(i.main) refers to stm32f1_uart2.o(i.STM32F1_UART2_Init) for STM32F1_UART2_Init
    main.o(i.main) refers to stm32f1_uart3.o(i.STM32F1_UART3_Init) for STM32F1_UART3_Init
    main.o(i.main) refers to ds18b20.o(i.DS18B20_Init) for DS18B20_Init
    main.o(i.main) refers to ds18b20_1.o(i.DS18B20_Init1) for DS18B20_Init1
    main.o(i.main) refers to stm32f1_adc1.o(i.Adc_Init) for Adc_Init
    main.o(i.main) refers to stm32f1_adc2.o(i.Adc2_Init) for Adc2_Init
    main.o(i.main) refers to stm32f1_timer2.o(i.Stm32F1_Timer2Init) for Stm32F1_Timer2Init
    main.o(i.main) refers to stm32f1_timer3.o(i.Stm32F1_Timer3Init) for Stm32F1_Timer3Init
    main.o(i.main) refers to inputdrive.o(i.InputDriveInit) for InputDriveInit
    main.o(i.main) refers to outputdrive.o(i.OutputDriveInit) for OutputDriveInit
    main.o(i.main) refers to main.o(i.setFlashData) for setFlashData
    main.o(i.main) refers to stm32f10x_gpio.o(i.GPIO_ReadInputDataBit) for GPIO_ReadInputDataBit
    main.o(i.main) refers to ds18b20.o(i.DS18B20_Get_Temp) for DS18B20_Get_Temp
    main.o(i.main) refers to ds18b20_1.o(i.DS18B20_Get_Temp1) for DS18B20_Get_Temp1
    main.o(i.main) refers to stm32f10x_gpio.o(i.GPIO_SetBits) for GPIO_SetBits
    main.o(i.main) refers to main.o(.data) for pdxbPooPoo
    main.o(i.setFlashData) refers to flash_rw.o(i.FLASH_ReadByte) for FLASH_ReadByte
    main.o(i.setFlashData) refers to flash_rw.o(i.FLASH_WriteByte) for FLASH_WriteByte
    stm32f10x_rcc.o(i.RCC_GetClocksFreq) refers to stm32f10x_rcc.o(.data) for APBAHBPrescTable
    stm32f10x_rcc.o(i.RCC_WaitForHSEStartUp) refers to stm32f10x_rcc.o(i.RCC_GetFlagStatus) for RCC_GetFlagStatus
    stm32f10x_gpio.o(i.GPIO_AFIODeInit) refers to stm32f10x_rcc.o(i.RCC_APB2PeriphResetCmd) for RCC_APB2PeriphResetCmd
    stm32f10x_gpio.o(i.GPIO_DeInit) refers to stm32f10x_rcc.o(i.RCC_APB2PeriphResetCmd) for RCC_APB2PeriphResetCmd
    stm32f10x_tim.o(i.TIM_DeInit) refers to stm32f10x_rcc.o(i.RCC_APB2PeriphResetCmd) for RCC_APB2PeriphResetCmd
    stm32f10x_tim.o(i.TIM_DeInit) refers to stm32f10x_rcc.o(i.RCC_APB1PeriphResetCmd) for RCC_APB1PeriphResetCmd
    stm32f10x_tim.o(i.TIM_ETRClockMode1Config) refers to stm32f10x_tim.o(i.TIM_ETRConfig) for TIM_ETRConfig
    stm32f10x_tim.o(i.TIM_ETRClockMode2Config) refers to stm32f10x_tim.o(i.TIM_ETRConfig) for TIM_ETRConfig
    stm32f10x_tim.o(i.TIM_ICInit) refers to stm32f10x_tim.o(i.TI1_Config) for TI1_Config
    stm32f10x_tim.o(i.TIM_ICInit) refers to stm32f10x_tim.o(i.TIM_SetIC1Prescaler) for TIM_SetIC1Prescaler
    stm32f10x_tim.o(i.TIM_ICInit) refers to stm32f10x_tim.o(i.TI2_Config) for TI2_Config
    stm32f10x_tim.o(i.TIM_ICInit) refers to stm32f10x_tim.o(i.TIM_SetIC2Prescaler) for TIM_SetIC2Prescaler
    stm32f10x_tim.o(i.TIM_ICInit) refers to stm32f10x_tim.o(i.TI3_Config) for TI3_Config
    stm32f10x_tim.o(i.TIM_ICInit) refers to stm32f10x_tim.o(i.TIM_SetIC3Prescaler) for TIM_SetIC3Prescaler
    stm32f10x_tim.o(i.TIM_ICInit) refers to stm32f10x_tim.o(i.TI4_Config) for TI4_Config
    stm32f10x_tim.o(i.TIM_ICInit) refers to stm32f10x_tim.o(i.TIM_SetIC4Prescaler) for TIM_SetIC4Prescaler
    stm32f10x_tim.o(i.TIM_ITRxExternalClockConfig) refers to stm32f10x_tim.o(i.TIM_SelectInputTrigger) for TIM_SelectInputTrigger
    stm32f10x_tim.o(i.TIM_PWMIConfig) refers to stm32f10x_tim.o(i.TI1_Config) for TI1_Config
    stm32f10x_tim.o(i.TIM_PWMIConfig) refers to stm32f10x_tim.o(i.TIM_SetIC1Prescaler) for TIM_SetIC1Prescaler
    stm32f10x_tim.o(i.TIM_PWMIConfig) refers to stm32f10x_tim.o(i.TI2_Config) for TI2_Config
    stm32f10x_tim.o(i.TIM_PWMIConfig) refers to stm32f10x_tim.o(i.TIM_SetIC2Prescaler) for TIM_SetIC2Prescaler
    stm32f10x_tim.o(i.TIM_TIxExternalClockConfig) refers to stm32f10x_tim.o(i.TI2_Config) for TI2_Config
    stm32f10x_tim.o(i.TIM_TIxExternalClockConfig) refers to stm32f10x_tim.o(i.TI1_Config) for TI1_Config
    stm32f10x_tim.o(i.TIM_TIxExternalClockConfig) refers to stm32f10x_tim.o(i.TIM_SelectInputTrigger) for TIM_SelectInputTrigger
    stm32f10x_usart.o(i.USART_DeInit) refers to stm32f10x_rcc.o(i.RCC_APB2PeriphResetCmd) for RCC_APB2PeriphResetCmd
    stm32f10x_usart.o(i.USART_DeInit) refers to stm32f10x_rcc.o(i.RCC_APB1PeriphResetCmd) for RCC_APB1PeriphResetCmd
    stm32f10x_usart.o(i.USART_Init) refers to stm32f10x_rcc.o(i.RCC_GetClocksFreq) for RCC_GetClocksFreq
    stm32f10x_adc.o(i.ADC_DeInit) refers to stm32f10x_rcc.o(i.RCC_APB2PeriphResetCmd) for RCC_APB2PeriphResetCmd
[...]
    Removing stm32f10x_usart.o(i.USART_DeInit), (156 bytes).
    Removing stm32f10x_usart.o(i.USART_HalfDuplexCmd), (24 bytes).
    Removing stm32f10x_usart.o(i.USART_IrDACmd), (24 bytes).
    Removing stm32f10x_usart.o(i.USART_IrDAConfig), (18 bytes).
    Removing stm32f10x_usart.o(i.USART_LINBreakDetectLengthConfig), (18 bytes).
    Removing stm32f10x_usart.o(i.USART_LINCmd), (24 bytes).
    Removing stm32f10x_usart.o(i.USART_OneBitMethodCmd), (24 bytes).
    Removing stm32f10x_usart.o(i.USART_OverSampling8Cmd), (22 bytes).
    Removing stm32f10x_usart.o(i.USART_ReceiverWakeUpCmd), (24 bytes).
    Removing stm32f10x_usart.o(i.USART_SendBreak), (10 bytes).
    Removing stm32f10x_usart.o(i.USART_SetAddress), (18 bytes).
    Removing stm32f10x_usart.o(i.USART_SetGuardTime), (16 bytes).
    Removing stm32f10x_usart.o(i.USART_SetPrescaler), (16 bytes).
    Removing stm32f10x_usart.o(i.USART_SmartCardCmd), (24 bytes).
    Removing stm32f10x_usart.o(i.USART_SmartCardNACKCmd), (24 bytes).
    Removing stm32f10x_usart.o(i.USART_StructInit), (24 bytes).
    Removing stm32f10x_usart.o(i.USART_WakeUpConfig), (18 bytes).
    Removing stm32f10x_adc.o(.rev16_text), (4 bytes).
    Removing stm32f10x_adc.o(.revsh_text), (4 bytes).
    Removing stm32f10x_adc.o(.rrx_text), (6 bytes).
    Removing stm32f10x_adc.o(i.ADC_AnalogWatchdogCmd), (20 bytes).
    Removing stm32f10x_adc.o(i.ADC_AnalogWatchdogSingleChannelConfig), (16 bytes).
    Removing stm32f10x_adc.o(i.ADC_AnalogWatchdogThresholdsConfig), (6 bytes).
    Removing stm32f10x_adc.o(i.ADC_AutoInjectedConvCmd), (22 bytes).
    Removing stm32f10x_adc.o(i.ADC_ClearFlag), (6 bytes).
    Removing stm32f10x_adc.o(i.ADC_ClearITPendingBit), (10 bytes).
    Removing stm32f10x_adc.o(i.ADC_DMACmd), (22 bytes).
    Removing stm32f10x_adc.o(i.ADC_DiscModeChannelCountConfig), (24 bytes).
    Removing stm32f10x_adc.o(i.ADC_DiscModeCmd), (22 bytes).
    Removing stm32f10x_adc.o(i.ADC_ExternalTrigConvCmd), (22 bytes).
    Removing stm32f10x_adc.o(i.ADC_ExternalTrigInjectedConvCmd), (22 bytes).
    Removing stm32f10x_adc.o(i.ADC_ExternalTrigInjectedConvConfig), (16 bytes).
    Removing stm32f10x_adc.o(i.ADC_GetConversionValue), (8 bytes).
    Removing stm32f10x_adc.o(i.ADC_GetDualModeConversionValue), (12 bytes).
    Removing stm32f10x_adc.o(i.ADC_GetFlagStatus), (18 bytes).
    Removing stm32f10x_adc.o(i.ADC_GetITStatus), (36 bytes).
    Removing stm32f10x_adc.o(i.ADC_GetInjectedConversionValue), (28 bytes).
    Removing stm32f10x_adc.o(i.ADC_GetSoftwareStartConvStatus), (20 bytes).
    Removing stm32f10x_adc.o(i.ADC_GetSoftwareStartInjectedConvCmdStatus), (20 bytes).
    Removing stm32f10x_adc.o(i.ADC_ITConfig), (24 bytes).
    Removing stm32f10x_adc.o(i.ADC_InjectedChannelConfig), (130 bytes).
    Removing stm32f10x_adc.o(i.ADC_InjectedDiscModeCmd), (22 bytes).
    Removing stm32f10x_adc.o(i.ADC_InjectedSequencerLengthConfig), (24 bytes).
    Removing stm32f10x_adc.o(i.ADC_RegularChannelConfig), (184 bytes).
    Removing stm32f10x_adc.o(i.ADC_SetInjectedOffset), (20 bytes).
    Removing stm32f10x_adc.o(i.ADC_SoftwareStartConvCmd), (22 bytes).
    Removing stm32f10x_adc.o(i.ADC_SoftwareStartInjectedConvCmd), (22 bytes).
    Removing stm32f10x_adc.o(i.ADC_StructInit), (18 bytes).
    Removing stm32f10x_adc.o(i.ADC_TempSensorVrefintCmd), (36 bytes).
    Removing stm32f10x_flash.o(.rev16_text), (4 bytes).
    Removing stm32f10x_flash.o(.revsh_text), (4 bytes).
    Removing stm32f10x_flash.o(.rrx_text), (6 bytes).
    Removing stm32f10x_flash.o(i.FLASH_EnableWriteProtection), (196 bytes).
    Removing stm32f10x_flash.o(i.FLASH_EraseAllBank1Pages), (72 bytes).
    Removing stm32f10x_flash.o(i.FLASH_EraseAllPages), (72 bytes).
    Removing stm32f10x_flash.o(i.FLASH_EraseOptionBytes), (168 bytes).
    Removing stm32f10x_flash.o(i.FLASH_GetFlagStatus), (48 bytes).
    Removing stm32f10x_flash.o(i.FLASH_GetPrefetchBufferStatus), (24 bytes).
    Removing stm32f10x_flash.o(i.FLASH_GetReadOutProtectionStatus), (24 bytes).
    Removing stm32f10x_flash.o(i.FLASH_GetStatus), (52 bytes).
    Removing stm32f10x_flash.o(i.FLASH_GetUserOptionByte), (12 bytes).
    Removing stm32f10x_flash.o(i.FLASH_GetWriteProtectionOptionByte), (12 bytes).
    Removing stm32f10x_flash.o(i.FLASH_HalfCycleAccessCmd), (28 bytes).
    Removing stm32f10x_flash.o(i.FLASH_ITConfig), (32 bytes).
    Removing stm32f10x_flash.o(i.FLASH_LockBank1), (20 bytes).
    Removing stm32f10x_flash.o(i.FLASH_PrefetchBufferCmd), (28 bytes).
    Removing stm32f10x_flash.o(i.FLASH_ProgramOptionByteData), (84 bytes).
    Removing stm32f10x_flash.o(i.FLASH_ProgramWord), (108 bytes).
    Removing stm32f10x_flash.o(i.FLASH_ReadOutProtection), (172 bytes).
    Removing stm32f10x_flash.o(i.FLASH_SetLatency), (24 bytes).
    Removing stm32f10x_flash.o(i.FLASH_UnlockBank1), (24 bytes).
    Removing stm32f10x_flash.o(i.FLASH_UserOptionByteConfig), (104 bytes).
    Removing stm32f10x_flash.o(i.FLASH_WaitForLastBank1Operation), (38 bytes).
    Removing stm32_delay.o(.rev16_text), (4 bytes).
    Removing stm32_delay.o(.revsh_text), (4 bytes).
    Removing stm32_delay.o(.rrx_text), (6 bytes).
    Removing stm32_delay.o(i.STM32_Delay_ms), (76 bytes).
    Removing ds18b20.o(.rev16_text), (4 bytes).
    Removing ds18b20.o(.revsh_text), (4 bytes).
    Removing ds18b20.o(.rrx_text), (6 bytes).
    Removing ds18b20_1.o(.rev16_text), (4 bytes).
    Removing ds18b20_1.o(.revsh_text), (4 bytes).
    Removing ds18b20_1.o(.rrx_text), (6 bytes).
    Removing stm32f10x_wwdg.o(.rev16_text), (4 bytes).
    Removing stm32f10x_wwdg.o(.revsh_text), (4 bytes).
    Removing stm32f10x_wwdg.o(.rrx_text), (6 bytes).
    Removing stm32f10x_wwdg.o(i.WWDG_ClearFlag), (12 bytes).
    Removing stm32f10x_wwdg.o(i.WWDG_DeInit), (22 bytes).
    Removing stm32f10x_wwdg.o(i.WWDG_Enable), (16 bytes).
    Removing stm32f10x_wwdg.o(i.WWDG_EnableIT), (12 bytes).
    Removing stm32f10x_wwdg.o(i.WWDG_GetFlagStatus), (12 bytes).
    Removing stm32f10x_wwdg.o(i.WWDG_SetCounter), (16 bytes).
    Removing stm32f10x_wwdg.o(i.WWDG_SetPrescaler), (24 bytes).
    Removing stm32f10x_wwdg.o(i.WWDG_SetWindowValue), (28 bytes).
    Removing watchdog.o(.rev16_text), (4 bytes).
    Removing watchdog.o(.revsh_text), (4 bytes).
    Removing watchdog.o(.rrx_text), (6 bytes).
    Removing watchdog.o(i.watchdog_action), (8 bytes).
    Removing watchdog.o(i.watchdog_init), (14 bytes).
    Removing watchdog.o(i.wdinit), (36 bytes).
    Removing stm32f10x_iwdg.o(.rev16_text), (4 bytes).
    Removing stm32f10x_iwdg.o(.revsh_text), (4 bytes).
    Removing stm32f10x_iwdg.o(.rrx_text), (6 bytes).
    Removing stm32f10x_iwdg.o(i.IWDG_Enable), (16 bytes).
    Removing stm32f10x_iwdg.o(i.IWDG_GetFlagStatus), (24 bytes).
    Removing stm32f10x_iwdg.o(i.IWDG_ReloadCounter), (16 bytes).
    Removing stm32f10x_iwdg.o(i.IWDG_SetPrescaler), (12 bytes).
    Removing stm32f10x_iwdg.o(i.IWDG_SetReload), (12 bytes).
    Removing stm32f10x_iwdg.o(i.IWDG_WriteAccessCmd), (12 bytes).
    Removing stm32f1_timer2.o(.rev16_text), (4 bytes).
    Removing stm32f1_timer2.o(.revsh_text), (4 bytes).
    Removing stm32f1_timer2.o(.rrx_text), (6 bytes).
    Removing stm32f1_timer3.o(.rev16_text), (4 bytes).
    Removing stm32f1_timer3.o(.revsh_text), (4 bytes).
    Removing stm32f1_timer3.o(.rrx_text), (6 bytes).
    Removing key.o(.rev16_text), (4 bytes).
    Removing key.o(.revsh_text), (4 bytes).
    Removing key.o(.rrx_text), (6 bytes).
    Removing key.o(i.zhSCM_GPIOConfig), (268 bytes).
    Removing key.o(i.zhSCM_initKeyState), (6 bytes).
    Removing key.o(i.zhSCM_keyState), (116 bytes).
    Removing flash_rw.o(.rev16_text), (4 bytes).
    Removing flash_rw.o(.revsh_text), (4 bytes).
    Removing flash_rw.o(.rrx_text), (6 bytes).
    Removing outputdrive.o(.rev16_text), (4 bytes).
    Removing outputdrive.o(.revsh_text), (4 bytes).
    Removing outputdrive.o(.rrx_text), (6 bytes).
    Removing outputdrive.o(i.RelayTest), (512 bytes).
    Removing stm32f1_uart1.o(.rev16_text), (4 bytes).
    Removing stm32f1_uart1.o(.revsh_text), (4 bytes).
    Removing stm32f1_uart1.o(.rrx_text), (6 bytes).
    Removing stm32f1_uart1.o(i.STM32F1_UART1SendData), (32 bytes).
    Removing stm32f1_uart1.o(i.STM32F1_UART1SendDataS), (60 bytes).
    Removing stm32f1_uart2.o(.rev16_text), (4 bytes).
    Removing stm32f1_uart2.o(.revsh_text), (4 bytes).
    Removing stm32f1_uart2.o(.rrx_text), (6 bytes).
    Removing stm32f1_uart2.o(i.STM32F1_UART2SendData), (32 bytes).
    Removing stm32f1_uart2.o(i.STM32F1_UART2SendDataS), (60 bytes).
    Removing stm32f1_uart2.o(i.uartSendUartRelay), (64 bytes).
    Removing stm32f1_uart3.o(.rev16_text), (4 bytes).
    Removing stm32f1_uart3.o(.revsh_text), (4 bytes).
    Removing stm32f1_uart3.o(.rrx_text), (6 bytes).
    Removing stm32f1_uart3.o(i.STM32F1_UART3SendData), (32 bytes).
    Removing stm32f1_adc1.o(.rev16_text), (4 bytes).
    Removing stm32f1_adc1.o(.revsh_text), (4 bytes).
    Removing stm32f1_adc1.o(.rrx_text), (6 bytes).
    Removing stm32f1_adc1.o(i.Get_Adc13), (52 bytes).
    Removing stm32f1_adc1.o(i.Get_Adc_Average), (40 bytes).
    Removing stm32f1_adc2.o(.rev16_text), (4 bytes).
    Removing stm32f1_adc2.o(.revsh_text), (4 bytes).
    Removing stm32f1_adc2.o(.rrx_text), (6 bytes).
    Removing stm32f1_adc2.o(i.Get_Adc11), (52 bytes).
    Removing stm32f1_adc2.o(i.Get_Adc2_Average), (40 bytes).
    Removing inputdrive.o(.rev16_text), (4 bytes).
    Removing inputdrive.o(.revsh_text), (4 bytes).
    Removing inputdrive.o(.rrx_text), (6 bytes).
    Removing system_stm32f10x.o(.rev16_text), (4 bytes).
    Removing system_stm32f10x.o(.revsh_text), (4 bytes).
    Removing system_stm32f10x.o(.rrx_text), (6 bytes).
    Removing system_stm32f10x.o(i.SystemCoreClockUpdate), (256 bytes).

324 unused section(s) (total 10480 bytes) removed from the image.

==============================================================================

Image Symbol Table

    Local Symbols

    Symbol Name                              Value     Ov Type        Size  Object(Section)

    ../clib/angel/boardlib.s                 0x00000000   Number         0  boardshut.o ABSOLUTE
    ../clib/angel/boardlib.s                 0x00000000   Number         0  boardinit3.o ABSOLUTE
    ../clib/angel/boardlib.s                 0x00000000   Number         0  boardinit2.o ABSOLUTE
    ../clib/angel/boardlib.s                 0x00000000   Number         0  boardinit1.o ABSOLUTE
    ../clib/angel/handlers.s                 0x00000000   Number         0  __scatter_copy.o ABSOLUTE
    ../clib/angel/handlers.s                 0x00000000   Number         0  __scatter_zi.o ABSOLUTE
    ../clib/angel/kernel.s                   0x00000000   Number         0  __rtentry4.o ABSOLUTE
    ../clib/angel/kernel.s                   0x00000000   Number         0  __rtentry2.o ABSOLUTE
    ../clib/angel/kernel.s                   0x00000000   Number         0  rtexit.o ABSOLUTE
    ../clib/angel/kernel.s                   0x00000000   Number         0  rtexit2.o ABSOLUTE
    ../clib/angel/kernel.s                   0x00000000   Number         0  __rtentry.o ABSOLUTE
    ../clib/angel/rt.s                       0x00000000   Number         0  rt_raise.o ABSOLUTE
    ../clib/angel/scatter.s                  0x00000000   Number         0  __scatter.o ABSOLUTE
    ../clib/angel/startup.s                  0x00000000   Number         0  __main.o ABSOLUTE
    ../clib/angel/sys.s                      0x00000000   Number         0  sys_stackheap_outer.o ABSOLUTE
    ../clib/angel/sys.s                      0x00000000   Number         0  use_no_semi.o ABSOLUTE
    ../clib/angel/sys.s                      0x00000000   Number         0  indicate_semi.o ABSOLUTE
    ../clib/angel/sys.s                      0x00000000   Number         0  libspace.o ABSOLUTE
    ../clib/angel/sysapp.c                   0x00000000   Number         0  sys_command.o ABSOLUTE
    ../clib/angel/sysapp.c                   0x00000000   Number         0  sys_wrch.o ABSOLUTE
    ../clib/angel/sysapp.c                   0x00000000   Number         0  sys_exit.o ABSOLUTE
    ../clib/armsys.c                         0x00000000   Number         0  _get_argv_nomalloc.o ABSOLUTE
    ../clib/armsys.c                         0x00000000   Number         0  no_argv.o ABSOLUTE
    ../clib/armsys.c                         0x00000000   Number         0  argv_veneer.o ABSOLUTE
    ../clib/armsys.c                         0x00000000   Number         0  argv_veneer.o ABSOLUTE
    ../clib/heapalloc.c                      0x00000000   Number         0  hrguard.o ABSOLUTE
    ../clib/heapaux.c                        0x00000000   Number         0  heapauxi.o ABSOLUTE
    ../clib/libinit.s                        0x00000000   Number         0  libshutdown.o ABSOLUTE
    ../clib/libinit.s                        0x00000000   Number         0  libinit.o ABSOLUTE
    ../clib/libinit.s                        0x00000000   Number         0  libinit2.o ABSOLUTE
    ../clib/libinit.s                        0x00000000   Number         0  libshutdown2.o ABSOLUTE
    ../clib/memcpset.s                       0x00000000   Number         0  rt_memclr_w.o ABSOLUTE
    ../clib/signal.c                         0x00000000   Number         0  defsig_rtmem_inner.o ABSOLUTE
    ../clib/signal.c                         0x00000000   Number         0  __raise.o ABSOLUTE
    ../clib/signal.c                         0x00000000   Number         0  defsig_general.o ABSOLUTE
    ../clib/signal.c                         0x00000000   Number         0  defsig_exit.o ABSOLUTE
    ../clib/signal.c                         0x00000000   Number         0  defsig_abrt_inner.o ABSOLUTE
    ../clib/signal.c                         0x00000000   Number         0  defsig_fpe_inner.o ABSOLUTE
    ../clib/signal.c                         0x00000000   Number         0  defsig_rtred_inner.o ABSOLUTE
    ../clib/signal.c                         0x00000000   Number         0  defsig_stak_inner.o ABSOLUTE
    ../clib/signal.c                         0x00000000   Number         0  defsig_other.o ABSOLUTE
    ../clib/signal.c                         0x00000000   Number         0  defsig_segv_inner.o ABSOLUTE
    ../clib/signal.c                         0x00000000   Number         0  defsig_cppl_inner.o ABSOLUTE
    ../clib/signal.c                         0x00000000   Number         0  defsig_pvfn_inner.o ABSOLUTE
    ../clib/signal.c                         0x00000000   Number         0  defsig_rtmem_outer.o ABSOLUTE
    ../clib/signal.c                         0x00000000   Number         0  defsig_rtmem_formal.o ABSOLUTE
    ../clib/signal.s                         0x00000000   Number         0  defsig.o ABSOLUTE
    ../clib/stdlib.c                         0x00000000   Number         0  exit.o ABSOLUTE
    ../fplib/dfix.s                          0x00000000   Number         0  dfix.o ABSOLUTE
    ../fplib/dflt.s                          0x00000000   Number         0  dflt_clz.o ABSOLUTE
    ../fplib/dmul.s                          0x00000000   Number         0  dmul.o ABSOLUTE
    ../fplib/dnaninf.s                       0x00000000   Number         0  dnaninf.o ABSOLUTE
    ../fplib/dretinf.s                       0x00000000   Number         0  dretinf.o ABSOLUTE
    ../fplib/fpinit.s                        0x00000000   Number         0  fpinit.o ABSOLUTE
    ../fplib/usenofp.s                       0x00000000   Number         0  usenofp.o ABSOLUTE
    RTE\Device\STM32F105VC\startup_stm32f10x_cl.s 0x00000000   Number         0  startup_stm32f10x_cl.o ABSOLUTE
    RTE\Device\STM32F105VC\system_stm32f10x.c 0x00000000   Number         0  system_stm32f10x.o ABSOLUTE
    RTE\\Device\\STM32F105VC\\system_stm32f10x.c 0x00000000   Number         0  system_stm32f10x.o ABSOLUTE
    dc.s                                     0x00000000   Number         0  dc.o ABSOLUTE
    dev\InputDrive.c                         0x00000000   Number         0  inputdrive.o ABSOLUTE
    dev\OutputDrive.c                        0x00000000   Number         0  outputdrive.o ABSOLUTE
    dev\STM32F1_ADC1.c                       0x00000000   Number         0  stm32f1_adc1.o ABSOLUTE
    dev\STM32F1_ADC2.c                       0x00000000   Number         0  stm32f1_adc2.o ABSOLUTE
    dev\STM32F1_UART1.c                      0x00000000   Number         0  stm32f1_uart1.o ABSOLUTE
    dev\STM32F1_UART2.c                      0x00000000   Number         0  stm32f1_uart2.o ABSOLUTE
    dev\STM32F1_UART3.c                      0x00000000   Number         0  stm32f1_uart3.o ABSOLUTE
    dev\STM32_Delay.c                        0x00000000   Number         0  stm32_delay.o ABSOLUTE
    dev\Stm32F1_Timer2.c                     0x00000000   Number         0  stm32f1_timer2.o ABSOLUTE
    dev\Stm32F1_Timer3.c                     0x00000000   Number         0  stm32f1_timer3.o ABSOLUTE
    dev\\InputDrive.c                        0x00000000   Number         0  inputdrive.o ABSOLUTE
    dev\\OutputDrive.c                       0x00000000   Number         0  outputdrive.o ABSOLUTE
    dev\\STM32F1_ADC1.c                      0x00000000   Number         0  stm32f1_adc1.o ABSOLUTE
    dev\\STM32F1_ADC2.c                      0x00000000   Number         0  stm32f1_adc2.o ABSOLUTE
    dev\\STM32F1_UART1.c                     0x00000000   Number         0  stm32f1_uart1.o ABSOLUTE
    dev\\STM32F1_UART2.c                     0x00000000   Number         0  stm32f1_uart2.o ABSOLUTE
    dev\\STM32F1_UART3.c                     0x00000000   Number         0  stm32f1_uart3.o ABSOLUTE
    dev\\STM32_Delay.c                       0x00000000   Number         0  stm32_delay.o ABSOLUTE
    dev\\Stm32F1_Timer2.c                    0x00000000   Number         0  stm32f1_timer2.o ABSOLUTE
    dev\\Stm32F1_Timer3.c                    0x00000000   Number         0  stm32f1_timer3.o ABSOLUTE
    dev\\ds18b20.c                           0x00000000   Number         0  ds18b20.o ABSOLUTE
    dev\\ds18b20_1.c                         0x00000000   Number         0  ds18b20_1.o ABSOLUTE
    dev\\flash_rw.c                          0x00000000   Number         0  flash_rw.o ABSOLUTE
    dev\\key.c                               0x00000000   Number         0  key.o ABSOLUTE
    dev\\stm32f10x_iwdg.c                    0x00000000   Number         0  stm32f10x_iwdg.o ABSOLUTE
    dev\\stm32f10x_wwdg.c                    0x00000000   Number         0  stm32f10x_wwdg.o ABSOLUTE
    dev\\watchdog.c                          0x00000000   Number         0  watchdog.o ABSOLUTE
    dev\ds18b20.c                            0x00000000   Number         0  ds18b20.o ABSOLUTE
    dev\ds18b20_1.c                          0x00000000   Number         0  ds18b20_1.o ABSOLUTE
    dev\flash_rw.c                           0x00000000   Number         0  flash_rw.o ABSOLUTE
    dev\key.c                                0x00000000   Number         0  key.o ABSOLUTE
    dev\stm32f10x_iwdg.c                     0x00000000   Number         0  stm32f10x_iwdg.o ABSOLUTE
    dev\stm32f10x_wwdg.c                     0x00000000   Number         0  stm32f10x_wwdg.o ABSOLUTE
    dev\watchdog.c                           0x00000000   Number         0  watchdog.o ABSOLUTE
    libs\\src\\misc.c                        0x00000000   Number         0  misc.o ABSOLUTE
    libs\\src\\stm32f10x_adc.c               0x00000000   Number         0  stm32f10x_adc.o ABSOLUTE
    libs\\src\\stm32f10x_flash.c             0x00000000   Number         0  stm32f10x_flash.o ABSOLUTE
    libs\\src\\stm32f10x_gpio.c              0x00000000   Number         0  stm32f10x_gpio.o ABSOLUTE
    libs\\src\\stm32f10x_rcc.c               0x00000000   Number         0  stm32f10x_rcc.o ABSOLUTE
    libs\\src\\stm32f10x_tim.c               0x00000000   Number         0  stm32f10x_tim.o ABSOLUTE
    libs\\src\\stm32f10x_usart.c             0x00000000   Number         0  stm32f10x_usart.o ABSOLUTE
    libs\src\misc.c                          0x00000000   Number         0  misc.o ABSOLUTE
    libs\src\stm32f10x_adc.c                 0x00000000   Number         0  stm32f10x_adc.o ABSOLUTE
    libs\src\stm32f10x_flash.c               0x00000000   Number         0  stm32f10x_flash.o ABSOLUTE
    libs\src\stm32f10x_gpio.c                0x00000000   Number         0  stm32f10x_gpio.o ABSOLUTE
    libs\src\stm32f10x_rcc.c                 0x00000000   Number         0  stm32f10x_rcc.o ABSOLUTE
    libs\src\stm32f10x_tim.c                 0x00000000   Number         0  stm32f10x_tim.o ABSOLUTE
    libs\src\stm32f10x_usart.c               0x00000000   Number         0  stm32f10x_usart.o ABSOLUTE
    user\\main.c                             0x00000000   Number         0  main.o ABSOLUTE
    user\main.c                              0x00000000   Number         0  main.o ABSOLUTE
    user\mini-data.c                         0x00000000   Number         0  mini-data.o ABSOLUTE
    RESET                                    0x08000000   Section      336  startup_stm32f10x_cl.o(RESET)
    !!!main                                  0x08000150   Section        8  __main.o(!!!main)
    !!!scatter                               0x08000158   Section       52  __scatter.o(!!!scatter)
    !!handler_copy                           0x0800018c   Section       26  __scatter_copy.o(!!handler_copy)
    !!handler_zi                             0x080001a8   Section       28  __scatter_zi.o(!!handler_zi)
    .ARM.Collect$$libinit$$00000000          0x080001c4   Section        2  libinit.o(.ARM.Collect$$libinit$$00000000)
    .ARM.Collect$$libinit$$00000002          0x080001c6   Section        0  libinit2.o(.ARM.Collect$$libinit$$00000002)
    .ARM.Collect$$libinit$$00000004          0x080001c6   Section        0  libinit2.o(.ARM.Collect$$libinit$$00000004)
    .ARM.Collect$$libinit$$0000000A          0x080001c6   Section        0  libinit2.o(.ARM.Collect$$libinit$$0000000A)
    .ARM.Collect$$libinit$$0000000C          0x080001c6   Section        0  libinit2.o(.ARM.Collect$$libinit$$0000000C)
    .ARM.Collect$$libinit$$0000000E          0x080001c6   Section        0  libinit2.o(.ARM.Collect$$libinit$$0000000E)
    .ARM.Collect$$libinit$$00000011          0x080001c6   Section        0  libinit2.o(.ARM.Collect$$libinit$$00000011)
    .ARM.Collect$$libinit$$00000013          0x080001c6   Section        0  libinit2.o(.ARM.Collect$$libinit$$00000013)
    .ARM.Collect$$libinit$$00000015          0x080001c6   Section        0  libinit2.o(.ARM.Collect$$libinit$$00000015)
    .ARM.Collect$$libinit$$00000017          0x080001c6   Section        0  libinit2.o(.ARM.Collect$$libinit$$00000017)
    .ARM.Collect$$libinit$$00000019          0x080001c6   Section        0  libinit2.o(.ARM.Collect$$libinit$$00000019)
    .ARM.Collect$$libinit$$0000001B          0x080001c6   Section        0  libinit2.o(.ARM.Collect$$libinit$$0000001B)
    .ARM.Collect$$libinit$$0000001D          0x080001c6   Section        0  libinit2.o(.ARM.Collect$$libinit$$0000001D)
    .ARM.Collect$$libinit$$0000001F          0x080001c6   Section        0  libinit2.o(.ARM.Collect$$libinit$$0000001F)
    .ARM.Collect$$libinit$$00000021          0x080001c6   Section        0  libinit2.o(.ARM.Collect$$libinit$$00000021)
    .ARM.Collect$$libinit$$00000023          0x080001c6   Section        0  libinit2.o(.ARM.Collect$$libinit$$00000023)
    .ARM.Collect$$libinit$$00000025          0x080001c6   Section        0  libinit2.o(.ARM.Collect$$libinit$$00000025)
    .ARM.Collect$$libinit$$0000002C          0x080001c6   Section        0  libinit2.o(.ARM.Collect$$libinit$$0000002C)
    .ARM.Collect$$libinit$$0000002E          0x080001c6   Section        0  libinit2.o(.ARM.Collect$$libinit$$0000002E)
    .ARM.Collect$$libinit$$00000030          0x080001c6   Section        0  libinit2.o(.ARM.Collect$$libinit$$00000030)
    .ARM.Collect$$libinit$$00000032          0x080001c6   Section        0  libinit2.o(.ARM.Collect$$libinit$$00000032)
    .ARM.Collect$$libinit$$00000033          0x080001c6   Section        2  libinit2.o(.ARM.Collect$$libinit$$00000033)
    .ARM.Collect$$libshutdown$$00000000      0x080001c8   Section        2  libshutdown.o(.ARM.Collect$$libshutdown$$00000000)
    .ARM.Collect$$libshutdown$$00000002      0x080001ca   Section        0  libshutdown2.o(.ARM.Collect$$libshutdown$$00000002)
    .ARM.Collect$$libshutdown$$00000004      0x080001ca   Section        0  libshutdown2.o(.ARM.Collect$$libshutdown$$00000004)
    .ARM.Collect$$libshutdown$$00000007      0x080001ca   Section        0  libshutdown2.o(.ARM.Collect$$libshutdown$$00000007)
    .ARM.Collect$$libshutdown$$0000000A      0x080001ca   Section        0  libshutdown2.o(.ARM.Collect$$libshutdown$$0000000A)
    .ARM.Collect$$libshutdown$$0000000C      0x080001ca   Section        0  libshutdown2.o(.ARM.Collect$$libshutdown$$0000000C)
    .ARM.Collect$$libshutdown$$0000000F      0x080001ca   Section        0  libshutdown2.o(.ARM.Collect$$libshutdown$$0000000F)
    .ARM.Collect$$libshutdown$$00000010      0x080001ca   Section        2  libshutdown2.o(.ARM.Collect$$libshutdown$$00000010)
    .ARM.Collect$$rtentry$$00000000          0x080001cc   Section        0  __rtentry.o(.ARM.Collect$$rtentry$$00000000)
    .ARM.Collect$$rtentry$$00000002          0x080001cc   Section        0  __rtentry2.o(.ARM.Collect$$rtentry$$00000002)
    .ARM.Collect$$rtentry$$00000004          0x080001cc   Section        6  __rtentry4.o(.ARM.Collect$$rtentry$$00000004)
    .ARM.Collect$$rtentry$$00000009          0x080001d2   Section        0  __rtentry2.o(.ARM.Collect$$rtentry$$00000009)
    .ARM.Collect$$rtentry$$0000000A          0x080001d2   Section        4  __rtentry2.o(.ARM.Collect$$rtentry$$0000000A)
    .ARM.Collect$$rtentry$$0000000C          0x080001d6   Section        0  __rtentry2.o(.ARM.Collect$$rtentry$$0000000C)
    .ARM.Collect$$rtentry$$0000000D          0x080001d6   Section        8  __rtentry2.o(.ARM.Collect$$rtentry$$0000000D)
    .ARM.Collect$$rtexit$$00000000           0x080001de   Section        2  rtexit.o(.ARM.Collect$$rtexit$$00000000)
    .ARM.Collect$$rtexit$$00000002           0x080001e0   Section        0  rtexit2.o(.ARM.Collect$$rtexit$$00000002)
    .ARM.Collect$$rtexit$$00000003           0x080001e0   Section        4  rtexit2.o(.ARM.Collect$$rtexit$$00000003)
    .ARM.Collect$$rtexit$$00000004           0x080001e4   Section        6  rtexit2.o(.ARM.Collect$$rtexit$$00000004)
    .text                                    0x080001ec   Section       64  startup_stm32f10x_cl.o(.text)
    .text                                    0x0800022c   Section       78  rt_memclr_w.o(.text)
    .text                                    0x0800027a   Section        0  heapauxi.o(.text)
    .text                                    0x08000280   Section       74  sys_stackheap_outer.o(.text)
    .text                                    0x080002ca   Section        0  exit.o(.text)
    .text                                    0x080002dc   Section        8  libspace.o(.text)
    .text                                    0x080002e4   Section        0  sys_exit.o(.text)
    .text                                    0x080002f0   Section        2  use_no_semi.o(.text)
    .text                                    0x080002f2   Section        0  indicate_semi.o(.text)
    i.ADC_Cmd                                0x080002f2   Section        0  stm32f10x_adc.o(i.ADC_Cmd)
    i.ADC_DeInit                             0x08000308   Section        0  stm32f10x_adc.o(i.ADC_DeInit)
    i.ADC_GetCalibrationStatus               0x08000364   Section        0  stm32f10x_adc.o(i.ADC_GetCalibrationStatus)
    i.ADC_GetResetCalibrationStatus          0x08000378   Section        0  stm32f10x_adc.o(i.ADC_GetResetCalibrationStatus)
    i.ADC_Init                               0x0800038c   Section        0  stm32f10x_adc.o(i.ADC_Init)
    i.ADC_ResetCalibration                   0x080003dc   Section        0  stm32f10x_adc.o(i.ADC_ResetCalibration)
    i.ADC_StartCalibration                   0x080003e6   Section        0  stm32f10x_adc.o(i.ADC_StartCalibration)
    i.Adc2_Init                              0x080003f0   Section        0  stm32f1_adc2.o(i.Adc2_Init)
    i.Adc_Init                               0x08000480   Section        0  stm32f1_adc1.o(i.Adc_Init)
    i.DS18B20_Check                          0x08000510   Section        0  ds18b20.o(i.DS18B20_Check)
    i.DS18B20_Check1                         0x08000568   Section        0  ds18b20_1.o(i.DS18B20_Check1)
    i.DS18B20_DQ1_IN                         0x080005c0   Section        0  ds18b20_1.o(i.DS18B20_DQ1_IN)
    i.DS18B20_DQ1_OUT                        0x080005e4   Section        0  ds18b20_1.o(i.DS18B20_DQ1_OUT)
    i.DS18B20_DQ_IN                          0x08000608   Section        0  ds18b20.o(i.DS18B20_DQ_IN)
    i.DS18B20_DQ_OUT                         0x0800062c   Section        0  ds18b20.o(i.DS18B20_DQ_OUT)
    i.DS18B20_Get_Temp                       0x08000650   Section        0  ds18b20.o(i.DS18B20_Get_Temp)
    i.DS18B20_Get_Temp1                      0x08000700   Section        0  ds18b20_1.o(i.DS18B20_Get_Temp1)
    i.DS18B20_Init                           0x080007b0   Section        0  ds18b20.o(i.DS18B20_Init)
    i.DS18B20_Init1                          0x080007e4   Section        0  ds18b20_1.o(i.DS18B20_Init1)
    i.DS18B20_Read_Bit                       0x08000818   Section        0  ds18b20.o(i.DS18B20_Read_Bit)
    i.DS18B20_Read_Bit1                      0x0800085c   Section        0  ds18b20_1.o(i.DS18B20_Read_Bit1)
    i.DS18B20_Read_Byte                      0x080008a0   Section        0  ds18b20.o(i.DS18B20_Read_Byte)
    i.DS18B20_Read_Byte1                     0x080008c2   Section        0  ds18b20_1.o(i.DS18B20_Read_Byte1)
    i.DS18B20_Rst                            0x080008e4   Section        0  ds18b20.o(i.DS18B20_Rst)
    i.DS18B20_Rst1                           0x08000910   Section        0  ds18b20_1.o(i.DS18B20_Rst1)
    i.DS18B20_Start                          0x0800093c   Section        0  ds18b20.o(i.DS18B20_Start)
    i.DS18B20_Start1                         0x08000954   Section        0  ds18b20_1.o(i.DS18B20_Start1)
    i.DS18B20_Write_Byte                     0x0800096c   Section        0  ds18b20.o(i.DS18B20_Write_Byte)
    i.DS18B20_Write_Byte1                    0x080009c8   Section        0  ds18b20_1.o(i.DS18B20_Write_Byte1)
    i.FLASH_ClearFlag                        0x08000a24   Section        0  stm32f10x_flash.o(i.FLASH_ClearFlag)
    i.FLASH_ErasePage                        0x08000a30   Section        0  stm32f10x_flash.o(i.FLASH_ErasePage)
    i.FLASH_GetBank1Status                   0x08000a7c   Section        0  stm32f10x_flash.o(i.FLASH_GetBank1Status)
    i.FLASH_Lock                             0x08000ab0   Section        0  stm32f10x_flash.o(i.FLASH_Lock)
    i.FLASH_ProgramHalfWord                  0x08000ac4   Section        0  stm32f10x_flash.o(i.FLASH_ProgramHalfWord)
    i.FLASH_ReadByte                         0x08000b04   Section        0  flash_rw.o(i.FLASH_ReadByte)
    i.FLASH_Unlock                           0x08000b1c   Section        0  stm32f10x_flash.o(i.FLASH_Unlock)
    i.FLASH_WaitForLastOperation             0x08000b34   Section        0  stm32f10x_flash.o(i.FLASH_WaitForLastOperation)
    i.FLASH_WriteByte                        0x08000b5a   Section        0  flash_rw.o(i.FLASH_WriteByte)
    i.GPIO_Init                              0x08000ba8   Section        0  stm32f10x_gpio.o(i.GPIO_Init)
    i.GPIO_ReadInputDataBit                  0x08000cbe   Section        0  stm32f10x_gpio.o(i.GPIO_ReadInputDataBit)
    i.GPIO_ResetBits                         0x08000cd0   Section        0  stm32f10x_gpio.o(i.GPIO_ResetBits)
    i.GPIO_SetBits                           0x08000cd4   Section        0  stm32f10x_gpio.o(i.GPIO_SetBits)
    i.InputDriveInit                         0x08000cd8   Section        0  inputdrive.o(i.InputDriveInit)
    i.NVIC_Init                              0x08000d74   Section        0  misc.o(i.NVIC_Init)
    i.NVIC_PriorityGroupConfig               0x08000de4   Section        0  misc.o(i.NVIC_PriorityGroupConfig)
    i.OutputDriveInit                        0x08000df8   Section        0  outputdrive.o(i.OutputDriveInit)
    i.RCC_ADCCLKConfig                       0x08000e00   Section        0  stm32f10x_rcc.o(i.RCC_ADCCLKConfig)
    i.RCC_APB1PeriphClockCmd                 0x08000e18   Section        0  stm32f10x_rcc.o(i.RCC_APB1PeriphClockCmd)
    i.RCC_APB2PeriphClockCmd                 0x08000e38   Section        0  stm32f10x_rcc.o(i.RCC_APB2PeriphClockCmd)
    i.RCC_APB2PeriphResetCmd                 0x08000e58   Section        0  stm32f10x_rcc.o(i.RCC_APB2PeriphResetCmd)
    i.RCC_GetClocksFreq                      0x08000e78   Section        0  stm32f10x_rcc.o(i.RCC_GetClocksFreq)
    i.Relay_Init                             0x08001008   Section        0  outputdrive.o(i.Relay_Init)
    i.STM32F1_UART1_Init                     0x08001258   Section        0  stm32f1_uart1.o(i.STM32F1_UART1_Init)
    i.STM32F1_UART2_Init                     0x08001300   Section        0  stm32f1_uart2.o(i.STM32F1_UART2_Init)
    i.STM32F1_UART3SendDataS                 0x080013a0   Section        0  stm32f1_uart3.o(i.STM32F1_UART3SendDataS)
    i.STM32F1_UART3_Init                     0x080013dc   Section        0  stm32f1_uart3.o(i.STM32F1_UART3_Init)
    i.STM32_Delay_init                       0x0800148c   Section        0  stm32_delay.o(i.STM32_Delay_init)
    i.STM32_Delay_us                         0x080014d0   Section        0  stm32_delay.o(i.STM32_Delay_us)
    i.SetSysClock                            0x0800151c   Section        0  system_stm32f10x.o(i.SetSysClock)
    SetSysClock                              0x0800151d   Thumb Code     8  system_stm32f10x.o(i.SetSysClock)
    i.SetSysClockTo72                        0x08001524   Section        0  system_stm32f10x.o(i.SetSysClockTo72)
    SetSysClockTo72                          0x08001525   Thumb Code   264  system_stm32f10x.o(i.SetSysClockTo72)
    i.Stm32F1_Timer2Init                     0x0800163c   Section        0  stm32f1_timer2.o(i.Stm32F1_Timer2Init)
    i.Stm32F1_Timer3Init                     0x08001694   Section        0  stm32f1_timer3.o(i.Stm32F1_Timer3Init)
    i.SysTick_CLKSourceConfig                0x080016f0   Section        0  misc.o(i.SysTick_CLKSourceConfig)
    i.SystemInit                             0x08001718   Section        0  system_stm32f10x.o(i.SystemInit)
    i.TIM2_IRQHandler                        0x08001784   Section        0  stm32f1_timer2.o(i.TIM2_IRQHandler)
    i.TIM3_IRQHandler                        0x08001790   Section        0  stm32f1_timer3.o(i.TIM3_IRQHandler)
    i.TIM_ClearITPendingBit                  0x08001814   Section        0  stm32f10x_tim.o(i.TIM_ClearITPendingBit)
    i.TIM_Cmd                                0x0800181a   Section        0  stm32f10x_tim.o(i.TIM_Cmd)
    i.TIM_ITConfig                           0x08001832   Section        0  stm32f10x_tim.o(i.TIM_ITConfig)
    i.TIM_TimeBaseInit                       0x08001844   Section        0  stm32f10x_tim.o(i.TIM_TimeBaseInit)
    i.USART1_IRQHandler                      0x080018e8   Section        0  stm32f1_uart1.o(i.USART1_IRQHandler)
    i.USART2_IRQHandler                      0x080019a8   Section        0  stm32f1_uart2.o(i.USART2_IRQHandler)
    i.USART3_IRQHandler                      0x08001a78   Section        0  stm32f1_uart3.o(i.USART3_IRQHandler)
    i.USART_Cmd                              0x08001b58   Section        0  stm32f10x_usart.o(i.USART_Cmd)
    i.USART_GetFlagStatus                    0x08001b70   Section        0  stm32f10x_usart.o(i.USART_GetFlagStatus)
    i.USART_GetITStatus                      0x08001b8a   Section        0  stm32f10x_usart.o(i.USART_GetITStatus)
    i.USART_ITConfig                         0x08001bde   Section        0  stm32f10x_usart.o(i.USART_ITConfig)
    i.USART_Init                             0x08001c28   Section        0  stm32f10x_usart.o(i.USART_Init)
    i.USART_ReceiveData                      0x08001d00   Section        0  stm32f10x_usart.o(i.USART_ReceiveData)
    i.USART_SendData                         0x08001d0a   Section        0  stm32f10x_usart.o(i.USART_SendData)
    i.main                                   0x08001d14   Section        0  main.o(i.main)
    i.miniDataCreate                         0x08001f3c   Section        0  mini-data.o(i.miniDataCreate)
    i.miniDataGet                            0x08001f86   Section        0  mini-data.o(i.miniDataGet)
    i.recvLogic                              0x0800202a   Section        0  stm32f1_uart3.o(i.recvLogic)
    i.setFlashData                           0x080020ac   Section        0  main.o(i.setFlashData)
    i.uart3Send                              0x08002104   Section        0  stm32f1_uart3.o(i.uart3Send)
    i.uart3SendNull                          0x0800217a   Section        0  stm32f1_uart3.o(i.uart3SendNull)
    i.uartRelayProc                          0x08002190   Section        0  stm32f1_uart2.o(i.uartRelayProc)
    x$fpl$dfix                               0x080023dc   Section       94  dfix.o(x$fpl$dfix)
    x$fpl$dflt                               0x0800243a   Section       46  dflt_clz.o(x$fpl$dflt)
    x$fpl$dmul                               0x08002468   Section      340  dmul.o(x$fpl$dmul)
    x$fpl$dnaninf                            0x080025bc   Section      156  dnaninf.o(x$fpl$dnaninf)
    x$fpl$dretinf                            0x08002658   Section       12  dretinf.o(x$fpl$dretinf)
    x$fpl$usenofp                            0x08002664   Section        0  usenofp.o(x$fpl$usenofp)
    .data                                    0x20000000   Section       84  main.o(.data)
    .data                                    0x20000054   Section       20  stm32f10x_rcc.o(.data)
    APBAHBPrescTable                         0x20000054   Data          16  stm32f10x_rcc.o(.data)
    ADCPrescTable                            0x20000064   Data           4  stm32f10x_rcc.o(.data)
    .data                                    0x20000068   Section        4  stm32_delay.o(.data)
    .data                                    0x2000006c   Section       12  stm32f1_uart1.o(.data)
    .data                                    0x20000078   Section       12  stm32f1_uart2.o(.data)
    .data                                    0x20000084   Section       12  stm32f1_uart3.o(.data)
    .data                                    0x20000090   Section       20  system_stm32f10x.o(.data)
    .bss                                     0x200000a4   Section      148  stm32f1_uart1.o(.bss)
    .bss                                     0x20000138   Section      148  stm32f1_uart2.o(.bss)
    .bss                                     0x200001cc   Section      148  stm32f1_uart3.o(.bss)
    .bss                                     0x20000260   Section       96  libspace.o(.bss)
    HEAP                                     0x200002c0   Section      512  startup_stm32f10x_cl.o(HEAP)
    Heap_Mem                                 0x200002c0   Data         512  startup_stm32f10x_cl.o(HEAP)
    STACK                                    0x200004c0   Section     1024  startup_stm32f10x_cl.o(STACK)
    Stack_Mem                                0x200004c0   Data        1024  startup_stm32f10x_cl.o(STACK)
    __initial_sp                             0x200008c0   Data           0  startup_stm32f10x_cl.o(STACK)

    Global Symbols

    Symbol Name                              Value     Ov Type        Size  Object(Section)

    BuildAttributes$$THM_ISAv4$P$D$K$B$S$PE$A:L22UL41UL21$X:L11$S22US41US21$IEEE1$IW$USESV6$~STKCKD$USESV7$~SHL$OSPACE$ROPI$EBA8$UX$STANDARDLIB$REQ8$PRES8$EABIv2 0x00000000   Number         0  anon$$obj.o ABSOLUTE
    __ARM_use_no_argv                        0x00000000   Number         0  main.o ABSOLUTE
    __ARM_exceptions_init                     - Undefined Weak Reference
    __alloca_initialize                       - Undefined Weak Reference
    __arm_preinit_                            - Undefined Weak Reference
    __cpp_initialize__aeabi_                  - Undefined Weak Reference
    __cxa_finalize                            - Undefined Weak Reference
    __rt_locale                               - Undefined Weak Reference
    __sigvec_lookup                           - Undefined Weak Reference
    _atexit_init                              - Undefined Weak Reference
    _call_atexit_fns                          - Undefined Weak Reference
    _clock_init                               - Undefined Weak Reference
    _fp_trap_init                             - Undefined Weak Reference
    _fp_trap_shutdown                         - Undefined Weak Reference
    _get_lc_collate                           - Undefined Weak Reference
    _get_lc_ctype                             - Undefined Weak Reference
    _get_lc_monetary                          - Undefined Weak Reference
    _get_lc_numeric                           - Undefined Weak Reference
    _get_lc_time                              - Undefined Weak Reference
    _getenv_init                              - Undefined Weak Reference
    _handle_redirection                       - Undefined Weak Reference
    _init_alloc                               - Undefined Weak Reference
    _init_user_alloc                          - Undefined Weak Reference
    _initio                                   - Undefined Weak Reference
    _rand_init                                - Undefined Weak Reference
    _signal_finish                            - Undefined Weak Reference
    _signal_init                              - Undefined Weak Reference
    _terminate_alloc                          - Undefined Weak Reference
    _terminate_user_alloc                     - Undefined Weak Reference
    _terminateio                              - Undefined Weak Reference
    __Vectors_Size                           0x00000150   Number         0  startup_stm32f10x_cl.o ABSOLUTE
    __Vectors                                0x08000000   Data           4  startup_stm32f10x_cl.o(RESET)
    __Vectors_End                            0x08000150   Data           0  startup_stm32f10x_cl.o(RESET)
    __main                                   0x08000151   Thumb Code     8  __main.o(!!!main)
    __scatterload                            0x08000159   Thumb Code     0  __scatter.o(!!!scatter)
    __scatterload_rt2                        0x08000159   Thumb Code    44  __scatter.o(!!!scatter)
    __scatterload_rt2_thumb_only             0x08000159   Thumb Code     0  __scatter.o(!!!scatter)
    __scatterload_null                       0x08000167   Thumb Code     0  __scatter.o(!!!scatter)
    __scatterload_copy                       0x0800018d   Thumb Code    26  __scatter_copy.o(!!handler_copy)
    __scatterload_zeroinit                   0x080001a9   Thumb Code    28  __scatter_zi.o(!!handler_zi)
    __rt_lib_init                            0x080001c5   Thumb Code     0  libinit.o(.ARM.Collect$$libinit$$00000000)
    __rt_lib_init_alloca_1                   0x080001c7   Thumb Code     0  libinit2.o(.ARM.Collect$$libinit$$0000002E)
    __rt_lib_init_argv_1                     0x080001c7   Thumb Code     0  libinit2.o(.ARM.Collect$$libinit$$0000002C)
    __rt_lib_init_atexit_1                   0x080001c7   Thumb Code     0  libinit2.o(.ARM.Collect$$libinit$$0000001B)
    __rt_lib_init_clock_1                    0x080001c7   Thumb Code     0  libinit2.o(.ARM.Collect$$libinit$$00000021)
    __rt_lib_init_cpp_1                      0x080001c7   Thumb Code     0  libinit2.o(.ARM.Collect$$libinit$$00000032)
    __rt_lib_init_exceptions_1               0x080001c7   Thumb Code     0  libinit2.o(.ARM.Collect$$libinit$$00000030)
    __rt_lib_init_fp_1                       0x080001c7   Thumb Code     0  libinit2.o(.ARM.Collect$$libinit$$00000002)
    __rt_lib_init_fp_trap_1                  0x080001c7   Thumb Code     0  libinit2.o(.ARM.Collect$$libinit$$0000001F)
    __rt_lib_init_getenv_1                   0x080001c7   Thumb Code     0  libinit2.o(.ARM.Collect$$libinit$$00000023)
    __rt_lib_init_heap_1                     0x080001c7   Thumb Code     0  libinit2.o(.ARM.Collect$$libinit$$0000000A)
    __rt_lib_init_lc_collate_1               0x080001c7   Thumb Code     0  libinit2.o(.ARM.Collect$$libinit$$00000011)
    __rt_lib_init_lc_ctype_1                 0x080001c7   Thumb Code     0  libinit2.o(.ARM.Collect$$libinit$$00000013)
    __rt_lib_init_lc_monetary_1              0x080001c7   Thumb Code     0  libinit2.o(.ARM.Collect$$libinit$$00000015)
    __rt_lib_init_lc_numeric_1               0x080001c7   Thumb Code     0  libinit2.o(.ARM.Collect$$libinit$$00000017)
    __rt_lib_init_lc_time_1                  0x080001c7   Thumb Code     0  libinit2.o(.ARM.Collect$$libinit$$00000019)
    __rt_lib_init_preinit_1                  0x080001c7   Thumb Code     0  libinit2.o(.ARM.Collect$$libinit$$00000004)
    __rt_lib_init_rand_1                     0x080001c7   Thumb Code     0  libinit2.o(.ARM.Collect$$libinit$$0000000E)
    __rt_lib_init_return                     0x080001c7   Thumb Code     0  libinit2.o(.ARM.Collect$$libinit$$00000033)
    __rt_lib_init_signal_1                   0x080001c7   Thumb Code     0  libinit2.o(.ARM.Collect$$libinit$$0000001D)
    __rt_lib_init_stdio_1                    0x080001c7   Thumb Code     0  libinit2.o(.ARM.Collect$$libinit$$00000025)
    __rt_lib_init_user_alloc_1               0x080001c7   Thumb Code     0  libinit2.o(.ARM.Collect$$libinit$$0000000C)
    __rt_lib_shutdown                        0x080001c9   Thumb Code     0  libshutdown.o(.ARM.Collect$$libshutdown$$00000000)
    __rt_lib_shutdown_cpp_1                  0x080001cb   Thumb Code     0  libshutdown2.o(.ARM.Collect$$libshutdown$$00000002)
    __rt_lib_shutdown_fp_trap_1              0x080001cb   Thumb Code     0  libshutdown2.o(.ARM.Collect$$libshutdown$$00000007)
    __rt_lib_shutdown_heap_1                 0x080001cb   Thumb Code     0  libshutdown2.o(.ARM.Collect$$libshutdown$$0000000F)
    __rt_lib_shutdown_return                 0x080001cb   Thumb Code     0  libshutdown2.o(.ARM.Collect$$libshutdown$$00000010)
    __rt_lib_shutdown_signal_1               0x080001cb   Thumb Code     0  libshutdown2.o(.ARM.Collect$$libshutdown$$0000000A)
    __rt_lib_shutdown_stdio_1                0x080001cb   Thumb Code     0  libshutdown2.o(.ARM.Collect$$libshutdown$$00000004)
    __rt_lib_shutdown_user_alloc_1           0x080001cb   Thumb Code     0  libshutdown2.o(.ARM.Collect$$libshutdown$$0000000C)
    __rt_entry                               0x080001cd   Thumb Code     0  __rtentry.o(.ARM.Collect$$rtentry$$00000000)
    __rt_entry_presh_1                       0x080001cd   Thumb Code     0  __rtentry2.o(.ARM.Collect$$rtentry$$00000002)
    __rt_entry_sh                            0x080001cd   Thumb Code     0  __rtentry4.o(.ARM.Collect$$rtentry$$00000004)
    __rt_entry_li                            0x080001d3   Thumb Code     0  __rtentry2.o(.ARM.Collect$$rtentry$$0000000A)
    __rt_entry_postsh_1                      0x080001d3   Thumb Code     0  __rtentry2.o(.ARM.Collect$$rtentry$$00000009)
    __rt_entry_main                          0x080001d7   Thumb Code     0  __rtentry2.o(.ARM.Collect$$rtentry$$0000000D)
    __rt_entry_postli_1                      0x080001d7   Thumb Code     0  __rtentry2.o(.ARM.Collect$$rtentry$$0000000C)
    __rt_exit                                0x080001df   Thumb Code     0  rtexit.o(.ARM.Collect$$rtexit$$00000000)
    __rt_exit_ls                             0x080001e1   Thumb Code     0  rtexit2.o(.ARM.Collect$$rtexit$$00000003)
    __rt_exit_prels_1                        0x080001e1   Thumb Code     0  rtexit2.o(.ARM.Collect$$rtexit$$00000002)
    __rt_exit_exit                           0x080001e5   Thumb Code     0  rtexit2.o(.ARM.Collect$$rtexit$$00000004)
    Reset_Handler                            0x080001ed   Thumb Code     8  startup_stm32f10x_cl.o(.text)
    NMI_Handler                              0x080001f5   Thumb Code     2  startup_stm32f10x_cl.o(.text)
    HardFault_Handler                        0x080001f7   Thumb Code     2  startup_stm32f10x_cl.o(.text)
    MemManage_Handler                        0x080001f9   Thumb Code     2  startup_stm32f10x_cl.o(.text)
    BusFault_Handler                         0x080001fb   Thumb Code     2  startup_stm32f10x_cl.o(.text)
    UsageFault_Handler                       0x080001fd   Thumb Code     2  startup_stm32f10x_cl.o(.text)
    SVC_Handler                              0x080001ff   Thumb Code     2  startup_stm32f10x_cl.o(.text)
    DebugMon_Handler                         0x08000201   Thumb Code     2  startup_stm32f10x_cl.o(.text)
    PendSV_Handler                           0x08000203   Thumb Code     2  startup_stm32f10x_cl.o(.text)
    SysTick_Handler                          0x08000205   Thumb Code     2  startup_stm32f10x_cl.o(.text)
    ADC1_2_IRQHandler                        0x08000207   Thumb Code     0  startup_stm32f10x_cl.o(.text)
    CAN1_RX0_IRQHandler                      0x08000207   Thumb Code     0  startup_stm32f10x_cl.o(.text)
    CAN1_RX1_IRQHandler                      0x08000207   Thumb Code     0  startup_stm32f10x_cl.o(.text)
    CAN1_SCE_IRQHandler                      0x08000207   Thumb Code     0  startup_stm32f10x_cl.o(.text)
    CAN1_TX_IRQHandler                       0x08000207   Thumb Code     0  startup_stm32f10x_cl.o(.text)
    CAN2_RX0_IRQHandler                      0x08000207   Thumb Code     0  startup_stm32f10x_cl.o(.text)
    CAN2_RX1_IRQHandler                      0x08000207   Thumb Code     0  startup_stm32f10x_cl.o(.text)
    CAN2_SCE_IRQHandler                      0x08000207   Thumb Code     0  startup_stm32f10x_cl.o(.text)
    CAN2_TX_IRQHandler                       0x08000207   Thumb Code     0  startup_stm32f10x_cl.o(.text)
    DMA1_Channel1_IRQHandler                 0x08000207   Thumb Code     0  startup_stm32f10x_cl.o(.text)
    DMA1_Channel2_IRQHandler                 0x08000207   Thumb Code     0  startup_stm32f10x_cl.o(.text)
    DMA1_Channel3_IRQHandler                 0x08000207   Thumb Code     0  startup_stm32f10x_cl.o(.text)
    DMA1_Channel4_IRQHandler                 0x08000207   Thumb Code     0  startup_stm32f10x_cl.o(.text)
    DMA1_Channel5_IRQHandler                 0x08000207   Thumb Code     0  startup_stm32f10x_cl.o(.text)
    DMA1_Channel6_IRQHandler                 0x08000207   Thumb Code     0  startup_stm32f10x_cl.o(.text)
    DMA1_Channel7_IRQHandler                 0x08000207   Thumb Code     0  startup_stm32f10x_cl.o(.text)
    DMA2_Channel1_IRQHandler                 0x08000207   Thumb Code     0  startup_stm32f10x_cl.o(.text)
    DMA2_Channel2_IRQHandler                 0x08000207   Thumb Code     0  startup_stm32f10x_cl.o(.text)
    DMA2_Channel3_IRQHandler                 0x08000207   Thumb Code     0  startup_stm32f10x_cl.o(.text)
    DMA2_Channel4_IRQHandler                 0x08000207   Thumb Code     0  startup_stm32f10x_cl.o(.text)
    DMA2_Channel5_IRQHandler                 0x08000207   Thumb Code     0  startup_stm32f10x_cl.o(.text)
    ETH_IRQHandler                           0x08000207   Thumb Code     0  startup_stm32f10x_cl.o(.text)
    ETH_WKUP_IRQHandler                      0x08000207   Thumb Code     0  startup_stm32f10x_cl.o(.text)
    EXTI0_IRQHandler                         0x08000207   Thumb Code     0  startup_stm32f10x_cl.o(.text)
    EXTI15_10_IRQHandler                     0x08000207   Thumb Code     0  startup_stm32f10x_cl.o(.text)
    EXTI1_IRQHandler                         0x08000207   Thumb Code     0  startup_stm32f10x_cl.o(.text)
    EXTI2_IRQHandler                         0x08000207   Thumb Code     0  startup_stm32f10x_cl.o(.text)
    EXTI3_IRQHandler                         0x08000207   Thumb Code     0  startup_stm32f10x_cl.o(.text)
    EXTI4_IRQHandler                         0x08000207   Thumb Code     0  startup_stm32f10x_cl.o(.text)
    EXTI9_5_IRQHandler                       0x08000207   Thumb Code     0  startup_stm32f10x_cl.o(.text)
    FLASH_IRQHandler                         0x08000207   Thumb Code     0  startup_stm32f10x_cl.o(.text)
    I2C1_ER_IRQHandler                       0x08000207   Thumb Code     0  startup_stm32f10x_cl.o(.text)
    I2C1_EV_IRQHandler                       0x08000207   Thumb Code     0  startup_stm32f10x_cl.o(.text)
    I2C2_ER_IRQHandler                       0x08000207   Thumb Code     0  startup_stm32f10x_cl.o(.text)
    I2C2_EV_IRQHandler                       0x08000207   Thumb Code     0  startup_stm32f10x_cl.o(.text)
    OTG_FS_IRQHandler                        0x08000207   Thumb Code     0  startup_stm32f10x_cl.o(.text)
    OTG_FS_WKUP_IRQHandler                   0x08000207   Thumb Code     0  startup_stm32f10x_cl.o(.text)
    PVD_IRQHandler                           0x08000207   Thumb Code     0  startup_stm32f10x_cl.o(.text)
    RCC_IRQHandler                           0x08000207   Thumb Code     0  startup_stm32f10x_cl.o(.text)
    RTCAlarm_IRQHandler                      0x08000207   Thumb Code     0  startup_stm32f10x_cl.o(.text)
    RTC_IRQHandler                           0x08000207   Thumb Code     0  startup_stm32f10x_cl.o(.text)
    SPI1_IRQHandler                          0x08000207   Thumb Code     0  startup_stm32f10x_cl.o(.text)
    SPI2_IRQHandler                          0x08000207   Thumb Code     0  startup_stm32f10x_cl.o(.text)
    SPI3_IRQHandler                          0x08000207   Thumb Code     0  startup_stm32f10x_cl.o(.text)
    TAMPER_IRQHandler                        0x08000207   Thumb Code     0  startup_stm32f10x_cl.o(.text)
    TIM1_BRK_IRQHandler                      0x08000207   Thumb Code     0  startup_stm32f10x_cl.o(.text)
    TIM1_CC_IRQHandler                       0x08000207   Thumb Code     0  startup_stm32f10x_cl.o(.text)
    TIM1_TRG_COM_IRQHandler                  0x08000207   Thumb Code     0  startup_stm32f10x_cl.o(.text)
    TIM1_UP_IRQHandler                       0x08000207   Thumb Code     0  startup_stm32f10x_cl.o(.text)
    TIM4_IRQHandler                          0x08000207   Thumb Code     0  startup_stm32f10x_cl.o(.text)
    TIM5_IRQHandler                          0x08000207   Thumb Code     0  startup_stm32f10x_cl.o(.text)
    TIM6_IRQHandler                          0x08000207   Thumb Code     0  startup_stm32f10x_cl.o(.text)
    TIM7_IRQHandler                          0x08000207   Thumb Code     0  startup_stm32f10x_cl.o(.text)
    UART4_IRQHandler                         0x08000207   Thumb Code     0  startup_stm32f10x_cl.o(.text)
    UART5_IRQHandler                         0x08000207   Thumb Code     0  startup_stm32f10x_cl.o(.text)
    WWDG_IRQHandler                          0x08000207   Thumb Code     0  startup_stm32f10x_cl.o(.text)
    __user_initial_stackheap                 0x08000209   Thumb Code     0  startup_stm32f10x_cl.o(.text)
    __aeabi_memclr4                          0x0800022d   Thumb Code     0  rt_memclr_w.o(.text)
    __aeabi_memclr8                          0x0800022d   Thumb Code     0  rt_memclr_w.o(.text)
    __rt_memclr_w                            0x0800022d   Thumb Code    78  rt_memclr_w.o(.text)
    _memset_w                                0x08000231   Thumb Code     0  rt_memclr_w.o(.text)
    __use_two_region_memory                  0x0800027b   Thumb Code     2  heapauxi.o(.text)
    __rt_heap_escrow$2region                 0x0800027d   Thumb Code     2  heapauxi.o(.text)
    __rt_heap_expand$2region                 0x0800027f   Thumb Code     2  heapauxi.o(.text)
    __user_setup_stackheap                   0x08000281   Thumb Code    74  sys_stackheap_outer.o(.text)
    exit                                     0x080002cb   Thumb Code    18  exit.o(.text)
    __user_libspace                          0x080002dd   Thumb Code     8  libspace.o(.text)
    __user_perproc_libspace                  0x080002dd   Thumb Code     0  libspace.o(.text)
    __user_perthread_libspace                0x080002dd   Thumb Code     0  libspace.o(.text)
    _sys_exit                                0x080002e5   Thumb Code     8  sys_exit.o(.text)
    __I$use$semihosting                      0x080002f1   Thumb Code     0  use_no_semi.o(.text)
    __use_no_semihosting_swi                 0x080002f1   Thumb Code     2  use_no_semi.o(.text)
    ADC_Cmd                                  0x080002f3   Thumb Code    22  stm32f10x_adc.o(i.ADC_Cmd)
    __semihosting_library_function           0x080002f3   Thumb Code     0  indicate_semi.o(.text)
    ADC_DeInit                               0x08000309   Thumb Code    78  stm32f10x_adc.o(i.ADC_DeInit)
    ADC_GetCalibrationStatus                 0x08000365   Thumb Code    20  stm32f10x_adc.o(i.ADC_GetCalibrationStatus)
    ADC_GetResetCalibrationStatus            0x08000379   Thumb Code    20  stm32f10x_adc.o(i.ADC_GetResetCalibrationStatus)
    ADC_Init                                 0x0800038d   Thumb Code    70  stm32f10x_adc.o(i.ADC_Init)
    ADC_ResetCalibration                     0x080003dd   Thumb Code    10  stm32f10x_adc.o(i.ADC_ResetCalibration)
    ADC_StartCalibration                     0x080003e7   Thumb Code    10  stm32f10x_adc.o(i.ADC_StartCalibration)
    Adc2_Init                                0x080003f1   Thumb Code   134  stm32f1_adc2.o(i.Adc2_Init)
    Adc_Init                                 0x08000481   Thumb Code   134  stm32f1_adc1.o(i.Adc_Init)
    DS18B20_Check                            0x08000511   Thumb Code    82  ds18b20.o(i.DS18B20_Check)
    DS18B20_Check1                           0x08000569   Thumb Code    82  ds18b20_1.o(i.DS18B20_Check1)
    DS18B20_DQ1_IN                           0x080005c1   Thumb Code    30  ds18b20_1.o(i.DS18B20_DQ1_IN)
    DS18B20_DQ1_OUT                          0x080005e5   Thumb Code    30  ds18b20_1.o(i.DS18B20_DQ1_OUT)
    DS18B20_DQ_IN                            0x08000609   Thumb Code    30  ds18b20.o(i.DS18B20_DQ_IN)
    DS18B20_DQ_OUT                           0x0800062d   Thumb Code    30  ds18b20.o(i.DS18B20_DQ_OUT)
    DS18B20_Get_Temp                         0x08000651   Thumb Code   170  ds18b20.o(i.DS18B20_Get_Temp)
    DS18B20_Get_Temp1                        0x08000701   Thumb Code   170  ds18b20_1.o(i.DS18B20_Get_Temp1)
    DS18B20_Init                             0x080007b1   Thumb Code    46  ds18b20.o(i.DS18B20_Init)
    DS18B20_Init1                            0x080007e5   Thumb Code    46  ds18b20_1.o(i.DS18B20_Init1)
    DS18B20_Read_Bit                         0x08000819   Thumb Code    64  ds18b20.o(i.DS18B20_Read_Bit)
    DS18B20_Read_Bit1                        0x0800085d   Thumb Code    64  ds18b20_1.o(i.DS18B20_Read_Bit1)
    DS18B20_Read_Byte                        0x080008a1   Thumb Code    34  ds18b20.o(i.DS18B20_Read_Byte)
    DS18B20_Read_Byte1                       0x080008c3   Thumb Code    34  ds18b20_1.o(i.DS18B20_Read_Byte1)
    DS18B20_Rst                              0x080008e5   Thumb Code    38  ds18b20.o(i.DS18B20_Rst)
    DS18B20_Rst1                             0x08000911   Thumb Code    38  ds18b20_1.o(i.DS18B20_Rst1)
    DS18B20_Start                            0x0800093d   Thumb Code    24  ds18b20.o(i.DS18B20_Start)
    DS18B20_Start1                           0x08000955   Thumb Code    24  ds18b20_1.o(i.DS18B20_Start1)
    DS18B20_Write_Byte                       0x0800096d   Thumb Code    88  ds18b20.o(i.DS18B20_Write_Byte)
    DS18B20_Write_Byte1                      0x080009c9   Thumb Code    88  ds18b20_1.o(i.DS18B20_Write_Byte1)
    FLASH_ClearFlag                          0x08000a25   Thumb Code     6  stm32f10x_flash.o(i.FLASH_ClearFlag)
    FLASH_ErasePage                          0x08000a31   Thumb Code    72  stm32f10x_flash.o(i.FLASH_ErasePage)
    FLASH_GetBank1Status                     0x08000a7d   Thumb Code    48  stm32f10x_flash.o(i.FLASH_GetBank1Status)
    FLASH_Lock                               0x08000ab1   Thumb Code    14  stm32f10x_flash.o(i.FLASH_Lock)
    FLASH_ProgramHalfWord                    0x08000ac5   Thumb Code    60  stm32f10x_flash.o(i.FLASH_ProgramHalfWord)
    FLASH_ReadByte                           0x08000b05   Thumb Code    24  flash_rw.o(i.FLASH_ReadByte)
    FLASH_Unlock                             0x08000b1d   Thumb Code    12  stm32f10x_flash.o(i.FLASH_Unlock)
    FLASH_WaitForLastOperation               0x08000b35   Thumb Code    38  stm32f10x_flash.o(i.FLASH_WaitForLastOperation)
    FLASH_WriteByte                          0x08000b5b   Thumb Code    78  flash_rw.o(i.FLASH_WriteByte)
    GPIO_Init                                0x08000ba9   Thumb Code   278  stm32f10x_gpio.o(i.GPIO_Init)
    GPIO_ReadInputDataBit                    0x08000cbf   Thumb Code    18  stm32f10x_gpio.o(i.GPIO_ReadInputDataBit)
    GPIO_ResetBits                           0x08000cd1   Thumb Code     4  stm32f10x_gpio.o(i.GPIO_ResetBits)
    GPIO_SetBits                             0x08000cd5   Thumb Code     4  stm32f10x_gpio.o(i.GPIO_SetBits)
    InputDriveInit                           0x08000cd9   Thumb Code   142  inputdrive.o(i.InputDriveInit)
    NVIC_Init                                0x08000d75   Thumb Code   100  misc.o(i.NVIC_Init)
    NVIC_PriorityGroupConfig                 0x08000de5   Thumb Code    10  misc.o(i.NVIC_PriorityGroupConfig)
    OutputDriveInit                          0x08000df9   Thumb Code     8  outputdrive.o(i.OutputDriveInit)
    RCC_ADCCLKConfig                         0x08000e01   Thumb Code    18  stm32f10x_rcc.o(i.RCC_ADCCLKConfig)
    RCC_APB1PeriphClockCmd                   0x08000e19   Thumb Code    26  stm32f10x_rcc.o(i.RCC_APB1PeriphClockCmd)
    RCC_APB2PeriphClockCmd                   0x08000e39   Thumb Code    26  stm32f10x_rcc.o(i.RCC_APB2PeriphClockCmd)
    RCC_APB2PeriphResetCmd                   0x08000e59   Thumb Code    26  stm32f10x_rcc.o(i.RCC_APB2PeriphResetCmd)
    RCC_GetClocksFreq                        0x08000e79   Thumb Code   374  stm32f10x_rcc.o(i.RCC_GetClocksFreq)
    Relay_Init                               0x08001009   Thumb Code   574  outputdrive.o(i.Relay_Init)
    STM32F1_UART1_Init                       0x08001259   Thumb Code   158  stm32f1_uart1.o(i.STM32F1_UART1_Init)
    STM32F1_UART2_Init                       0x08001301   Thumb Code   152  stm32f1_uart2.o(i.STM32F1_UART2_Init)
    STM32F1_UART3SendDataS                   0x080013a1   Thumb Code    56  stm32f1_uart3.o(i.STM32F1_UART3SendDataS)
    STM32F1_UART3_Init                       0x080013dd   Thumb Code   168  stm32f1_uart3.o(i.STM32F1_UART3_Init)
    STM32_Delay_init                         0x0800148d   Thumb Code    50  stm32_delay.o(i.STM32_Delay_init)
    STM32_Delay_us                           0x080014d1   Thumb Code    72  stm32_delay.o(i.STM32_Delay_us)
    Stm32F1_Timer2Init                       0x0800163d   Thumb Code    88  stm32f1_timer2.o(i.Stm32F1_Timer2Init)
    Stm32F1_Timer3Init                       0x08001695   Thumb Code    86  stm32f1_timer3.o(i.Stm32F1_Timer3Init)
    SysTick_CLKSourceConfig                  0x080016f1   Thumb Code    40  misc.o(i.SysTick_CLKSourceConfig)
    SystemInit                               0x08001719   Thumb Code    92  system_stm32f10x.o(i.SystemInit)
    TIM2_IRQHandler                          0x08001785   Thumb Code    12  stm32f1_timer2.o(i.TIM2_IRQHandler)
    TIM3_IRQHandler                          0x08001791   Thumb Code   102  stm32f1_timer3.o(i.TIM3_IRQHandler)
    TIM_ClearITPendingBit                    0x08001815   Thumb Code     6  stm32f10x_tim.o(i.TIM_ClearITPendingBit)
    TIM_Cmd                                  0x0800181b   Thumb Code    24  stm32f10x_tim.o(i.TIM_Cmd)
    TIM_ITConfig                             0x08001833   Thumb Code    18  stm32f10x_tim.o(i.TIM_ITConfig)
    TIM_TimeBaseInit                         0x08001845   Thumb Code   122  stm32f10x_tim.o(i.TIM_TimeBaseInit)
    USART1_IRQHandler                        0x080018e9   Thumb Code   162  stm32f1_uart1.o(i.USART1_IRQHandler)
    USART2_IRQHandler                        0x080019a9   Thumb Code   178  stm32f1_uart2.o(i.USART2_IRQHandler)
    USART3_IRQHandler                        0x08001a79   Thumb Code   194  stm32f1_uart3.o(i.USART3_IRQHandler)
    USART_Cmd                                0x08001b59   Thumb Code    24  stm32f10x_usart.o(i.USART_Cmd)
    USART_GetFlagStatus                      0x08001b71   Thumb Code    26  stm32f10x_usart.o(i.USART_GetFlagStatus)
    USART_GetITStatus                        0x08001b8b   Thumb Code    84  stm32f10x_usart.o(i.USART_GetITStatus)
    USART_ITConfig                           0x08001bdf   Thumb Code    74  stm32f10x_usart.o(i.USART_ITConfig)
    USART_Init                               0x08001c29   Thumb Code   210  stm32f10x_usart.o(i.USART_Init)
    USART_ReceiveData                        0x08001d01   Thumb Code    10  stm32f10x_usart.o(i.USART_ReceiveData)
    USART_SendData                           0x08001d0b   Thumb Code     8  stm32f10x_usart.o(i.USART_SendData)
    main                                     0x08001d15   Thumb Code   484  main.o(i.main)
    miniDataCreate                           0x08001f3d   Thumb Code    74  mini-data.o(i.miniDataCreate)
    miniDataGet                              0x08001f87   Thumb Code   164  mini-data.o(i.miniDataGet)
    recvLogic                                0x0800202b   Thumb Code   128  stm32f1_uart3.o(i.recvLogic)
    setFlashData                             0x080020ad   Thumb Code    84  main.o(i.setFlashData)
    uart3Send                                0x08002105   Thumb Code   118  stm32f1_uart3.o(i.uart3Send)
    uart3SendNull                            0x0800217b   Thumb Code    22  stm32f1_uart3.o(i.uart3SendNull)
    uartRelayProc                            0x08002191   Thumb Code   570  stm32f1_uart2.o(i.uartRelayProc)
    __aeabi_d2iz                             0x080023dd   Thumb Code     0  dfix.o(x$fpl$dfix)
    _dfix                                    0x080023dd   Thumb Code    94  dfix.o(x$fpl$dfix)
    __aeabi_i2d                              0x0800243b   Thumb Code     0  dflt_clz.o(x$fpl$dflt)
    _dflt                                    0x0800243b   Thumb Code    46  dflt_clz.o(x$fpl$dflt)
    __aeabi_dmul                             0x08002469   Thumb Code     0  dmul.o(x$fpl$dmul)
    _dmul                                    0x08002469   Thumb Code   332  dmul.o(x$fpl$dmul)
    __fpl_dnaninf                            0x080025bd   Thumb Code   156  dnaninf.o(x$fpl$dnaninf)
    __fpl_dretinf                            0x08002659   Thumb Code    12  dretinf.o(x$fpl$dretinf)
    Region$$Table$$Base                      0x08002664   Number         0  anon$$obj.o(Region$$Table)
    __I$use$fp                               0x08002664   Number         0  usenofp.o(x$fpl$usenofp)
    Region$$Table$$Limit                     0x08002684   Number         0  anon$$obj.o(Region$$Table)
    ntmp                                     0x20000000   Data           4  main.o(.data)
    rWaterTemperature                        0x20000004   Data           2  main.o(.data)
    rWaterTemp                               0x20000006   Data           2  main.o(.data)
    rGasTemperature                          0x20000008   Data           2  main.o(.data)
    rGasTemp                                 0x2000000a   Data           2  main.o(.data)
    rTrueWaterTemp                           0x2000000c   Data           2  main.o(.data)
    rTrueGasTemp                             0x2000000e   Data           2  main.o(.data)
    isWaterTooHot                            0x20000010   Data           4  main.o(.data)
    isGasTooHot                              0x20000014   Data           4  main.o(.data)
    isCheckWaterSensorErr                    0x20000018   Data           4  main.o(.data)
    isCheckGasSensorErr                      0x2000001c   Data           4  main.o(.data)
    isCheckBedCQSensorErr                    0x20000020   Data           4  main.o(.data)
    isCheckDZCQSensorErr                     0x20000024   Data           4  main.o(.data)
    rPressure                                0x20000028   Data           2  main.o(.data)
    rPressureTmp                             0x2000002a   Data           2  main.o(.data)
    rPressure2                               0x2000002c   Data           2  main.o(.data)
    rPressure2Tmp                            0x2000002e   Data           2  main.o(.data)
    rPressure3                               0x20000030   Data           2  main.o(.data)
    rPressure3Tmp                            0x20000032   Data           2  main.o(.data)
    rTruePressure1                           0x20000034   Data           2  main.o(.data)
    rTruePressure2                           0x20000036   Data           2  main.o(.data)
    rTruePressure3                           0x20000038   Data           2  main.o(.data)
    rPoopoDD                                 0x2000003c   Data           4  main.o(.data)
    rXuxuDD                                  0x20000040   Data           4  main.o(.data)
    pdxbPooPoo                               0x20000044   Data           4  main.o(.data)
    pdxbXuXu                                 0x20000048   Data           4  main.o(.data)
    isTextPOPO                               0x2000004c   Data           4  main.o(.data)
    isTextXUXU                               0x20000050   Data           4  main.o(.data)
    fac_us                                   0x20000068   Data           1  stm32_delay.o(.data)
    fac_ms                                   0x2000006a   Data           2  stm32_delay.o(.data)
    uart1Data                                0x2000006c   Data           1  stm32f1_uart1.o(.data)
    g_uart1len                               0x2000006e   Data           2  stm32f1_uart1.o(.data)
    g_isGetCmdOk                             0x20000070   Data           1  stm32f1_uart1.o(.data)
    g_timeoverUart1                          0x20000074   Data           4  stm32f1_uart1.o(.data)
    uart2Data                                0x20000078   Data           1  stm32f1_uart2.o(.data)
    g_uart2len                               0x2000007a   Data           2  stm32f1_uart2.o(.data)
    g_isGetCmdOk2                            0x2000007c   Data           1  stm32f1_uart2.o(.data)
    g_timeoverUart2                          0x20000080   Data           4  stm32f1_uart2.o(.data)
    uart3Data                                0x20000084   Data           1  stm32f1_uart3.o(.data)
    g_uart3len                               0x20000086   Data           2  stm32f1_uart3.o(.data)
    g_isGetCmdOk3                            0x20000088   Data           1  stm32f1_uart3.o(.data)
    g_timeoverUart3                          0x2000008c   Data           4  stm32f1_uart3.o(.data)
    SystemCoreClock                          0x20000090   Data           4  system_stm32f10x.o(.data)
    AHBPrescTable                            0x20000094   Data          16  system_stm32f10x.o(.data)
    g_cache                                  0x200000a4   Data         128  stm32f1_uart1.o(.bss)
    g_ocCmd                                  0x20000124   Data          20  stm32f1_uart1.o(.bss)
    g_cache2                                 0x20000138   Data         128  stm32f1_uart2.o(.bss)
    g_ocCmd2                                 0x200001b8   Data          20  stm32f1_uart2.o(.bss)
    g_cache3                                 0x200001cc   Data         128  stm32f1_uart3.o(.bss)
    g_ocCmd3                                 0x2000024c   Data          20  stm32f1_uart3.o(.bss)
    __libspace_start                         0x20000260   Data          96  libspace.o(.bss)
    __temporary_stack_top$libspace           0x200002c0   Data           0  libspace.o(.bss)



==============================================================================

Memory Map of the image

  Image Entry point : 0x08000151

  Load Region LR_IROM1 (Base: 0x08000000, Size: 0x00002728, Max: 0x00040000, ABSOLUTE)

    Execution Region ER_IROM1 (Base: 0x08000000, Size: 0x00002684, Max: 0x00040000, ABSOLUTE)

    Base Addr    Size         Type   Attr      Idx    E Section Name        Object

    0x08000000   0x00000150   Data   RO         2688    RESET               startup_stm32f10x_cl.o
    0x08000150   0x00000008   Code   RO         2745  * !!!main             c_w.l(__main.o)
    0x08000158   0x00000034   Code   RO         2919    !!!scatter          c_w.l(__scatter.o)
    0x0800018c   0x0000001a   Code   RO         2921    !!handler_copy      c_w.l(__scatter_copy.o)
    0x080001a6   0x00000002   PAD
    0x080001a8   0x0000001c   Code   RO         2923    !!handler_zi        c_w.l(__scatter_zi.o)
    0x080001c4   0x00000002   Code   RO         2789    .ARM.Collect$$libinit$$00000000  c_w.l(libinit.o)
    0x080001c6   0x00000000   Code   RO         2796    .ARM.Collect$$libinit$$00000002  c_w.l(libinit2.o)
    0x080001c6   0x00000000   Code   RO         2798    .ARM.Collect$$libinit$$00000004  c_w.l(libinit2.o)
    0x080001c6   0x00000000   Code   RO         2801    .ARM.Collect$$libinit$$0000000A  c_w.l(libinit2.o)
    0x080001c6   0x00000000   Code   RO         2803    .ARM.Collect$$libinit$$0000000C  c_w.l(libinit2.o)
    0x080001c6   0x00000000   Code   RO         2805    .ARM.Collect$$libinit$$0000000E  c_w.l(libinit2.o)
    0x080001c6   0x00000000   Code   RO         2808    .ARM.Collect$$libinit$$00000011  c_w.l(libinit2.o)
    0x080001c6   0x00000000   Code   RO         2810    .ARM.Collect$$libinit$$00000013  c_w.l(libinit2.o)
    0x080001c6   0x00000000   Code   RO         2812    .ARM.Collect$$libinit$$00000015  c_w.l(libinit2.o)
    0x080001c6   0x00000000   Code   RO         2814    .ARM.Collect$$libinit$$00000017  c_w.l(libinit2.o)
    0x080001c6   0x00000000   Code   RO         2816    .ARM.Collect$$libinit$$00000019  c_w.l(libinit2.o)
    0x080001c6   0x00000000   Code   RO         2818    .ARM.Collect$$libinit$$0000001B  c_w.l(libinit2.o)
    0x080001c6   0x00000000   Code   RO         2820    .ARM.Collect$$libinit$$0000001D  c_w.l(libinit2.o)
    0x080001c6   0x00000000   Code   RO         2822    .ARM.Collect$$libinit$$0000001F  c_w.l(libinit2.o)
    0x080001c6   0x00000000   Code   RO         2824    .ARM.Collect$$libinit$$00000021  c_w.l(libinit2.o)
    0x080001c6   0x00000000   Code   RO         2826    .ARM.Collect$$libinit$$00000023  c_w.l(libinit2.o)
    0x080001c6   0x00000000   Code   RO         2828    .ARM.Collect$$libinit$$00000025  c_w.l(libinit2.o)
    0x080001c6   0x00000000   Code   RO         2832    .ARM.Collect$$libinit$$0000002C  c_w.l(libinit2.o)
    0x080001c6   0x00000000   Code   RO         2834    .ARM.Collect$$libinit$$0000002E  c_w.l(libinit2.o)
    0x080001c6   0x00000000   Code   RO         2836    .ARM.Collect$$libinit$$00000030  c_w.l(libinit2.o)
    0x080001c6   0x00000000   Code   RO         2838    .ARM.Collect$$libinit$$00000032  c_w.l(libinit2.o)
    0x080001c6   0x00000002   Code   RO         2839    .ARM.Collect$$libinit$$00000033  c_w.l(libinit2.o)
    0x080001c8   0x00000002   Code   RO         2859    .ARM.Collect$$libshutdown$$00000000  c_w.l(libshutdown.o)
    0x080001ca   0x00000000   Code   RO         2872    .ARM.Collect$$libshutdown$$00000002  c_w.l(libshutdown2.o)
    0x080001ca   0x00000000   Code   RO         2874    .ARM.Collect$$libshutdown$$00000004  c_w.l(libshutdown2.o)
    0x080001ca   0x00000000   Code   RO         2877    .ARM.Collect$$libshutdown$$00000007  c_w.l(libshutdown2.o)
    0x080001ca   0x00000000   Code   RO         2880    .ARM.Collect$$libshutdown$$0000000A  c_w.l(libshutdown2.o)
    0x080001ca   0x00000000   Code   RO         2882    .ARM.Collect$$libshutdown$$0000000C  c_w.l(libshutdown2.o)
    0x080001ca   0x00000000   Code   RO         2885    .ARM.Collect$$libshutdown$$0000000F  c_w.l(libshutdown2.o)
    0x080001ca   0x00000002   Code   RO         2886    .ARM.Collect$$libshutdown$$00000010  c_w.l(libshutdown2.o)
    0x080001cc   0x00000000   Code   RO         2759    .ARM.Collect$$rtentry$$00000000  c_w.l(__rtentry.o)
    0x080001cc   0x00000000   Code   RO         2766    .ARM.Collect$$rtentry$$00000002  c_w.l(__rtentry2.o)
    0x080001cc   0x00000006   Code   RO         2778    .ARM.Collect$$rtentry$$00000004  c_w.l(__rtentry4.o)
    0x080001d2   0x00000000   Code   RO         2768    .ARM.Collect$$rtentry$$00000009  c_w.l(__rtentry2.o)
    0x080001d2   0x00000004   Code   RO         2769    .ARM.Collect$$rtentry$$0000000A  c_w.l(__rtentry2.o)
    0x080001d6   0x00000000   Code   RO         2771    .ARM.Collect$$rtentry$$0000000C  c_w.l(__rtentry2.o)
    0x080001d6   0x00000008   Code   RO         2772    .ARM.Collect$$rtentry$$0000000D  c_w.l(__rtentry2.o)
    0x080001de   0x00000002   Code   RO         2793    .ARM.Collect$$rtexit$$00000000  c_w.l(rtexit.o)
    0x080001e0   0x00000000   Code   RO         2841    .ARM.Collect$$rtexit$$00000002  c_w.l(rtexit2.o)
    0x080001e0   0x00000004   Code   RO         2842    .ARM.Collect$$rtexit$$00000003  c_w.l(rtexit2.o)
    0x080001e4   0x00000006   Code   RO         2843    .ARM.Collect$$rtexit$$00000004  c_w.l(rtexit2.o)
    0x080001ea   0x00000002   PAD
    0x080001ec   0x00000040   Code   RO         2689    .text               startup_stm32f10x_cl.o
    0x0800022c   0x0000004e   Code   RO         2741    .text               c_w.l(rt_memclr_w.o)
    0x0800027a   0x00000006   Code   RO         2743    .text               c_w.l(heapauxi.o)
    0x08000280   0x0000004a   Code   RO         2780    .text               c_w.l(sys_stackheap_outer.o)
    0x080002ca   0x00000012   Code   RO         2782    .text               c_w.l(exit.o)
    0x080002dc   0x00000008   Code   RO         2790    .text               c_w.l(libspace.o)
    0x080002e4   0x0000000c   Code   RO         2851    .text               c_w.l(sys_exit.o)
    0x080002f0   0x00000002   Code   RO         2862    .text               c_w.l(use_no_semi.o)
    0x080002f2   0x00000000   Code   RO         2864    .text               c_w.l(indicate_semi.o)
    0x080002f2   0x00000016   Code   RO         1424    i.ADC_Cmd           stm32f10x_adc.o
    0x08000308   0x0000005c   Code   RO         1426    i.ADC_DeInit        stm32f10x_adc.o
    0x08000364   0x00000014   Code   RO         1432    i.ADC_GetCalibrationStatus  stm32f10x_adc.o
    0x08000378   0x00000014   Code   RO         1438    i.ADC_GetResetCalibrationStatus  stm32f10x_adc.o
    0x0800038c   0x00000050   Code   RO         1442    i.ADC_Init          stm32f10x_adc.o
    0x080003dc   0x0000000a   Code   RO         1447    i.ADC_ResetCalibration  stm32f10x_adc.o
    0x080003e6   0x0000000a   Code   RO         1451    i.ADC_StartCalibration  stm32f10x_adc.o
    0x080003f0   0x00000090   Code   RO         2626    i.Adc2_Init         stm32f1_adc2.o
    0x08000480   0x00000090   Code   RO         2587    i.Adc_Init          stm32f1_adc1.o
    0x08000510   0x00000058   Code   RO         1886    i.DS18B20_Check     ds18b20.o
    0x08000568   0x00000058   Code   RO         1967    i.DS18B20_Check1    ds18b20_1.o
    0x080005c0   0x00000024   Code   RO         1968    i.DS18B20_DQ1_IN    ds18b20_1.o
    0x080005e4   0x00000024   Code   RO         1969    i.DS18B20_DQ1_OUT   ds18b20_1.o
    0x08000608   0x00000024   Code   RO         1887    i.DS18B20_DQ_IN     ds18b20.o
    0x0800062c   0x00000024   Code   RO         1888    i.DS18B20_DQ_OUT    ds18b20.o
    0x08000650   0x000000b0   Code   RO         1889    i.DS18B20_Get_Temp  ds18b20.o
    0x08000700   0x000000b0   Code   RO         1970    i.DS18B20_Get_Temp1  ds18b20_1.o
    0x080007b0   0x00000034   Code   RO         1890    i.DS18B20_Init      ds18b20.o
    0x080007e4   0x00000034   Code   RO         1971    i.DS18B20_Init1     ds18b20_1.o
    0x08000818   0x00000044   Code   RO         1891    i.DS18B20_Read_Bit  ds18b20.o
    0x0800085c   0x00000044   Code   RO         1972    i.DS18B20_Read_Bit1  ds18b20_1.o
    0x080008a0   0x00000022   Code   RO         1892    i.DS18B20_Read_Byte  ds18b20.o
    0x080008c2   0x00000022   Code   RO         1973    i.DS18B20_Read_Byte1  ds18b20_1.o
    0x080008e4   0x0000002c   Code   RO         1893    i.DS18B20_Rst       ds18b20.o
    0x08000910   0x0000002c   Code   RO         1974    i.DS18B20_Rst1      ds18b20_1.o
    0x0800093c   0x00000018   Code   RO         1894    i.DS18B20_Start     ds18b20.o
    0x08000954   0x00000018   Code   RO         1975    i.DS18B20_Start1    ds18b20_1.o
    0x0800096c   0x0000005c   Code   RO         1895    i.DS18B20_Write_Byte  ds18b20.o
    0x080009c8   0x0000005c   Code   RO         1976    i.DS18B20_Write_Byte1  ds18b20_1.o
    0x08000a24   0x0000000c   Code   RO         1652    i.FLASH_ClearFlag   stm32f10x_flash.o
    0x08000a30   0x0000004c   Code   RO         1657    i.FLASH_ErasePage   stm32f10x_flash.o
    0x08000a7c   0x00000034   Code   RO         1658    i.FLASH_GetBank1Status  stm32f10x_flash.o
    0x08000ab0   0x00000014   Code   RO         1667    i.FLASH_Lock        stm32f10x_flash.o
    0x08000ac4   0x00000040   Code   RO         1670    i.FLASH_ProgramHalfWord  stm32f10x_flash.o
    0x08000b04   0x00000018   Code   RO         2328    i.FLASH_ReadByte    flash_rw.o
    0x08000b1c   0x00000018   Code   RO         1675    i.FLASH_Unlock      stm32f10x_flash.o
    0x08000b34   0x00000026   Code   RO         1679    i.FLASH_WaitForLastOperation  stm32f10x_flash.o
    0x08000b5a   0x0000004e   Code   RO         2329    i.FLASH_WriteByte   flash_rw.o
    0x08000ba8   0x00000116   Code   RO          498    i.GPIO_Init         stm32f10x_gpio.o
    0x08000cbe   0x00000012   Code   RO          502    i.GPIO_ReadInputDataBit  stm32f10x_gpio.o
    0x08000cd0   0x00000004   Code   RO          505    i.GPIO_ResetBits    stm32f10x_gpio.o
    0x08000cd4   0x00000004   Code   RO          506    i.GPIO_SetBits      stm32f10x_gpio.o
    0x08000cd8   0x0000009c   Code   RO         2665    i.InputDriveInit    inputdrive.o
    0x08000d74   0x00000070   Code   RO         1178    i.NVIC_Init         misc.o
    0x08000de4   0x00000014   Code   RO         1179    i.NVIC_PriorityGroupConfig  misc.o
    0x08000df8   0x00000008   Code   RO         2361    i.OutputDriveInit   outputdrive.o
    0x08000e00   0x00000018   Code   RO          223    i.RCC_ADCCLKConfig  stm32f10x_rcc.o
    0x08000e18   0x00000020   Code   RO          226    i.RCC_APB1PeriphClockCmd  stm32f10x_rcc.o
    0x08000e38   0x00000020   Code   RO          228    i.RCC_APB2PeriphClockCmd  stm32f10x_rcc.o
    0x08000e58   0x00000020   Code   RO          229    i.RCC_APB2PeriphResetCmd  stm32f10x_rcc.o
    0x08000e78   0x00000190   Code   RO          236    i.RCC_GetClocksFreq  stm32f10x_rcc.o
    0x08001008   0x00000250   Code   RO         2363    i.Relay_Init        outputdrive.o
    0x08001258   0x000000a8   Code   RO         2399    i.STM32F1_UART1_Init  stm32f1_uart1.o
    0x08001300   0x000000a0   Code   RO         2451    i.STM32F1_UART2_Init  stm32f1_uart2.o
    0x080013a0   0x0000003c   Code   RO         2511    i.STM32F1_UART3SendDataS  stm32f1_uart3.o
    0x080013dc   0x000000b0   Code   RO         2512    i.STM32F1_UART3_Init  stm32f1_uart3.o
    0x0800148c   0x00000044   Code   RO         1838    i.STM32_Delay_init  stm32_delay.o
    0x080014d0   0x0000004c   Code   RO         1840    i.STM32_Delay_us    stm32_delay.o
    0x0800151c   0x00000008   Code   RO         2696    i.SetSysClock       system_stm32f10x.o
    0x08001524   0x00000118   Code   RO         2697    i.SetSysClockTo72   system_stm32f10x.o
    0x0800163c   0x00000058   Code   RO         2213    i.Stm32F1_Timer2Init  stm32f1_timer2.o
    0x08001694   0x0000005c   Code   RO         2255    i.Stm32F1_Timer3Init  stm32f1_timer3.o
    0x080016f0   0x00000028   Code   RO         1182    i.SysTick_CLKSourceConfig  misc.o
    0x08001718   0x0000006c   Code   RO         2699    i.SystemInit        system_stm32f10x.o
    0x08001784   0x0000000c   Code   RO         2214    i.TIM2_IRQHandler   stm32f1_timer2.o
    0x08001790   0x00000084   Code   RO         2256    i.TIM3_IRQHandler   stm32f1_timer3.o
    0x08001814   0x00000006   Code   RO          629    i.TIM_ClearITPendingBit  stm32f10x_tim.o
    0x0800181a   0x00000018   Code   RO          634    i.TIM_Cmd           stm32f10x_tim.o
    0x08001832   0x00000012   Code   RO          659    i.TIM_ITConfig      stm32f10x_tim.o
    0x08001844   0x000000a4   Code   RO          705    i.TIM_TimeBaseInit  stm32f10x_tim.o
    0x080018e8   0x000000c0   Code   RO         2400    i.USART1_IRQHandler  stm32f1_uart1.o
    0x080019a8   0x000000d0   Code   RO         2452    i.USART2_IRQHandler  stm32f1_uart2.o
    0x08001a78   0x000000e0   Code   RO         2513    i.USART3_IRQHandler  stm32f1_uart3.o
    0x08001b58   0x00000018   Code   RO         1230    i.USART_Cmd         stm32f10x_usart.o
    0x08001b70   0x0000001a   Code   RO         1233    i.USART_GetFlagStatus  stm32f10x_usart.o
    0x08001b8a   0x00000054   Code   RO         1234    i.USART_GetITStatus  stm32f10x_usart.o
    0x08001bde   0x0000004a   Code   RO         1236    i.USART_ITConfig    stm32f10x_usart.o
    0x08001c28   0x000000d8   Code   RO         1237    i.USART_Init        stm32f10x_usart.o
    0x08001d00   0x0000000a   Code   RO         1244    i.USART_ReceiveData  stm32f10x_usart.o
    0x08001d0a   0x00000008   Code   RO         1247    i.USART_SendData    stm32f10x_usart.o
    0x08001d12   0x00000002   PAD
    0x08001d14   0x00000228   Code   RO            6    i.main              main.o
    0x08001f3c   0x0000004a   Code   RO          202    i.miniDataCreate    mini-data.o
    0x08001f86   0x000000a4   Code   RO          203    i.miniDataGet       mini-data.o
    0x0800202a   0x00000080   Code   RO         2514    i.recvLogic         stm32f1_uart3.o
    0x080020aa   0x00000002   PAD
    0x080020ac   0x00000058   Code   RO            7    i.setFlashData      main.o
    0x08002104   0x00000076   Code   RO         2515    i.uart3Send         stm32f1_uart3.o
    0x0800217a   0x00000016   Code   RO         2516    i.uart3SendNull     stm32f1_uart3.o
    0x08002190   0x0000024c   Code   RO         2453    i.uartRelayProc     stm32f1_uart2.o
    0x080023dc   0x0000005e   Code   RO         2747    x$fpl$dfix          fz_ws.l(dfix.o)
    0x0800243a   0x0000002e   Code   RO         2752    x$fpl$dflt          fz_ws.l(dflt_clz.o)
    0x08002468   0x00000154   Code   RO         2757    x$fpl$dmul          fz_ws.l(dmul.o)
    0x080025bc   0x0000009c   Code   RO         2760    x$fpl$dnaninf       fz_ws.l(dnaninf.o)
    0x08002658   0x0000000c   Code   RO         2762    x$fpl$dretinf       fz_ws.l(dretinf.o)
    0x08002664   0x00000000   Code   RO         2764    x$fpl$usenofp       fz_ws.l(usenofp.o)
    0x08002664   0x00000020   Data   RO         2917    Region$$Table       anon$$obj.o


    Execution Region RW_IRAM1 (Base: 0x20000000, Size: 0x000008c0, Max: 0x00010000, ABSOLUTE)

    Base Addr    Size         Type   Attr      Idx    E Section Name        Object

    0x20000000   0x00000054   Data   RW            8    .data               main.o
    0x20000054   0x00000014   Data   RW          264    .data               stm32f10x_rcc.o
    0x20000068   0x00000004   Data   RW         1841    .data               stm32_delay.o
    0x2000006c   0x0000000c   Data   RW         2402    .data               stm32f1_uart1.o
    0x20000078   0x0000000c   Data   RW         2456    .data               stm32f1_uart2.o
    0x20000084   0x0000000c   Data   RW         2518    .data               stm32f1_uart3.o
    0x20000090   0x00000014   Data   RW         2700    .data               system_stm32f10x.o
    0x200000a4   0x00000094   Zero   RW         2401    .bss                stm32f1_uart1.o
    0x20000138   0x00000094   Zero   RW         2455    .bss                stm32f1_uart2.o
    0x200001cc   0x00000094   Zero   RW         2517    .bss                stm32f1_uart3.o
    0x20000260   0x00000060   Zero   RW         2791    .bss                c_w.l(libspace.o)
    0x200002c0   0x00000200   Zero   RW         2687    HEAP                startup_stm32f10x_cl.o
    0x200004c0   0x00000400   Zero   RW         2686    STACK               startup_stm32f10x_cl.o


==============================================================================

Image component sizes


      Code (inc. data)   RO Data    RW Data    ZI Data      Debug   Object Name

       650         44          0          0          0       5233   ds18b20.o
       650         44          0          0          0       5299   ds18b20_1.o
       102          0          0          0          0       1439   flash_rw.o
       156         14          0          0          0        549   inputdrive.o
       640         72          0         84          0     297611   main.o
       238          0          0          0          0       1979   mini-data.o
       172         22          0          0          0       1889   misc.o
       600         18          0          0          0       1239   outputdrive.o
        64         26        336          0       1536        812   startup_stm32f10x_cl.o
       144         22          0          4          0       6180   stm32_delay.o
       254         24          0          0          0       5675   stm32f10x_adc.o
       286         36          0          0          0       3656   stm32f10x_flash.o
       304          0          0          0          0       3440   stm32f10x_gpio.o
       520         50          0         20          0       6082   stm32f10x_rcc.o
       212         42          0          0          0       2664   stm32f10x_tim.o
       442          6          0          0          0       5829   stm32f10x_usart.o
       144         10          0          0          0        583   stm32f1_adc1.o
       144         10          0          0          0        588   stm32f1_adc2.o
       100          0          0          0          0        983   stm32f1_timer2.o
       224         36          0          0          0       1043   stm32f1_timer3.o
       360         40          0         12        148       2641   stm32f1_uart1.o
       956         72          0         12        148       3004   stm32f1_uart2.o
       728         50          0         12        148       5653   stm32f1_uart3.o
       396         32          0         20          0       2313   system_stm32f10x.o

    ----------------------------------------------------------------------
      8490        670        368        164       1980     366384   Object Totals
         0          0         32          0          0          0   (incl. Generated)
         4          0          0          0          0          0   (incl. Padding)

    ----------------------------------------------------------------------

      Code (inc. data)   RO Data    RW Data    ZI Data      Debug   Library Member Name

         8          0          0          0          0         68   __main.o
         0          0          0          0          0          0   __rtentry.o
        12          0          0          0          0          0   __rtentry2.o
         6          0          0          0          0          0   __rtentry4.o
        52          8          0          0          0          0   __scatter.o
        26          0          0          0          0          0   __scatter_copy.o
        28          0          0          0          0          0   __scatter_zi.o
        18          0          0          0          0         80   exit.o
         6          0          0          0          0        152   heapauxi.o
         0          0          0          0          0          0   indicate_semi.o
         2          0          0          0          0          0   libinit.o
         2          0          0          0          0          0   libinit2.o
         2          0          0          0          0          0   libshutdown.o
         2          0          0          0          0          0   libshutdown2.o
         8          4          0          0         96         68   libspace.o
        78          0          0          0          0         80   rt_memclr_w.o
         2          0          0          0          0          0   rtexit.o
        10          0          0          0          0          0   rtexit2.o
        12          4          0          0          0         68   sys_exit.o
        74          0          0          0          0         80   sys_stackheap_outer.o
         2          0          0          0          0         68   use_no_semi.o
        94          4          0          0          0         92   dfix.o
        46          0          0          0          0         68   dflt_clz.o
       340         12          0          0          0        104   dmul.o
       156          4          0          0          0         92   dnaninf.o
        12          0          0          0          0         68   dretinf.o
         0          0          0          0          0          0   usenofp.o

    ----------------------------------------------------------------------
      1002         36          0          0         96       1088   Library Totals
         4          0          0          0          0          0   (incl. Padding)

    ----------------------------------------------------------------------

      Code (inc. data)   RO Data    RW Data    ZI Data      Debug   Library Name

       350         16          0          0         96        664   c_w.l
       648         20          0          0          0        424   fz_ws.l

    ----------------------------------------------------------------------
      1002         36          0          0         96       1088   Library Totals

    ----------------------------------------------------------------------

==============================================================================


      Code (inc. data)   RO Data    RW Data    ZI Data      Debug   

      9492        706        368        164       2076     362580   Grand Totals
      9492        706        368        164       2076     362580   ELF Image Totals
      9492        706        368        164          0          0   ROM Totals

==============================================================================

    Total RO  Size (Code + RO Data)                 9860 (   9.63kB)
    Total RW  Size (RW Data + ZI Data)              2240 (   2.19kB)
    Total ROM Size (Code + RO Data + RW Data)      10024 (   9.79kB)

==============================================================================

