Component: ARM Compiler 5.06 update 2 (build 183) Tool: armlink [4d35b7]

==============================================================================

Section Cross References

    main.o(i.LitteSenceRun) refers to main.o(i.litteSenceRunXuXu) for litteSenceRunXuXu
    main.o(i.LitteSenceRun) refers to main.o(i.litteSenceRunPooPoo) for litteSenceRunPooPoo
    main.o(i.LitteSenceRun) refers to main.o(i.litteSenceRunHuWai) for litteSenceRunHuWai
    main.o(i.LitteSenceRun) refers to main.o(i.litteSenceRunChongXi) for litteSenceRunChongXi
    main.o(i.LitteSenceRun) refers to main.o(i.litteSenceRunHongGan) for litteSenceRunHongGan
    main.o(i.LitteSenceRun) refers to main.o(i.litteSenceRunChuQun) for litteSenceRunChuQun
    main.o(i.LitteSenceRun) refers to main.o(i.litteSenceRunAnMo) for litteSenceRunAnMo
    main.o(i.LitteSenceRun) refers to main.o(i.litteSenceRunBaoNang) for litteSenceRunBaoNang
    main.o(i.LitteSenceRun) refers to main.o(i.litteSenceRunA) for litteSenceRunA
    main.o(i.LitteSenceRun) refers to main.o(i.litteSenceRunB) for litteSenceRunB
    main.o(i.LitteSenceRun) refers to main.o(i.litteSenceRunC) for litteSenceRunC
    main.o(i.LitteSenceRun) refers to main.o(.data) for g_cCleanCurrentSence
    main.o(i.allOutClose) refers to main.o(i.allSenceClose) for allSenceClose
    main.o(i.allOutClose) refers to main.o(.data) for isCleanRuning
    main.o(i.allSenceClose) refers to stm32f10x_gpio.o(i.GPIO_SetBits) for GPIO_SetBits
    main.o(i.allSenceClose) refers to main.o(.data) for isOpenDry
    main.o(i.allSenceClose) refers to stm32f1_timer2.o(.data) for jaopan
    main.o(i.aurtEventBtn) refers to mini-data.o(i.miniDataCreate) for miniDataCreate
    main.o(i.aurtEventBtn) refers to stm32f1_uart1.o(i.STM32F1_UART1SendDataS) for STM32F1_UART1SendDataS
    main.o(i.aurtEventStatus) refers to rt_memclr_w.o(.text) for __aeabi_memclr4
    main.o(i.aurtEventStatus) refers to mini-data.o(i.miniDataCreate) for miniDataCreate
    main.o(i.aurtEventStatus) refers to stm32f1_uart1.o(i.STM32F1_UART1SendDataS) for STM32F1_UART1SendDataS
    main.o(i.aurtEventStatus) refers to main.o(.data) for g_isAutomation
    main.o(i.aurtEventUnitSence) refers to rt_memclr_w.o(.text) for __aeabi_memclr4
    main.o(i.aurtEventUnitSence) refers to mini-data.o(i.miniDataCreate) for miniDataCreate
    main.o(i.aurtEventUnitSence) refers to stm32f1_uart1.o(i.STM32F1_UART1SendDataS) for STM32F1_UART1SendDataS
    main.o(i.aurtEventUnitShow) refers to rt_memclr_w.o(.text) for __aeabi_memclr4
    main.o(i.aurtEventUnitShow) refers to mini-data.o(i.miniDataCreate) for miniDataCreate
    main.o(i.aurtEventUnitShow) refers to stm32f1_uart1.o(i.STM32F1_UART1SendDataS) for STM32F1_UART1SendDataS
    main.o(i.litteSenceRunA) refers to main.o(i.allOutClose) for allOutClose
    main.o(i.litteSenceRunA) refers to main.o(i.aurtEventUnitSence) for aurtEventUnitSence
    main.o(i.litteSenceRunA) refers to main.o(i.senceDelay) for senceDelay
    main.o(i.litteSenceRunA) refers to main.o(.data) for ppxxStep
    main.o(i.litteSenceRunAnMo) refers to main.o(i.allSenceClose) for allSenceClose
    main.o(i.litteSenceRunAnMo) refers to main.o(i.aurtEventUnitSence) for aurtEventUnitSence
    main.o(i.litteSenceRunAnMo) refers to stm32f10x_gpio.o(i.GPIO_ResetBits) for GPIO_ResetBits
    main.o(i.litteSenceRunAnMo) refers to main.o(i.senceDelay) for senceDelay
    main.o(i.litteSenceRunAnMo) refers to stm32f10x_gpio.o(i.GPIO_SetBits) for GPIO_SetBits
    main.o(i.litteSenceRunAnMo) refers to main.o(i.allOutClose) for allOutClose
    main.o(i.litteSenceRunAnMo) refers to main.o(.data) for anmiCurrentState
    main.o(i.litteSenceRunB) refers to main.o(i.allSenceClose) for allSenceClose
    main.o(i.litteSenceRunB) refers to main.o(i.aurtEventUnitSence) for aurtEventUnitSence
    main.o(i.litteSenceRunB) refers to main.o(i.senceDelay) for senceDelay
    main.o(i.litteSenceRunB) refers to main.o(i.allOutClose) for allOutClose
    main.o(i.litteSenceRunB) refers to main.o(.data) for ppxxStep
    main.o(i.litteSenceRunBaoNang) refers to main.o(i.allSenceClose) for allSenceClose
    main.o(i.litteSenceRunBaoNang) refers to main.o(i.aurtEventUnitSence) for aurtEventUnitSence
    main.o(i.litteSenceRunBaoNang) refers to stm32f10x_gpio.o(i.GPIO_ResetBits) for GPIO_ResetBits
    main.o(i.litteSenceRunBaoNang) refers to main.o(i.senceDelay) for senceDelay
    main.o(i.litteSenceRunBaoNang) refers to stm32f10x_gpio.o(i.GPIO_SetBits) for GPIO_SetBits
    main.o(i.litteSenceRunBaoNang) refers to main.o(i.allOutClose) for allOutClose
    main.o(i.litteSenceRunBaoNang) refers to main.o(.data) for baonianCurrentState
    main.o(i.litteSenceRunC) refers to main.o(i.allSenceClose) for allSenceClose
    main.o(i.litteSenceRunC) refers to main.o(i.aurtEventUnitSence) for aurtEventUnitSence
    main.o(i.litteSenceRunC) refers to main.o(i.senceDelay) for senceDelay
    main.o(i.litteSenceRunC) refers to main.o(i.allOutClose) for allOutClose
[...]
    dc.s                                     0x00000000   Number         0  dc.o ABSOLUTE
    dev\InputDrive.c                         0x00000000   Number         0  inputdrive.o ABSOLUTE
    dev\Motor_Diver.c                        0x00000000   Number         0  motor_diver.o ABSOLUTE
    dev\OutputDrive.c                        0x00000000   Number         0  outputdrive.o ABSOLUTE
    dev\STM32F1_ADC1.c                       0x00000000   Number         0  stm32f1_adc1.o ABSOLUTE
    dev\STM32F1_ADC2.c                       0x00000000   Number         0  stm32f1_adc2.o ABSOLUTE
    dev\STM32F1_UART1.c                      0x00000000   Number         0  stm32f1_uart1.o ABSOLUTE
    dev\STM32F1_UART2.c                      0x00000000   Number         0  stm32f1_uart2.o ABSOLUTE
    dev\STM32F1_UART3.c                      0x00000000   Number         0  stm32f1_uart3.o ABSOLUTE
    dev\STM32_Delay.c                        0x00000000   Number         0  stm32_delay.o ABSOLUTE
    dev\Stm32F1_Timer2.c                     0x00000000   Number         0  stm32f1_timer2.o ABSOLUTE
    dev\Stm32F1_Timer3.c                     0x00000000   Number         0  stm32f1_timer3.o ABSOLUTE
    dev\\InputDrive.c                        0x00000000   Number         0  inputdrive.o ABSOLUTE
    dev\\Motor_Diver.c                       0x00000000   Number         0  motor_diver.o ABSOLUTE
    dev\\OutputDrive.c                       0x00000000   Number         0  outputdrive.o ABSOLUTE
    dev\\STM32F1_ADC1.c                      0x00000000   Number         0  stm32f1_adc1.o ABSOLUTE
    dev\\STM32F1_ADC2.c                      0x00000000   Number         0  stm32f1_adc2.o ABSOLUTE
    dev\\STM32F1_UART1.c                     0x00000000   Number         0  stm32f1_uart1.o ABSOLUTE
    dev\\STM32F1_UART2.c                     0x00000000   Number         0  stm32f1_uart2.o ABSOLUTE
    dev\\STM32F1_UART3.c                     0x00000000   Number         0  stm32f1_uart3.o ABSOLUTE
    dev\\STM32_Delay.c                       0x00000000   Number         0  stm32_delay.o ABSOLUTE
    dev\\Stm32F1_Timer2.c                    0x00000000   Number         0  stm32f1_timer2.o ABSOLUTE
    dev\\Stm32F1_Timer3.c                    0x00000000   Number         0  stm32f1_timer3.o ABSOLUTE
    dev\\ds18b20.c                           0x00000000   Number         0  ds18b20.o ABSOLUTE
    dev\\ds18b20_1.c                         0x00000000   Number         0  ds18b20_1.o ABSOLUTE
    dev\\flash_rw.c                          0x00000000   Number         0  flash_rw.o ABSOLUTE
    dev\\key.c                               0x00000000   Number         0  key.o ABSOLUTE
    dev\\stm32f10x_iwdg.c                    0x00000000   Number         0  stm32f10x_iwdg.o ABSOLUTE
    dev\\stm32f10x_wwdg.c                    0x00000000   Number         0  stm32f10x_wwdg.o ABSOLUTE
    dev\\watchdog.c                          0x00000000   Number         0  watchdog.o ABSOLUTE
    dev\ds18b20.c                            0x00000000   Number         0  ds18b20.o ABSOLUTE
    dev\ds18b20_1.c                          0x00000000   Number         0  ds18b20_1.o ABSOLUTE
    dev\flash_rw.c                           0x00000000   Number         0  flash_rw.o ABSOLUTE
    dev\key.c                                0x00000000   Number         0  key.o ABSOLUTE
    dev\stm32f10x_iwdg.c                     0x00000000   Number         0  stm32f10x_iwdg.o ABSOLUTE
    dev\stm32f10x_wwdg.c                     0x00000000   Number         0  stm32f10x_wwdg.o ABSOLUTE
    dev\watchdog.c                           0x00000000   Number         0  watchdog.o ABSOLUTE
    libs\\src\\misc.c                        0x00000000   Number         0  misc.o ABSOLUTE
    libs\\src\\stm32f10x_adc.c               0x00000000   Number         0  stm32f10x_adc.o ABSOLUTE
    libs\\src\\stm32f10x_flash.c             0x00000000   Number         0  stm32f10x_flash.o ABSOLUTE
    libs\\src\\stm32f10x_gpio.c              0x00000000   Number         0  stm32f10x_gpio.o ABSOLUTE
    libs\\src\\stm32f10x_rcc.c               0x00000000   Number         0  stm32f10x_rcc.o ABSOLUTE
    libs\\src\\stm32f10x_tim.c               0x00000000   Number         0  stm32f10x_tim.o ABSOLUTE
    libs\\src\\stm32f10x_usart.c             0x00000000   Number         0  stm32f10x_usart.o ABSOLUTE
    libs\src\misc.c                          0x00000000   Number         0  misc.o ABSOLUTE
    libs\src\stm32f10x_adc.c                 0x00000000   Number         0  stm32f10x_adc.o ABSOLUTE
    libs\src\stm32f10x_flash.c               0x00000000   Number         0  stm32f10x_flash.o ABSOLUTE
    libs\src\stm32f10x_gpio.c                0x00000000   Number         0  stm32f10x_gpio.o ABSOLUTE
    libs\src\stm32f10x_rcc.c                 0x00000000   Number         0  stm32f10x_rcc.o ABSOLUTE
    libs\src\stm32f10x_tim.c                 0x00000000   Number         0  stm32f10x_tim.o ABSOLUTE
    libs\src\stm32f10x_usart.c               0x00000000   Number         0  stm32f10x_usart.o ABSOLUTE
    user\\main.c                             0x00000000   Number         0  main.o ABSOLUTE
    user\main.c                              0x00000000   Number         0  main.o ABSOLUTE
    user\mini-data.c                         0x00000000   Number         0  mini-data.o ABSOLUTE
    RESET                                    0x08000000   Section      336  startup_stm32f10x_cl.o(RESET)
    !!!main                                  0x08000150   Section        8  __main.o(!!!main)
    !!!scatter                               0x08000158   Section       52  __scatter.o(!!!scatter)
    !!dczerorl2                              0x0800018c   Section       90  __dczerorl2.o(!!dczerorl2)
    !!handler_zi                             0x080001e8   Section       28  __scatter_zi.o(!!handler_zi)
    .ARM.Collect$$libinit$$00000000          0x08000204   Section        2  libinit.o(.ARM.Collect$$libinit$$00000000)
    .ARM.Collect$$libinit$$00000002          0x08000206   Section        0  libinit2.o(.ARM.Collect$$libinit$$00000002)
    .ARM.Collect$$libinit$$00000004          0x08000206   Section        0  libinit2.o(.ARM.Collect$$libinit$$00000004)
    .ARM.Collect$$libinit$$0000000A          0x08000206   Section        0  libinit2.o(.ARM.Collect$$libinit$$0000000A)
    .ARM.Collect$$libinit$$0000000C          0x08000206   Section        0  libinit2.o(.ARM.Collect$$libinit$$0000000C)
    .ARM.Collect$$libinit$$0000000E          0x08000206   Section        0  libinit2.o(.ARM.Collect$$libinit$$0000000E)
    .ARM.Collect$$libinit$$00000011          0x08000206   Section        0  libinit2.o(.ARM.Collect$$libinit$$00000011)
    .ARM.Collect$$libinit$$00000013          0x08000206   Section        0  libinit2.o(.ARM.Collect$$libinit$$00000013)
    .ARM.Collect$$libinit$$00000015          0x08000206   Section        0  libinit2.o(.ARM.Collect$$libinit$$00000015)
    .ARM.Collect$$libinit$$00000017          0x08000206   Section        0  libinit2.o(.ARM.Collect$$libinit$$00000017)
    .ARM.Collect$$libinit$$00000019          0x08000206   Section        0  libinit2.o(.ARM.Collect$$libinit$$00000019)
    .ARM.Collect$$libinit$$0000001B          0x08000206   Section        0  libinit2.o(.ARM.Collect$$libinit$$0000001B)
    .ARM.Collect$$libinit$$0000001D          0x08000206   Section        0  libinit2.o(.ARM.Collect$$libinit$$0000001D)
    .ARM.Collect$$libinit$$0000001F          0x08000206   Section        0  libinit2.o(.ARM.Collect$$libinit$$0000001F)
    .ARM.Collect$$libinit$$00000021          0x08000206   Section        0  libinit2.o(.ARM.Collect$$libinit$$00000021)
    .ARM.Collect$$libinit$$00000023          0x08000206   Section        0  libinit2.o(.ARM.Collect$$libinit$$00000023)
    .ARM.Collect$$libinit$$00000025          0x08000206   Section        0  libinit2.o(.ARM.Collect$$libinit$$00000025)
    .ARM.Collect$$libinit$$0000002C          0x08000206   Section        0  libinit2.o(.ARM.Collect$$libinit$$0000002C)
    .ARM.Collect$$libinit$$0000002E          0x08000206   Section        0  libinit2.o(.ARM.Collect$$libinit$$0000002E)
    .ARM.Collect$$libinit$$00000030          0x08000206   Section        0  libinit2.o(.ARM.Collect$$libinit$$00000030)
    .ARM.Collect$$libinit$$00000032          0x08000206   Section        0  libinit2.o(.ARM.Collect$$libinit$$00000032)
    .ARM.Collect$$libinit$$00000033          0x08000206   Section        2  libinit2.o(.ARM.Collect$$libinit$$00000033)
    .ARM.Collect$$libshutdown$$00000000      0x08000208   Section        2  libshutdown.o(.ARM.Collect$$libshutdown$$00000000)
    .ARM.Collect$$libshutdown$$00000002      0x0800020a   Section        0  libshutdown2.o(.ARM.Collect$$libshutdown$$00000002)
    .ARM.Collect$$libshutdown$$00000004      0x0800020a   Section        0  libshutdown2.o(.ARM.Collect$$libshutdown$$00000004)
    .ARM.Collect$$libshutdown$$00000007      0x0800020a   Section        0  libshutdown2.o(.ARM.Collect$$libshutdown$$00000007)
    .ARM.Collect$$libshutdown$$0000000A      0x0800020a   Section        0  libshutdown2.o(.ARM.Collect$$libshutdown$$0000000A)
    .ARM.Collect$$libshutdown$$0000000C      0x0800020a   Section        0  libshutdown2.o(.ARM.Collect$$libshutdown$$0000000C)
    .ARM.Collect$$libshutdown$$0000000F      0x0800020a   Section        0  libshutdown2.o(.ARM.Collect$$libshutdown$$0000000F)
    .ARM.Collect$$libshutdown$$00000010      0x0800020a   Section        2  libshutdown2.o(.ARM.Collect$$libshutdown$$00000010)
    .ARM.Collect$$rtentry$$00000000          0x0800020c   Section        0  __rtentry.o(.ARM.Collect$$rtentry$$00000000)
    .ARM.Collect$$rtentry$$00000002          0x0800020c   Section        0  __rtentry2.o(.ARM.Collect$$rtentry$$00000002)
    .ARM.Collect$$rtentry$$00000004          0x0800020c   Section        6  __rtentry4.o(.ARM.Collect$$rtentry$$00000004)
    .ARM.Collect$$rtentry$$00000009          0x08000212   Section        0  __rtentry2.o(.ARM.Collect$$rtentry$$00000009)
    .ARM.Collect$$rtentry$$0000000A          0x08000212   Section        4  __rtentry2.o(.ARM.Collect$$rtentry$$0000000A)
    .ARM.Collect$$rtentry$$0000000C          0x08000216   Section        0  __rtentry2.o(.ARM.Collect$$rtentry$$0000000C)
    .ARM.Collect$$rtentry$$0000000D          0x08000216   Section        8  __rtentry2.o(.ARM.Collect$$rtentry$$0000000D)
    .ARM.Collect$$rtexit$$00000000           0x0800021e   Section        2  rtexit.o(.ARM.Collect$$rtexit$$00000000)
    .ARM.Collect$$rtexit$$00000002           0x08000220   Section        0  rtexit2.o(.ARM.Collect$$rtexit$$00000002)
    .ARM.Collect$$rtexit$$00000003           0x08000220   Section        4  rtexit2.o(.ARM.Collect$$rtexit$$00000003)
    .ARM.Collect$$rtexit$$00000004           0x08000224   Section        6  rtexit2.o(.ARM.Collect$$rtexit$$00000004)
    .text                                    0x0800022c   Section       64  startup_stm32f10x_cl.o(.text)
    .text                                    0x0800026c   Section       78  rt_memclr_w.o(.text)
    .text                                    0x080002ba   Section        0  heapauxi.o(.text)
    .text                                    0x080002c0   Section       74  sys_stackheap_outer.o(.text)
    .text                                    0x0800030a   Section        0  exit.o(.text)
    .text                                    0x0800031c   Section        8  libspace.o(.text)
    .text                                    0x08000324   Section        0  sys_exit.o(.text)
    .text                                    0x08000330   Section        2  use_no_semi.o(.text)
    .text                                    0x08000332   Section        0  indicate_semi.o(.text)
    i.ADC_Cmd                                0x08000332   Section        0  stm32f10x_adc.o(i.ADC_Cmd)
    i.ADC_DeInit                             0x08000348   Section        0  stm32f10x_adc.o(i.ADC_DeInit)
    i.ADC_GetCalibrationStatus               0x080003a4   Section        0  stm32f10x_adc.o(i.ADC_GetCalibrationStatus)
    i.ADC_GetResetCalibrationStatus          0x080003b8   Section        0  stm32f10x_adc.o(i.ADC_GetResetCalibrationStatus)
    i.ADC_Init                               0x080003cc   Section        0  stm32f10x_adc.o(i.ADC_Init)
    i.ADC_ResetCalibration                   0x0800041c   Section        0  stm32f10x_adc.o(i.ADC_ResetCalibration)
    i.ADC_StartCalibration                   0x08000426   Section        0  stm32f10x_adc.o(i.ADC_StartCalibration)
    i.ANMO_Configuration                     0x08000430   Section        0  outputdrive.o(i.ANMO_Configuration)
    i.Adc2_Init                              0x08000484   Section        0  stm32f1_adc2.o(i.Adc2_Init)
    i.Adc_Init                               0x08000514   Section        0  stm32f1_adc1.o(i.Adc_Init)
    i.DS18B20_Check                          0x080005a4   Section        0  ds18b20.o(i.DS18B20_Check)
    i.DS18B20_Check1                         0x080005fc   Section        0  ds18b20_1.o(i.DS18B20_Check1)
    i.DS18B20_DQ1_IN                         0x08000654   Section        0  ds18b20_1.o(i.DS18B20_DQ1_IN)
    i.DS18B20_DQ1_OUT                        0x08000678   Section        0  ds18b20_1.o(i.DS18B20_DQ1_OUT)
    i.DS18B20_DQ_IN                          0x0800069c   Section        0  ds18b20.o(i.DS18B20_DQ_IN)
    i.DS18B20_DQ_OUT                         0x080006c0   Section        0  ds18b20.o(i.DS18B20_DQ_OUT)
    i.DS18B20_Get_Temp                       0x080006e4   Section        0  ds18b20.o(i.DS18B20_Get_Temp)
    i.DS18B20_Get_Temp1                      0x08000794   Section        0  ds18b20_1.o(i.DS18B20_Get_Temp1)
    i.DS18B20_Init                           0x08000844   Section        0  ds18b20.o(i.DS18B20_Init)
    i.DS18B20_Init1                          0x08000878   Section        0  ds18b20_1.o(i.DS18B20_Init1)
    i.DS18B20_Read_Bit                       0x080008ac   Section        0  ds18b20.o(i.DS18B20_Read_Bit)
    i.DS18B20_Read_Bit1                      0x080008f0   Section        0  ds18b20_1.o(i.DS18B20_Read_Bit1)
    i.DS18B20_Read_Byte                      0x08000934   Section        0  ds18b20.o(i.DS18B20_Read_Byte)
    i.DS18B20_Read_Byte1                     0x08000956   Section        0  ds18b20_1.o(i.DS18B20_Read_Byte1)
    i.DS18B20_Rst                            0x08000978   Section        0  ds18b20.o(i.DS18B20_Rst)
    i.DS18B20_Rst1                           0x080009a4   Section        0  ds18b20_1.o(i.DS18B20_Rst1)
    i.DS18B20_Start                          0x080009d0   Section        0  ds18b20.o(i.DS18B20_Start)
    i.DS18B20_Start1                         0x080009e8   Section        0  ds18b20_1.o(i.DS18B20_Start1)
    i.DS18B20_Write_Byte                     0x08000a00   Section        0  ds18b20.o(i.DS18B20_Write_Byte)
    i.DS18B20_Write_Byte1                    0x08000a5c   Section        0  ds18b20_1.o(i.DS18B20_Write_Byte1)
    i.FLASH_ClearFlag                        0x08000ab8   Section        0  stm32f10x_flash.o(i.FLASH_ClearFlag)
    i.FLASH_ErasePage                        0x08000ac4   Section        0  stm32f10x_flash.o(i.FLASH_ErasePage)
    i.FLASH_GetBank1Status                   0x08000b10   Section        0  stm32f10x_flash.o(i.FLASH_GetBank1Status)
    i.FLASH_Lock                             0x08000b44   Section        0  stm32f10x_flash.o(i.FLASH_Lock)
    i.FLASH_ProgramHalfWord                  0x08000b58   Section        0  stm32f10x_flash.o(i.FLASH_ProgramHalfWord)
    i.FLASH_ReadByte                         0x08000b98   Section        0  flash_rw.o(i.FLASH_ReadByte)
    i.FLASH_Unlock                           0x08000bb0   Section        0  stm32f10x_flash.o(i.FLASH_Unlock)
    i.FLASH_WaitForLastOperation             0x08000bc8   Section        0  stm32f10x_flash.o(i.FLASH_WaitForLastOperation)
    i.FLASH_WriteByte                        0x08000bee   Section        0  flash_rw.o(i.FLASH_WriteByte)
    i.GPIO_Init                              0x08000c3c   Section        0  stm32f10x_gpio.o(i.GPIO_Init)
    i.GPIO_ReadInputData                     0x08000d52   Section        0  stm32f10x_gpio.o(i.GPIO_ReadInputData)
    i.GPIO_ReadInputDataBit                  0x08000d5a   Section        0  stm32f10x_gpio.o(i.GPIO_ReadInputDataBit)
    i.GPIO_ReadOutputDataBit                 0x08000d6c   Section        0  stm32f10x_gpio.o(i.GPIO_ReadOutputDataBit)
    i.GPIO_ResetBits                         0x08000d7e   Section        0  stm32f10x_gpio.o(i.GPIO_ResetBits)
    i.GPIO_SetBits                           0x08000d82   Section        0  stm32f10x_gpio.o(i.GPIO_SetBits)
    i.GPIO_WriteBit                          0x08000d86   Section        0  stm32f10x_gpio.o(i.GPIO_WriteBit)
    i.InputDriveInit                         0x08000d90   Section        0  inputdrive.o(i.InputDriveInit)
    i.LED_Configuration                      0x08000e2c   Section        0  outputdrive.o(i.LED_Configuration)
    i.LitteSenceRun                          0x08000eb0   Section        0  main.o(i.LitteSenceRun)
    i.Mon2blockTurnLeft                      0x08000f94   Section        0  motor_diver.o(i.Mon2blockTurnLeft)
    i.Motor1_do                              0x080011b0   Section        0  motor_diver.o(i.Motor1_do)
    i.Motor2_do                              0x080011dc   Section        0  motor_diver.o(i.Motor2_do)
    i.Motor2_do_intpr_cmd                    0x08001208   Section        0  motor_diver.o(i.Motor2_do_intpr_cmd)
    i.Motor_Init                             0x08001228   Section        0  motor_diver.o(i.Motor_Init)
    i.Motor_demo                             0x080013c0   Section        0  motor_diver.o(i.Motor_demo)
    i.Motor_demo_down                        0x080013d4   Section        0  motor_diver.o(i.Motor_demo_down)
    i.Motor_demo_up                          0x080013ec   Section        0  motor_diver.o(i.Motor_demo_up)
    i.NVIC_Init                              0x08001404   Section        0  misc.o(i.NVIC_Init)
    i.NVIC_PriorityGroupConfig               0x08001474   Section        0  misc.o(i.NVIC_PriorityGroupConfig)
    i.OutputDriveInit                        0x08001488   Section        0  outputdrive.o(i.OutputDriveInit)
    i.POWER_Configuration                    0x080014a4   Section        0  outputdrive.o(i.POWER_Configuration)
    i.RCC_ADCCLKConfig                       0x08001524   Section        0  stm32f10x_rcc.o(i.RCC_ADCCLKConfig)
    i.RCC_APB1PeriphClockCmd                 0x0800153c   Section        0  stm32f10x_rcc.o(i.RCC_APB1PeriphClockCmd)
    i.RCC_APB2PeriphClockCmd                 0x0800155c   Section        0  stm32f10x_rcc.o(i.RCC_APB2PeriphClockCmd)
    i.RCC_APB2PeriphResetCmd                 0x0800157c   Section        0  stm32f10x_rcc.o(i.RCC_APB2PeriphResetCmd)
    i.RCC_GetClocksFreq                      0x0800159c   Section        0  stm32f10x_rcc.o(i.RCC_GetClocksFreq)
    i.Relay_Init                             0x0800172c   Section        0  outputdrive.o(i.Relay_Init)
    i.STM32F1_UART1SendDataS                 0x08001934   Section        0  stm32f1_uart1.o(i.STM32F1_UART1SendDataS)
    i.STM32F1_UART1_Init                     0x08001970   Section        0  stm32f1_uart1.o(i.STM32F1_UART1_Init)
    i.STM32F1_UART2_Init                     0x08001a18   Section        0  stm32f1_uart2.o(i.STM32F1_UART2_Init)
    i.STM32F1_UART3SendDataS                 0x08001ab8   Section        0  stm32f1_uart3.o(i.STM32F1_UART3SendDataS)
    i.STM32F1_UART3_Init                     0x08001af4   Section        0  stm32f1_uart3.o(i.STM32F1_UART3_Init)
    i.STM32_Delay_init                       0x08001ba4   Section        0  stm32_delay.o(i.STM32_Delay_init)
    i.STM32_Delay_ms                         0x08001be8   Section        0  stm32_delay.o(i.STM32_Delay_ms)
    i.STM32_Delay_us                         0x08001c34   Section        0  stm32_delay.o(i.STM32_Delay_us)
    i.SetSysClock                            0x08001c80   Section        0  system_stm32f10x.o(i.SetSysClock)
    SetSysClock                              0x08001c81   Thumb Code     8  system_stm32f10x.o(i.SetSysClock)
    i.SetSysClockTo72                        0x08001c88   Section        0  system_stm32f10x.o(i.SetSysClockTo72)
    SetSysClockTo72                          0x08001c89   Thumb Code   264  system_stm32f10x.o(i.SetSysClockTo72)
    i.Stm32F1_Timer2Init                     0x08001da0   Section        0  stm32f1_timer2.o(i.Stm32F1_Timer2Init)
    i.Stm32F1_Timer3Init                     0x08001df8   Section        0  stm32f1_timer3.o(i.Stm32F1_Timer3Init)
    i.SysTick_CLKSourceConfig                0x08001e54   Section        0  misc.o(i.SysTick_CLKSourceConfig)
    i.SystemInit                             0x08001e7c   Section        0  system_stm32f10x.o(i.SystemInit)
    i.TIM2_IRQHandler                        0x08001ee8   Section        0  stm32f1_timer2.o(i.TIM2_IRQHandler)
    i.TIM3_IRQHandler                        0x08001f94   Section        0  stm32f1_timer3.o(i.TIM3_IRQHandler)
    i.TIM_ClearITPendingBit                  0x08002008   Section        0  stm32f10x_tim.o(i.TIM_ClearITPendingBit)
    i.TIM_Cmd                                0x0800200e   Section        0  stm32f10x_tim.o(i.TIM_Cmd)
    i.TIM_ITConfig                           0x08002026   Section        0  stm32f10x_tim.o(i.TIM_ITConfig)
    i.TIM_TimeBaseInit                       0x08002038   Section        0  stm32f10x_tim.o(i.TIM_TimeBaseInit)
    i.USART1_IRQHandler                      0x080020dc   Section        0  stm32f1_uart1.o(i.USART1_IRQHandler)
    i.USART2_IRQHandler                      0x08002294   Section        0  stm32f1_uart2.o(i.USART2_IRQHandler)
    i.USART3_IRQHandler                      0x0800231c   Section        0  stm32f1_uart3.o(i.USART3_IRQHandler)
    i.USART_Cmd                              0x08002338   Section        0  stm32f10x_usart.o(i.USART_Cmd)
    i.USART_GetFlagStatus                    0x08002350   Section        0  stm32f10x_usart.o(i.USART_GetFlagStatus)
    i.USART_GetITStatus                      0x0800236a   Section        0  stm32f10x_usart.o(i.USART_GetITStatus)
    i.USART_ITConfig                         0x080023be   Section        0  stm32f10x_usart.o(i.USART_ITConfig)
    i.USART_Init                             0x08002408   Section        0  stm32f10x_usart.o(i.USART_Init)
    i.USART_ReceiveData                      0x080024e0   Section        0  stm32f10x_usart.o(i.USART_ReceiveData)
    i.USART_SendData                         0x080024ea   Section        0  stm32f10x_usart.o(i.USART_SendData)
    i.VOLUME_Configuration                   0x080024f4   Section        0  outputdrive.o(i.VOLUME_Configuration)
    i.allOutClose                            0x08002548   Section        0  main.o(i.allOutClose)
    i.allSenceClose                          0x08002574   Section        0  main.o(i.allSenceClose)
    i.aurtEventBtn                           0x0800261c   Section        0  main.o(i.aurtEventBtn)
    i.aurtEventStatus                        0x08002654   Section        0  main.o(i.aurtEventStatus)
    i.aurtEventUnitSence                     0x0800274c   Section        0  main.o(i.aurtEventUnitSence)
    i.aurtEventUnitShow                      0x0800278c   Section        0  main.o(i.aurtEventUnitShow)
    i.litteSenceRunA                         0x080027d8   Section        0  main.o(i.litteSenceRunA)
    i.litteSenceRunAnMo                      0x08002888   Section        0  main.o(i.litteSenceRunAnMo)
    i.litteSenceRunB                         0x08002b10   Section        0  main.o(i.litteSenceRunB)
    i.litteSenceRunBaoNang                   0x08002bc0   Section        0  main.o(i.litteSenceRunBaoNang)
    i.litteSenceRunC                         0x08002e48   Section        0  main.o(i.litteSenceRunC)
    i.litteSenceRunChongXi                   0x08002ef8   Section        0  main.o(i.litteSenceRunChongXi)
    i.litteSenceRunChuQun                    0x080030b8   Section        0  main.o(i.litteSenceRunChuQun)
    i.litteSenceRunHongGan                   0x08003314   Section        0  main.o(i.litteSenceRunHongGan)
    i.litteSenceRunHuWai                     0x080033fc   Section        0  main.o(i.litteSenceRunHuWai)
    i.litteSenceRunPooPoo                    0x08004290   Section        0  main.o(i.litteSenceRunPooPoo)
    i.litteSenceRunXuXu                      0x08004500   Section        0  main.o(i.litteSenceRunXuXu)
    i.main                                   0x080046e8   Section        0  main.o(i.main)
    i.miniDataCreate                         0x08004e28   Section        0  mini-data.o(i.miniDataCreate)
    i.miniDataGet                            0x08004e72   Section        0  mini-data.o(i.miniDataGet)
    i.sceMotor1_do                           0x08004f18   Section        0  motor_diver.o(i.sceMotor1_do)
    i.sceMotor2_do                           0x08005038   Section        0  motor_diver.o(i.sceMotor2_do)
    i.sceMotorDemo_do                        0x08005e40   Section        0  motor_diver.o(i.sceMotorDemo_do)
    i.senceDelay                             0x08006044   Section        0  main.o(i.senceDelay)
    i.sendTimeCfg                            0x0800608c   Section        0  stm32f1_uart1.o(i.sendTimeCfg)
    i.setFlashData                           0x080060dc   Section        0  main.o(i.setFlashData)
    i.zhSCM_initKeyState                     0x08006184   Section        0  key.o(i.zhSCM_initKeyState)
    i.zhSCM_keyState                         0x0800618a   Section        0  key.o(i.zhSCM_keyState)
    x$fpl$dfix                               0x08006200   Section       94  dfix.o(x$fpl$dfix)
    x$fpl$dflt                               0x0800625e   Section       46  dflt_clz.o(x$fpl$dflt)
    x$fpl$dmul                               0x0800628c   Section      340  dmul.o(x$fpl$dmul)
    x$fpl$dnaninf                            0x080063e0   Section      156  dnaninf.o(x$fpl$dnaninf)
    x$fpl$dretinf                            0x0800647c   Section       12  dretinf.o(x$fpl$dretinf)
    x$fpl$usenofp                            0x08006488   Section        0  usenofp.o(x$fpl$usenofp)
    .data                                    0x20000000   Section      204  main.o(.data)
    anmiCurrentState                         0x20000090   Data           4  main.o(.data)
    baonianCurrentState                      0x20000094   Data           4  main.o(.data)
    nCalca                                   0x20000098   Data           4  main.o(.data)
    nCalca                                   0x2000009c   Data           4  main.o(.data)
    nCalca                                   0x200000a0   Data           4  main.o(.data)
    nCalca                                   0x200000a4   Data           4  main.o(.data)
    nCalca                                   0x200000a8   Data           4  main.o(.data)
    nCalca                                   0x200000ac   Data           4  main.o(.data)
    nCalca                                   0x200000b0   Data           4  main.o(.data)
    nCalca                                   0x200000b4   Data           4  main.o(.data)
    nCalca                                   0x200000b8   Data           4  main.o(.data)
    nCalca                                   0x200000bc   Data           4  main.o(.data)
    nCalca                                   0x200000c0   Data           4  main.o(.data)
    nCalca                                   0x200000c4   Data           4  main.o(.data)
    nCalca                                   0x200000c8   Data           4  main.o(.data)
    .data                                    0x200000cc   Section       20  stm32f10x_rcc.o(.data)
    APBAHBPrescTable                         0x200000cc   Data          16  stm32f10x_rcc.o(.data)
    ADCPrescTable                            0x200000dc   Data           4  stm32f10x_rcc.o(.data)
    .data                                    0x200000e0   Section        4  stm32_delay.o(.data)
    .data                                    0x200000e4   Section       20  motor_diver.o(.data)
    dododyesLeft                             0x200000ec   Data           4  motor_diver.o(.data)
    dododyes                                 0x200000f0   Data           4  motor_diver.o(.data)
    nCalca                                   0x200000f4   Data           4  motor_diver.o(.data)
    .data                                    0x200000f8   Section       12  stm32f1_timer2.o(.data)
    .data                                    0x20000104   Section       20  stm32f1_timer3.o(.data)
    .data                                    0x20000118   Section        3  stm32f1_uart1.o(.data)
    .data                                    0x2000011c   Section        9  stm32f1_uart2.o(.data)
    .data                                    0x20000128   Section       20  system_stm32f10x.o(.data)
    .bss                                     0x2000013c   Section       14  main.o(.bss)
    .bss                                     0x2000014c   Section      148  stm32f1_uart1.o(.bss)
    .bss                                     0x200001e0   Section       11  stm32f1_uart2.o(.bss)
    .bss                                     0x200001ec   Section       96  libspace.o(.bss)
    HEAP                                     0x20000250   Section      512  startup_stm32f10x_cl.o(HEAP)
    Heap_Mem                                 0x20000250   Data         512  startup_stm32f10x_cl.o(HEAP)
    STACK                                    0x20000450   Section     1024  startup_stm32f10x_cl.o(STACK)
    Stack_Mem                                0x20000450   Data        1024  startup_stm32f10x_cl.o(STACK)
    __initial_sp                             0x20000850   Data           0  startup_stm32f10x_cl.o(STACK)

    Global Symbols

    Symbol Name                              Value     Ov Type        Size  Object(Section)

    BuildAttributes$$THM_ISAv4$P$D$K$B$S$PE$A:L22UL41UL21$X:L11$S22US41US21$IEEE1$IW$USESV6$~STKCKD$USESV7$~SHL$OSPACE$ROPI$EBA8$UX$STANDARDLIB$REQ8$PRES8$EABIv2 0x00000000   Number         0  anon$$obj.o ABSOLUTE
    __ARM_use_no_argv                        0x00000000   Number         0  main.o ABSOLUTE
    __ARM_exceptions_init                     - Undefined Weak Reference
    __alloca_initialize                       - Undefined Weak Reference
    __arm_preinit_                            - Undefined Weak Reference
    __cpp_initialize__aeabi_                  - Undefined Weak Reference
    __cxa_finalize                            - Undefined Weak Reference
    __rt_locale                               - Undefined Weak Reference
    __sigvec_lookup                           - Undefined Weak Reference
    _atexit_init                              - Undefined Weak Reference
    _call_atexit_fns                          - Undefined Weak Reference
    _clock_init                               - Undefined Weak Reference
    _fp_trap_init                             - Undefined Weak Reference
    _fp_trap_shutdown                         - Undefined Weak Reference
    _get_lc_collate                           - Undefined Weak Reference
    _get_lc_ctype                             - Undefined Weak Reference
    _get_lc_monetary                          - Undefined Weak Reference
    _get_lc_numeric                           - Undefined Weak Reference
    _get_lc_time                              - Undefined Weak Reference
    _getenv_init                              - Undefined Weak Reference
    _handle_redirection                       - Undefined Weak Reference
    _init_alloc                               - Undefined Weak Reference
    _init_user_alloc                          - Undefined Weak Reference
    _initio                                   - Undefined Weak Reference
    _rand_init                                - Undefined Weak Reference
    _signal_finish                            - Undefined Weak Reference
    _signal_init                              - Undefined Weak Reference
    _terminate_alloc                          - Undefined Weak Reference
    _terminate_user_alloc                     - Undefined Weak Reference
    _terminateio                              - Undefined Weak Reference
    __Vectors_Size                           0x00000150   Number         0  startup_stm32f10x_cl.o ABSOLUTE
    __Vectors                                0x08000000   Data           4  startup_stm32f10x_cl.o(RESET)
    __Vectors_End                            0x08000150   Data           0  startup_stm32f10x_cl.o(RESET)
    __main                                   0x08000151   Thumb Code     8  __main.o(!!!main)
    __scatterload                            0x08000159   Thumb Code     0  __scatter.o(!!!scatter)
    __scatterload_rt2                        0x08000159   Thumb Code    44  __scatter.o(!!!scatter)
    __scatterload_rt2_thumb_only             0x08000159   Thumb Code     0  __scatter.o(!!!scatter)
    __scatterload_null                       0x08000167   Thumb Code     0  __scatter.o(!!!scatter)
    __decompress                             0x0800018d   Thumb Code    90  __dczerorl2.o(!!dczerorl2)
    __decompress1                            0x0800018d   Thumb Code     0  __dczerorl2.o(!!dczerorl2)
    __scatterload_zeroinit                   0x080001e9   Thumb Code    28  __scatter_zi.o(!!handler_zi)
    __rt_lib_init                            0x08000205   Thumb Code     0  libinit.o(.ARM.Collect$$libinit$$00000000)
    __rt_lib_init_alloca_1                   0x08000207   Thumb Code     0  libinit2.o(.ARM.Collect$$libinit$$0000002E)
    __rt_lib_init_argv_1                     0x08000207   Thumb Code     0  libinit2.o(.ARM.Collect$$libinit$$0000002C)
    __rt_lib_init_atexit_1                   0x08000207   Thumb Code     0  libinit2.o(.ARM.Collect$$libinit$$0000001B)
    __rt_lib_init_clock_1                    0x08000207   Thumb Code     0  libinit2.o(.ARM.Collect$$libinit$$00000021)
    __rt_lib_init_cpp_1                      0x08000207   Thumb Code     0  libinit2.o(.ARM.Collect$$libinit$$00000032)
    __rt_lib_init_exceptions_1               0x08000207   Thumb Code     0  libinit2.o(.ARM.Collect$$libinit$$00000030)
    __rt_lib_init_fp_1                       0x08000207   Thumb Code     0  libinit2.o(.ARM.Collect$$libinit$$00000002)
    __rt_lib_init_fp_trap_1                  0x08000207   Thumb Code     0  libinit2.o(.ARM.Collect$$libinit$$0000001F)
    __rt_lib_init_getenv_1                   0x08000207   Thumb Code     0  libinit2.o(.ARM.Collect$$libinit$$00000023)
    __rt_lib_init_heap_1                     0x08000207   Thumb Code     0  libinit2.o(.ARM.Collect$$libinit$$0000000A)
    __rt_lib_init_lc_collate_1               0x08000207   Thumb Code     0  libinit2.o(.ARM.Collect$$libinit$$00000011)
    __rt_lib_init_lc_ctype_1                 0x08000207   Thumb Code     0  libinit2.o(.ARM.Collect$$libinit$$00000013)
    __rt_lib_init_lc_monetary_1              0x08000207   Thumb Code     0  libinit2.o(.ARM.Collect$$libinit$$00000015)
    __rt_lib_init_lc_numeric_1               0x08000207   Thumb Code     0  libinit2.o(.ARM.Collect$$libinit$$00000017)
    __rt_lib_init_lc_time_1                  0x08000207   Thumb Code     0  libinit2.o(.ARM.Collect$$libinit$$00000019)
    __rt_lib_init_preinit_1                  0x08000207   Thumb Code     0  libinit2.o(.ARM.Collect$$libinit$$00000004)
    __rt_lib_init_rand_1                     0x08000207   Thumb Code     0  libinit2.o(.ARM.Collect$$libinit$$0000000E)
    __rt_lib_init_return                     0x08000207   Thumb Code     0  libinit2.o(.ARM.Collect$$libinit$$00000033)
    __rt_lib_init_signal_1                   0x08000207   Thumb Code     0  libinit2.o(.ARM.Collect$$libinit$$0000001D)
    __rt_lib_init_stdio_1                    0x08000207   Thumb Code     0  libinit2.o(.ARM.Collect$$libinit$$00000025)
    __rt_lib_init_user_alloc_1               0x08000207   Thumb Code     0  libinit2.o(.ARM.Collect$$libinit$$0000000C)
    __rt_lib_shutdown                        0x08000209   Thumb Code     0  libshutdown.o(.ARM.Collect$$libshutdown$$00000000)
    __rt_lib_shutdown_cpp_1                  0x0800020b   Thumb Code     0  libshutdown2.o(.ARM.Collect$$libshutdown$$00000002)
    __rt_lib_shutdown_fp_trap_1              0x0800020b   Thumb Code     0  libshutdown2.o(.ARM.Collect$$libshutdown$$00000007)
    __rt_lib_shutdown_heap_1                 0x0800020b   Thumb Code     0  libshutdown2.o(.ARM.Collect$$libshutdown$$0000000F)
    __rt_lib_shutdown_return                 0x0800020b   Thumb Code     0  libshutdown2.o(.ARM.Collect$$libshutdown$$00000010)
    __rt_lib_shutdown_signal_1               0x0800020b   Thumb Code     0  libshutdown2.o(.ARM.Collect$$libshutdown$$0000000A)
    __rt_lib_shutdown_stdio_1                0x0800020b   Thumb Code     0  libshutdown2.o(.ARM.Collect$$libshutdown$$00000004)
    __rt_lib_shutdown_user_alloc_1           0x0800020b   Thumb Code     0  libshutdown2.o(.ARM.Collect$$libshutdown$$0000000C)
    __rt_entry                               0x0800020d   Thumb Code     0  __rtentry.o(.ARM.Collect$$rtentry$$00000000)
    __rt_entry_presh_1                       0x0800020d   Thumb Code     0  __rtentry2.o(.ARM.Collect$$rtentry$$00000002)
    __rt_entry_sh                            0x0800020d   Thumb Code     0  __rtentry4.o(.ARM.Collect$$rtentry$$00000004)
    __rt_entry_li                            0x08000213   Thumb Code     0  __rtentry2.o(.ARM.Collect$$rtentry$$0000000A)
    __rt_entry_postsh_1                      0x08000213   Thumb Code     0  __rtentry2.o(.ARM.Collect$$rtentry$$00000009)
    __rt_entry_main                          0x08000217   Thumb Code     0  __rtentry2.o(.ARM.Collect$$rtentry$$0000000D)
    __rt_entry_postli_1                      0x08000217   Thumb Code     0  __rtentry2.o(.ARM.Collect$$rtentry$$0000000C)
    __rt_exit                                0x0800021f   Thumb Code     0  rtexit.o(.ARM.Collect$$rtexit$$00000000)
    __rt_exit_ls                             0x08000221   Thumb Code     0  rtexit2.o(.ARM.Collect$$rtexit$$00000003)
    __rt_exit_prels_1                        0x08000221   Thumb Code     0  rtexit2.o(.ARM.Collect$$rtexit$$00000002)
    __rt_exit_exit                           0x08000225   Thumb Code     0  rtexit2.o(.ARM.Collect$$rtexit$$00000004)
    Reset_Handler                            0x0800022d   Thumb Code     8  startup_stm32f10x_cl.o(.text)
    NMI_Handler                              0x08000235   Thumb Code     2  startup_stm32f10x_cl.o(.text)
    HardFault_Handler                        0x08000237   Thumb Code     2  startup_stm32f10x_cl.o(.text)
    MemManage_Handler                        0x08000239   Thumb Code     2  startup_stm32f10x_cl.o(.text)
    BusFault_Handler                         0x0800023b   Thumb Code     2  startup_stm32f10x_cl.o(.text)
    UsageFault_Handler                       0x0800023d   Thumb Code     2  startup_stm32f10x_cl.o(.text)
    SVC_Handler                              0x0800023f   Thumb Code     2  startup_stm32f10x_cl.o(.text)
    DebugMon_Handler                         0x08000241   Thumb Code     2  startup_stm32f10x_cl.o(.text)
    PendSV_Handler                           0x08000243   Thumb Code     2  startup_stm32f10x_cl.o(.text)
    SysTick_Handler                          0x08000245   Thumb Code     2  startup_stm32f10x_cl.o(.text)
    ADC1_2_IRQHandler                        0x08000247   Thumb Code     0  startup_stm32f10x_cl.o(.text)
    CAN1_RX0_IRQHandler                      0x08000247   Thumb Code     0  startup_stm32f10x_cl.o(.text)
    CAN1_RX1_IRQHandler                      0x08000247   Thumb Code     0  startup_stm32f10x_cl.o(.text)
    CAN1_SCE_IRQHandler                      0x08000247   Thumb Code     0  startup_stm32f10x_cl.o(.text)
    CAN1_TX_IRQHandler                       0x08000247   Thumb Code     0  startup_stm32f10x_cl.o(.text)
    CAN2_RX0_IRQHandler                      0x08000247   Thumb Code     0  startup_stm32f10x_cl.o(.text)
    CAN2_RX1_IRQHandler                      0x08000247   Thumb Code     0  startup_stm32f10x_cl.o(.text)
    CAN2_SCE_IRQHandler                      0x08000247   Thumb Code     0  startup_stm32f10x_cl.o(.text)
    CAN2_TX_IRQHandler                       0x08000247   Thumb Code     0  startup_stm32f10x_cl.o(.text)
    DMA1_Channel1_IRQHandler                 0x08000247   Thumb Code     0  startup_stm32f10x_cl.o(.text)
    DMA1_Channel2_IRQHandler                 0x08000247   Thumb Code     0  startup_stm32f10x_cl.o(.text)
    DMA1_Channel3_IRQHandler                 0x08000247   Thumb Code     0  startup_stm32f10x_cl.o(.text)
    DMA1_Channel4_IRQHandler                 0x08000247   Thumb Code     0  startup_stm32f10x_cl.o(.text)
    DMA1_Channel5_IRQHandler                 0x08000247   Thumb Code     0  startup_stm32f10x_cl.o(.text)
    DMA1_Channel6_IRQHandler                 0x08000247   Thumb Code     0  startup_stm32f10x_cl.o(.text)
    DMA1_Channel7_IRQHandler                 0x08000247   Thumb Code     0  startup_stm32f10x_cl.o(.text)
    DMA2_Channel1_IRQHandler                 0x08000247   Thumb Code     0  startup_stm32f10x_cl.o(.text)
    DMA2_Channel2_IRQHandler                 0x08000247   Thumb Code     0  startup_stm32f10x_cl.o(.text)
    DMA2_Channel3_IRQHandler                 0x08000247   Thumb Code     0  startup_stm32f10x_cl.o(.text)
    DMA2_Channel4_IRQHandler                 0x08000247   Thumb Code     0  startup_stm32f10x_cl.o(.text)
    DMA2_Channel5_IRQHandler                 0x08000247   Thumb Code     0  startup_stm32f10x_cl.o(.text)
    ETH_IRQHandler                           0x08000247   Thumb Code     0  startup_stm32f10x_cl.o(.text)
    ETH_WKUP_IRQHandler                      0x08000247   Thumb Code     0  startup_stm32f10x_cl.o(.text)
    EXTI0_IRQHandler                         0x08000247   Thumb Code     0  startup_stm32f10x_cl.o(.text)
    EXTI15_10_IRQHandler                     0x08000247   Thumb Code     0  startup_stm32f10x_cl.o(.text)
    EXTI1_IRQHandler                         0x08000247   Thumb Code     0  startup_stm32f10x_cl.o(.text)
    EXTI2_IRQHandler                         0x08000247   Thumb Code     0  startup_stm32f10x_cl.o(.text)
    EXTI3_IRQHandler                         0x08000247   Thumb Code     0  startup_stm32f10x_cl.o(.text)
    EXTI4_IRQHandler                         0x08000247   Thumb Code     0  startup_stm32f10x_cl.o(.text)
    EXTI9_5_IRQHandler                       0x08000247   Thumb Code     0  startup_stm32f10x_cl.o(.text)
    FLASH_IRQHandler                         0x08000247   Thumb Code     0  startup_stm32f10x_cl.o(.text)
    I2C1_ER_IRQHandler                       0x08000247   Thumb Code     0  startup_stm32f10x_cl.o(.text)
    I2C1_EV_IRQHandler                       0x08000247   Thumb Code     0  startup_stm32f10x_cl.o(.text)
    I2C2_ER_IRQHandler                       0x08000247   Thumb Code     0  startup_stm32f10x_cl.o(.text)
    I2C2_EV_IRQHandler                       0x08000247   Thumb Code     0  startup_stm32f10x_cl.o(.text)
    OTG_FS_IRQHandler                        0x08000247   Thumb Code     0  startup_stm32f10x_cl.o(.text)
    OTG_FS_WKUP_IRQHandler                   0x08000247   Thumb Code     0  startup_stm32f10x_cl.o(.text)
    PVD_IRQHandler                           0x08000247   Thumb Code     0  startup_stm32f10x_cl.o(.text)
    RCC_IRQHandler                           0x08000247   Thumb Code     0  startup_stm32f10x_cl.o(.text)
    RTCAlarm_IRQHandler                      0x08000247   Thumb Code     0  startup_stm32f10x_cl.o(.text)
    RTC_IRQHandler                           0x08000247   Thumb Code     0  startup_stm32f10x_cl.o(.text)
    SPI1_IRQHandler                          0x08000247   Thumb Code     0  startup_stm32f10x_cl.o(.text)
    SPI2_IRQHandler                          0x08000247   Thumb Code     0  startup_stm32f10x_cl.o(.text)
    SPI3_IRQHandler                          0x08000247   Thumb Code     0  startup_stm32f10x_cl.o(.text)
    TAMPER_IRQHandler                        0x08000247   Thumb Code     0  startup_stm32f10x_cl.o(.text)
    TIM1_BRK_IRQHandler                      0x08000247   Thumb Code     0  startup_stm32f10x_cl.o(.text)
    TIM1_CC_IRQHandler                       0x08000247   Thumb Code     0  startup_stm32f10x_cl.o(.text)
    TIM1_TRG_COM_IRQHandler                  0x08000247   Thumb Code     0  startup_stm32f10x_cl.o(.text)
    TIM1_UP_IRQHandler                       0x08000247   Thumb Code     0  startup_stm32f10x_cl.o(.text)
    TIM4_IRQHandler                          0x08000247   Thumb Code     0  startup_stm32f10x_cl.o(.text)
    TIM5_IRQHandler                          0x08000247   Thumb Code     0  startup_stm32f10x_cl.o(.text)
    TIM6_IRQHandler                          0x08000247   Thumb Code     0  startup_stm32f10x_cl.o(.text)
    TIM7_IRQHandler                          0x08000247   Thumb Code     0  startup_stm32f10x_cl.o(.text)
    UART4_IRQHandler                         0x08000247   Thumb Code     0  startup_stm32f10x_cl.o(.text)
    UART5_IRQHandler                         0x08000247   Thumb Code     0  startup_stm32f10x_cl.o(.text)
    WWDG_IRQHandler                          0x08000247   Thumb Code     0  startup_stm32f10x_cl.o(.text)
    __user_initial_stackheap                 0x08000249   Thumb Code     0  startup_stm32f10x_cl.o(.text)
    __aeabi_memclr4                          0x0800026d   Thumb Code     0  rt_memclr_w.o(.text)
    __aeabi_memclr8                          0x0800026d   Thumb Code     0  rt_memclr_w.o(.text)
    __rt_memclr_w                            0x0800026d   Thumb Code    78  rt_memclr_w.o(.text)
    _memset_w                                0x08000271   Thumb Code     0  rt_memclr_w.o(.text)
    __use_two_region_memory                  0x080002bb   Thumb Code     2  heapauxi.o(.text)
    __rt_heap_escrow$2region                 0x080002bd   Thumb Code     2  heapauxi.o(.text)
    __rt_heap_expand$2region                 0x080002bf   Thumb Code     2  heapauxi.o(.text)
    __user_setup_stackheap                   0x080002c1   Thumb Code    74  sys_stackheap_outer.o(.text)
    exit                                     0x0800030b   Thumb Code    18  exit.o(.text)
    __user_libspace                          0x0800031d   Thumb Code     8  libspace.o(.text)
    __user_perproc_libspace                  0x0800031d   Thumb Code     0  libspace.o(.text)
    __user_perthread_libspace                0x0800031d   Thumb Code     0  libspace.o(.text)
    _sys_exit                                0x08000325   Thumb Code     8  sys_exit.o(.text)
    __I$use$semihosting                      0x08000331   Thumb Code     0  use_no_semi.o(.text)
    __use_no_semihosting_swi                 0x08000331   Thumb Code     2  use_no_semi.o(.text)
    ADC_Cmd                                  0x08000333   Thumb Code    22  stm32f10x_adc.o(i.ADC_Cmd)
    __semihosting_library_function           0x08000333   Thumb Code     0  indicate_semi.o(.text)
    ADC_DeInit                               0x08000349   Thumb Code    78  stm32f10x_adc.o(i.ADC_DeInit)
    ADC_GetCalibrationStatus                 0x080003a5   Thumb Code    20  stm32f10x_adc.o(i.ADC_GetCalibrationStatus)
    ADC_GetResetCalibrationStatus            0x080003b9   Thumb Code    20  stm32f10x_adc.o(i.ADC_GetResetCalibrationStatus)
    ADC_Init                                 0x080003cd   Thumb Code    70  stm32f10x_adc.o(i.ADC_Init)
    ADC_ResetCalibration                     0x0800041d   Thumb Code    10  stm32f10x_adc.o(i.ADC_ResetCalibration)
    ADC_StartCalibration                     0x08000427   Thumb Code    10  stm32f10x_adc.o(i.ADC_StartCalibration)
    ANMO_Configuration                       0x08000431   Thumb Code    80  outputdrive.o(i.ANMO_Configuration)
    Adc2_Init                                0x08000485   Thumb Code   134  stm32f1_adc2.o(i.Adc2_Init)
    Adc_Init                                 0x08000515   Thumb Code   134  stm32f1_adc1.o(i.Adc_Init)
    DS18B20_Check                            0x080005a5   Thumb Code    82  ds18b20.o(i.DS18B20_Check)
    DS18B20_Check1                           0x080005fd   Thumb Code    82  ds18b20_1.o(i.DS18B20_Check1)
    DS18B20_DQ1_IN                           0x08000655   Thumb Code    30  ds18b20_1.o(i.DS18B20_DQ1_IN)
    DS18B20_DQ1_OUT                          0x08000679   Thumb Code    30  ds18b20_1.o(i.DS18B20_DQ1_OUT)
    DS18B20_DQ_IN                            0x0800069d   Thumb Code    30  ds18b20.o(i.DS18B20_DQ_IN)
    DS18B20_DQ_OUT                           0x080006c1   Thumb Code    30  ds18b20.o(i.DS18B20_DQ_OUT)
    DS18B20_Get_Temp                         0x080006e5   Thumb Code   170  ds18b20.o(i.DS18B20_Get_Temp)
    DS18B20_Get_Temp1                        0x08000795   Thumb Code   170  ds18b20_1.o(i.DS18B20_Get_Temp1)
    DS18B20_Init                             0x08000845   Thumb Code    46  ds18b20.o(i.DS18B20_Init)
    DS18B20_Init1                            0x08000879   Thumb Code    46  ds18b20_1.o(i.DS18B20_Init1)
    DS18B20_Read_Bit                         0x080008ad   Thumb Code    64  ds18b20.o(i.DS18B20_Read_Bit)
    DS18B20_Read_Bit1                        0x080008f1   Thumb Code    64  ds18b20_1.o(i.DS18B20_Read_Bit1)
    DS18B20_Read_Byte                        0x08000935   Thumb Code    34  ds18b20.o(i.DS18B20_Read_Byte)
    DS18B20_Read_Byte1                       0x08000957   Thumb Code    34  ds18b20_1.o(i.DS18B20_Read_Byte1)
    DS18B20_Rst                              0x08000979   Thumb Code    38  ds18b20.o(i.DS18B20_Rst)
    DS18B20_Rst1                             0x080009a5   Thumb Code    38  ds18b20_1.o(i.DS18B20_Rst1)
    DS18B20_Start                            0x080009d1   Thumb Code    24  ds18b20.o(i.DS18B20_Start)
    DS18B20_Start1                           0x080009e9   Thumb Code    24  ds18b20_1.o(i.DS18B20_Start1)
    DS18B20_Write_Byte                       0x08000a01   Thumb Code    88  ds18b20.o(i.DS18B20_Write_Byte)
    DS18B20_Write_Byte1                      0x08000a5d   Thumb Code    88  ds18b20_1.o(i.DS18B20_Write_Byte1)
    FLASH_ClearFlag                          0x08000ab9   Thumb Code     6  stm32f10x_flash.o(i.FLASH_ClearFlag)
    FLASH_ErasePage                          0x08000ac5   Thumb Code    72  stm32f10x_flash.o(i.FLASH_ErasePage)
    FLASH_GetBank1Status                     0x08000b11   Thumb Code    48  stm32f10x_flash.o(i.FLASH_GetBank1Status)
    FLASH_Lock                               0x08000b45   Thumb Code    14  stm32f10x_flash.o(i.FLASH_Lock)
    FLASH_ProgramHalfWord                    0x08000b59   Thumb Code    60  stm32f10x_flash.o(i.FLASH_ProgramHalfWord)
    FLASH_ReadByte                           0x08000b99   Thumb Code    24  flash_rw.o(i.FLASH_ReadByte)
    FLASH_Unlock                             0x08000bb1   Thumb Code    12  stm32f10x_flash.o(i.FLASH_Unlock)
    FLASH_WaitForLastOperation               0x08000bc9   Thumb Code    38  stm32f10x_flash.o(i.FLASH_WaitForLastOperation)
    FLASH_WriteByte                          0x08000bef   Thumb Code    78  flash_rw.o(i.FLASH_WriteByte)
    GPIO_Init                                0x08000c3d   Thumb Code   278  stm32f10x_gpio.o(i.GPIO_Init)
    GPIO_ReadInputData                       0x08000d53   Thumb Code     8  stm32f10x_gpio.o(i.GPIO_ReadInputData)
    GPIO_ReadInputDataBit                    0x08000d5b   Thumb Code    18  stm32f10x_gpio.o(i.GPIO_ReadInputDataBit)
    GPIO_ReadOutputDataBit                   0x08000d6d   Thumb Code    18  stm32f10x_gpio.o(i.GPIO_ReadOutputDataBit)
    GPIO_ResetBits                           0x08000d7f   Thumb Code     4  stm32f10x_gpio.o(i.GPIO_ResetBits)
    GPIO_SetBits                             0x08000d83   Thumb Code     4  stm32f10x_gpio.o(i.GPIO_SetBits)
    GPIO_WriteBit                            0x08000d87   Thumb Code    10  stm32f10x_gpio.o(i.GPIO_WriteBit)
    InputDriveInit                           0x08000d91   Thumb Code   142  inputdrive.o(i.InputDriveInit)
    LED_Configuration                        0x08000e2d   Thumb Code   126  outputdrive.o(i.LED_Configuration)
    LitteSenceRun                            0x08000eb1   Thumb Code   220  main.o(i.LitteSenceRun)
    Mon2blockTurnLeft                        0x08000f95   Thumb Code   534  motor_diver.o(i.Mon2blockTurnLeft)
    Motor1_do                                0x080011b1   Thumb Code    30  motor_diver.o(i.Motor1_do)
    Motor2_do                                0x080011dd   Thumb Code    30  motor_diver.o(i.Motor2_do)
    Motor2_do_intpr_cmd                      0x08001209   Thumb Code    22  motor_diver.o(i.Motor2_do_intpr_cmd)
    Motor_Init                               0x08001229   Thumb Code   390  motor_diver.o(i.Motor_Init)
    Motor_demo                               0x080013c1   Thumb Code    12  motor_diver.o(i.Motor_demo)
    Motor_demo_down                          0x080013d5   Thumb Code    14  motor_diver.o(i.Motor_demo_down)
    Motor_demo_up                            0x080013ed   Thumb Code    14  motor_diver.o(i.Motor_demo_up)
    NVIC_Init                                0x08001405   Thumb Code   100  misc.o(i.NVIC_Init)
    NVIC_PriorityGroupConfig                 0x08001475   Thumb Code    10  misc.o(i.NVIC_PriorityGroupConfig)
    OutputDriveInit                          0x08001489   Thumb Code    28  outputdrive.o(i.OutputDriveInit)
    POWER_Configuration                      0x080014a5   Thumb Code   118  outputdrive.o(i.POWER_Configuration)
    RCC_ADCCLKConfig                         0x08001525   Thumb Code    18  stm32f10x_rcc.o(i.RCC_ADCCLKConfig)
    RCC_APB1PeriphClockCmd                   0x0800153d   Thumb Code    26  stm32f10x_rcc.o(i.RCC_APB1PeriphClockCmd)
    RCC_APB2PeriphClockCmd                   0x0800155d   Thumb Code    26  stm32f10x_rcc.o(i.RCC_APB2PeriphClockCmd)
    RCC_APB2PeriphResetCmd                   0x0800157d   Thumb Code    26  stm32f10x_rcc.o(i.RCC_APB2PeriphResetCmd)
    RCC_GetClocksFreq                        0x0800159d   Thumb Code   374  stm32f10x_rcc.o(i.RCC_GetClocksFreq)
    Relay_Init                               0x0800172d   Thumb Code   502  outputdrive.o(i.Relay_Init)
    STM32F1_UART1SendDataS                   0x08001935   Thumb Code    56  stm32f1_uart1.o(i.STM32F1_UART1SendDataS)
    STM32F1_UART1_Init                       0x08001971   Thumb Code   158  stm32f1_uart1.o(i.STM32F1_UART1_Init)
    STM32F1_UART2_Init                       0x08001a19   Thumb Code   152  stm32f1_uart2.o(i.STM32F1_UART2_Init)
    STM32F1_UART3SendDataS                   0x08001ab9   Thumb Code    56  stm32f1_uart3.o(i.STM32F1_UART3SendDataS)
    STM32F1_UART3_Init                       0x08001af5   Thumb Code   168  stm32f1_uart3.o(i.STM32F1_UART3_Init)
    STM32_Delay_init                         0x08001ba5   Thumb Code    50  stm32_delay.o(i.STM32_Delay_init)
    STM32_Delay_ms                           0x08001be9   Thumb Code    72  stm32_delay.o(i.STM32_Delay_ms)
    STM32_Delay_us                           0x08001c35   Thumb Code    72  stm32_delay.o(i.STM32_Delay_us)
    Stm32F1_Timer2Init                       0x08001da1   Thumb Code    88  stm32f1_timer2.o(i.Stm32F1_Timer2Init)
    Stm32F1_Timer3Init                       0x08001df9   Thumb Code    86  stm32f1_timer3.o(i.Stm32F1_Timer3Init)
    SysTick_CLKSourceConfig                  0x08001e55   Thumb Code    40  misc.o(i.SysTick_CLKSourceConfig)
    SystemInit                               0x08001e7d   Thumb Code    92  system_stm32f10x.o(i.SystemInit)
    TIM2_IRQHandler                          0x08001ee9   Thumb Code   146  stm32f1_timer2.o(i.TIM2_IRQHandler)
    TIM3_IRQHandler                          0x08001f95   Thumb Code    90  stm32f1_timer3.o(i.TIM3_IRQHandler)
    TIM_ClearITPendingBit                    0x08002009   Thumb Code     6  stm32f10x_tim.o(i.TIM_ClearITPendingBit)
    TIM_Cmd                                  0x0800200f   Thumb Code    24  stm32f10x_tim.o(i.TIM_Cmd)
    TIM_ITConfig                             0x08002027   Thumb Code    18  stm32f10x_tim.o(i.TIM_ITConfig)
    TIM_TimeBaseInit                         0x08002039   Thumb Code   122  stm32f10x_tim.o(i.TIM_TimeBaseInit)
    USART1_IRQHandler                        0x080020dd   Thumb Code   394  stm32f1_uart1.o(i.USART1_IRQHandler)
    USART2_IRQHandler                        0x08002295   Thumb Code   112  stm32f1_uart2.o(i.USART2_IRQHandler)
    USART3_IRQHandler                        0x0800231d   Thumb Code    22  stm32f1_uart3.o(i.USART3_IRQHandler)
    USART_Cmd                                0x08002339   Thumb Code    24  stm32f10x_usart.o(i.USART_Cmd)
    USART_GetFlagStatus                      0x08002351   Thumb Code    26  stm32f10x_usart.o(i.USART_GetFlagStatus)
    USART_GetITStatus                        0x0800236b   Thumb Code    84  stm32f10x_usart.o(i.USART_GetITStatus)
    USART_ITConfig                           0x080023bf   Thumb Code    74  stm32f10x_usart.o(i.USART_ITConfig)
    USART_Init                               0x08002409   Thumb Code   210  stm32f10x_usart.o(i.USART_Init)
    USART_ReceiveData                        0x080024e1   Thumb Code    10  stm32f10x_usart.o(i.USART_ReceiveData)
    USART_SendData                           0x080024eb   Thumb Code     8  stm32f10x_usart.o(i.USART_SendData)
    VOLUME_Configuration                     0x080024f5   Thumb Code    80  outputdrive.o(i.VOLUME_Configuration)
    allOutClose                              0x08002549   Thumb Code    28  main.o(i.allOutClose)
    allSenceClose                            0x08002575   Thumb Code   144  main.o(i.allSenceClose)
    aurtEventBtn                             0x0800261d   Thumb Code    56  main.o(i.aurtEventBtn)
    aurtEventStatus                          0x08002655   Thumb Code   200  main.o(i.aurtEventStatus)
    aurtEventUnitSence                       0x0800274d   Thumb Code    64  main.o(i.aurtEventUnitSence)
    aurtEventUnitShow                        0x0800278d   Thumb Code    76  main.o(i.aurtEventUnitShow)
    litteSenceRunA                           0x080027d9   Thumb Code   164  main.o(i.litteSenceRunA)
    litteSenceRunAnMo                        0x08002889   Thumb Code   624  main.o(i.litteSenceRunAnMo)
    litteSenceRunB                           0x08002b11   Thumb Code   164  main.o(i.litteSenceRunB)
    litteSenceRunBaoNang                     0x08002bc1   Thumb Code   624  main.o(i.litteSenceRunBaoNang)
    litteSenceRunC                           0x08002e49   Thumb Code   164  main.o(i.litteSenceRunC)
    litteSenceRunChongXi                     0x08002ef9   Thumb Code   418  main.o(i.litteSenceRunChongXi)
    litteSenceRunChuQun                      0x080030b9   Thumb Code   584  main.o(i.litteSenceRunChuQun)
    litteSenceRunHongGan                     0x08003315   Thumb Code   206  main.o(i.litteSenceRunHongGan)
    litteSenceRunHuWai                       0x080033fd   Thumb Code  3710  main.o(i.litteSenceRunHuWai)
    litteSenceRunPooPoo                      0x08004291   Thumb Code   592  main.o(i.litteSenceRunPooPoo)
    litteSenceRunXuXu                        0x08004501   Thumb Code   458  main.o(i.litteSenceRunXuXu)
    main                                     0x080046e9   Thumb Code  1770  main.o(i.main)
    miniDataCreate                           0x08004e29   Thumb Code    74  mini-data.o(i.miniDataCreate)
    miniDataGet                              0x08004e73   Thumb Code   164  mini-data.o(i.miniDataGet)
    sceMotor1_do                             0x08004f19   Thumb Code   254  motor_diver.o(i.sceMotor1_do)
    sceMotor2_do                             0x08005039   Thumb Code  3570  motor_diver.o(i.sceMotor2_do)
    sceMotorDemo_do                          0x08005e41   Thumb Code   482  motor_diver.o(i.sceMotorDemo_do)
    senceDelay                               0x08006045   Thumb Code    62  main.o(i.senceDelay)
    sendTimeCfg                              0x0800608d   Thumb Code    74  stm32f1_uart1.o(i.sendTimeCfg)
    setFlashData                             0x080060dd   Thumb Code   156  main.o(i.setFlashData)
    zhSCM_initKeyState                       0x08006185   Thumb Code     6  key.o(i.zhSCM_initKeyState)
    zhSCM_keyState                           0x0800618b   Thumb Code   118  key.o(i.zhSCM_keyState)
    __aeabi_d2iz                             0x08006201   Thumb Code     0  dfix.o(x$fpl$dfix)
    _dfix                                    0x08006201   Thumb Code    94  dfix.o(x$fpl$dfix)
    __aeabi_i2d                              0x0800625f   Thumb Code     0  dflt_clz.o(x$fpl$dflt)
    _dflt                                    0x0800625f   Thumb Code    46  dflt_clz.o(x$fpl$dflt)
    __aeabi_dmul                             0x0800628d   Thumb Code     0  dmul.o(x$fpl$dmul)
    _dmul                                    0x0800628d   Thumb Code   332  dmul.o(x$fpl$dmul)
    __fpl_dnaninf                            0x080063e1   Thumb Code   156  dnaninf.o(x$fpl$dnaninf)
    __fpl_dretinf                            0x0800647d   Thumb Code    12  dretinf.o(x$fpl$dretinf)
    Region$$Table$$Base                      0x08006488   Number         0  anon$$obj.o(Region$$Table)
    __I$use$fp                               0x08006488   Number         0  usenofp.o(x$fpl$usenofp)
    Region$$Table$$Limit                     0x080064a8   Number         0  anon$$obj.o(Region$$Table)
    g_isAutomation                           0x20000000   Data           1  main.o(.data)
    g_cCleanCurrentSence                     0x20000001   Data           1  main.o(.data)
    isOpenDry                                0x20000004   Data           4  main.o(.data)
    ntmp                                     0x20000008   Data           4  main.o(.data)
    rWaterTemperature                        0x2000000c   Data           2  main.o(.data)
    rWaterTemp                               0x2000000e   Data           2  main.o(.data)
    rGasTemperature                          0x20000010   Data           2  main.o(.data)
    rGasTemp                                 0x20000012   Data           2  main.o(.data)
    rTrueWaterTemp                           0x20000014   Data           2  main.o(.data)
    rTrueGasTemp                             0x20000016   Data           2  main.o(.data)
    isWaterTooHot                            0x20000018   Data           4  main.o(.data)
    isGasTooHot                              0x2000001c   Data           4  main.o(.data)
    isCheckWaterSensorErr                    0x20000020   Data           4  main.o(.data)
    isCheckGasSensorErr                      0x20000024   Data           4  main.o(.data)
    isCheckBedCQSensorErr                    0x20000028   Data           4  main.o(.data)
    isCheckDZCQSensorErr                     0x2000002c   Data           4  main.o(.data)
    rPressure                                0x20000030   Data           2  main.o(.data)
    rPressureTmp                             0x20000032   Data           2  main.o(.data)
    rPressure2                               0x20000034   Data           2  main.o(.data)
    rPressure2Tmp                            0x20000036   Data           2  main.o(.data)
    rTruePressure1                           0x20000038   Data           2  main.o(.data)
    rTruePressure2                           0x2000003a   Data           2  main.o(.data)
    rPoopoDD                                 0x2000003c   Data           4  main.o(.data)
    rXuxuDD                                  0x20000040   Data           4  main.o(.data)
    pdxbPooPoo                               0x20000044   Data           4  main.o(.data)
    pdxbXuXu                                 0x20000048   Data           4  main.o(.data)
    isTextPOPO                               0x2000004c   Data           4  main.o(.data)
    isTextXUXU                               0x20000050   Data           4  main.o(.data)
    cHeartJump                               0x20000054   Data           1  main.o(.data)
    bSewageHeight                            0x20000055   Data           1  main.o(.data)
    bCleanWaterLow                           0x20000056   Data           1  main.o(.data)
    bSewageSuitable                          0x20000057   Data           1  main.o(.data)
    isCleanRuning                            0x20000058   Data           4  main.o(.data)
    ppxxStep                                 0x2000005c   Data           4  main.o(.data)
    xiiiLimit                                0x20000060   Data           4  main.o(.data)
    xiii                                     0x20000064   Data           4  main.o(.data)
    xiii2                                    0x20000068   Data           4  main.o(.data)
    Motor1_do_step                           0x2000006c   Data           4  main.o(.data)
    Motor2_do_step                           0x20000070   Data           4  main.o(.data)
    motor1_p_or_n                            0x20000074   Data           4  main.o(.data)
    motor2_p_or_n                            0x20000078   Data           4  main.o(.data)
    monLimitState1L                          0x2000007c   Data           4  main.o(.data)
    monLimitState1R                          0x20000080   Data           4  main.o(.data)
    monLimitState2L                          0x20000084   Data           4  main.o(.data)
    monLimitState2R                          0x20000088   Data           4  main.o(.data)
    isDemoTest                               0x2000008c   Data           4  main.o(.data)
    fac_us                                   0x200000e0   Data           1  stm32_delay.o(.data)
    fac_ms                                   0x200000e2   Data           2  stm32_delay.o(.data)
    motor_demo_do                            0x200000e4   Data           4  motor_diver.o(.data)
    current_demo_step                        0x200000e8   Data           4  motor_diver.o(.data)
    jaopan                                   0x200000f8   Data           4  stm32f1_timer2.o(.data)
    deji_A                                   0x200000fc   Data           4  stm32f1_timer2.o(.data)
    bsmamama                                 0x20000100   Data           4  stm32f1_timer2.o(.data)
    kk                                       0x20000104   Data           4  stm32f1_timer3.o(.data)
    kk2                                      0x20000108   Data           4  stm32f1_timer3.o(.data)
    kk_1ms                                   0x2000010c   Data           4  stm32f1_timer3.o(.data)
    sCount1ms                                0x20000110   Data           2  stm32f1_timer3.o(.data)
    kkUart1count                             0x20000114   Data           4  stm32f1_timer3.o(.data)
    g_uart1len                               0x20000118   Data           2  stm32f1_uart1.o(.data)
    g_isGetCmdOk                             0x2000011a   Data           1  stm32f1_uart1.o(.data)
    u2Counter                                0x2000011c   Data           1  stm32f1_uart2.o(.data)
    hhjCount                                 0x20000120   Data           4  stm32f1_uart2.o(.data)
    cOldHeartJump                            0x20000124   Data           1  stm32f1_uart2.o(.data)
    SystemCoreClock                          0x20000128   Data           4  system_stm32f10x.o(.data)
    AHBPrescTable                            0x2000012c   Data          16  system_stm32f10x.o(.data)
    g_tmeSetting                             0x2000013c   Data          14  main.o(.bss)
    g_cache                                  0x2000014c   Data         128  stm32f1_uart1.o(.bss)
    g_ocCmd                                  0x200001cc   Data          20  stm32f1_uart1.o(.bss)
    u2Re_buf                                 0x200001e0   Data          11  stm32f1_uart2.o(.bss)
    __libspace_start                         0x200001ec   Data          96  libspace.o(.bss)
    __temporary_stack_top$libspace           0x2000024c   Data           0  libspace.o(.bss)



==============================================================================

Memory Map of the image

  Image Entry point : 0x08000151

  Load Region LR_IROM1 (Base: 0x08000000, Size: 0x000065e4, Max: 0x00040000, ABSOLUTE, COMPRESSED[0x000064d4])

    Execution Region ER_IROM1 (Base: 0x08000000, Size: 0x000064a8, Max: 0x00040000, ABSOLUTE)

    Base Addr    Size         Type   Attr      Idx    E Section Name        Object

    0x08000000   0x00000150   Data   RO         2908    RESET               startup_stm32f10x_cl.o
    0x08000150   0x00000008   Code   RO         2965  * !!!main             c_w.l(__main.o)
    0x08000158   0x00000034   Code   RO         3141    !!!scatter          c_w.l(__scatter.o)
    0x0800018c   0x0000005a   Code   RO         3139    !!dczerorl2         c_w.l(__dczerorl2.o)
    0x080001e6   0x00000002   PAD
    0x080001e8   0x0000001c   Code   RO         3143    !!handler_zi        c_w.l(__scatter_zi.o)
    0x08000204   0x00000002   Code   RO         3009    .ARM.Collect$$libinit$$00000000  c_w.l(libinit.o)
    0x08000206   0x00000000   Code   RO         3016    .ARM.Collect$$libinit$$00000002  c_w.l(libinit2.o)
    0x08000206   0x00000000   Code   RO         3018    .ARM.Collect$$libinit$$00000004  c_w.l(libinit2.o)
    0x08000206   0x00000000   Code   RO         3021    .ARM.Collect$$libinit$$0000000A  c_w.l(libinit2.o)
    0x08000206   0x00000000   Code   RO         3023    .ARM.Collect$$libinit$$0000000C  c_w.l(libinit2.o)
    0x08000206   0x00000000   Code   RO         3025    .ARM.Collect$$libinit$$0000000E  c_w.l(libinit2.o)
    0x08000206   0x00000000   Code   RO         3028    .ARM.Collect$$libinit$$00000011  c_w.l(libinit2.o)
    0x08000206   0x00000000   Code   RO         3030    .ARM.Collect$$libinit$$00000013  c_w.l(libinit2.o)
    0x08000206   0x00000000   Code   RO         3032    .ARM.Collect$$libinit$$00000015  c_w.l(libinit2.o)
    0x08000206   0x00000000   Code   RO         3034    .ARM.Collect$$libinit$$00000017  c_w.l(libinit2.o)
    0x08000206   0x00000000   Code   RO         3036    .ARM.Collect$$libinit$$00000019  c_w.l(libinit2.o)
    0x08000206   0x00000000   Code   RO         3038    .ARM.Collect$$libinit$$0000001B  c_w.l(libinit2.o)
    0x08000206   0x00000000   Code   RO         3040    .ARM.Collect$$libinit$$0000001D  c_w.l(libinit2.o)
    0x08000206   0x00000000   Code   RO         3042    .ARM.Collect$$libinit$$0000001F  c_w.l(libinit2.o)
    0x08000206   0x00000000   Code   RO         3044    .ARM.Collect$$libinit$$00000021  c_w.l(libinit2.o)
    0x08000206   0x00000000   Code   RO         3046    .ARM.Collect$$libinit$$00000023  c_w.l(libinit2.o)
    0x08000206   0x00000000   Code   RO         3048    .ARM.Collect$$libinit$$00000025  c_w.l(libinit2.o)
    0x08000206   0x00000000   Code   RO         3052    .ARM.Collect$$libinit$$0000002C  c_w.l(libinit2.o)
    0x08000206   0x00000000   Code   RO         3054    .ARM.Collect$$libinit$$0000002E  c_w.l(libinit2.o)
    0x08000206   0x00000000   Code   RO         3056    .ARM.Collect$$libinit$$00000030  c_w.l(libinit2.o)
    0x08000206   0x00000000   Code   RO         3058    .ARM.Collect$$libinit$$00000032  c_w.l(libinit2.o)
    0x08000206   0x00000002   Code   RO         3059    .ARM.Collect$$libinit$$00000033  c_w.l(libinit2.o)
    0x08000208   0x00000002   Code   RO         3079    .ARM.Collect$$libshutdown$$00000000  c_w.l(libshutdown.o)
    0x0800020a   0x00000000   Code   RO         3092    .ARM.Collect$$libshutdown$$00000002  c_w.l(libshutdown2.o)
    0x0800020a   0x00000000   Code   RO         3094    .ARM.Collect$$libshutdown$$00000004  c_w.l(libshutdown2.o)
    0x0800020a   0x00000000   Code   RO         3097    .ARM.Collect$$libshutdown$$00000007  c_w.l(libshutdown2.o)
    0x0800020a   0x00000000   Code   RO         3100    .ARM.Collect$$libshutdown$$0000000A  c_w.l(libshutdown2.o)
    0x0800020a   0x00000000   Code   RO         3102    .ARM.Collect$$libshutdown$$0000000C  c_w.l(libshutdown2.o)
    0x0800020a   0x00000000   Code   RO         3105    .ARM.Collect$$libshutdown$$0000000F  c_w.l(libshutdown2.o)
    0x0800020a   0x00000002   Code   RO         3106    .ARM.Collect$$libshutdown$$00000010  c_w.l(libshutdown2.o)
    0x0800020c   0x00000000   Code   RO         2979    .ARM.Collect$$rtentry$$00000000  c_w.l(__rtentry.o)
    0x0800020c   0x00000000   Code   RO         2986    .ARM.Collect$$rtentry$$00000002  c_w.l(__rtentry2.o)
    0x0800020c   0x00000006   Code   RO         2998    .ARM.Collect$$rtentry$$00000004  c_w.l(__rtentry4.o)
    0x08000212   0x00000000   Code   RO         2988    .ARM.Collect$$rtentry$$00000009  c_w.l(__rtentry2.o)
    0x08000212   0x00000004   Code   RO         2989    .ARM.Collect$$rtentry$$0000000A  c_w.l(__rtentry2.o)
    0x08000216   0x00000000   Code   RO         2991    .ARM.Collect$$rtentry$$0000000C  c_w.l(__rtentry2.o)
    0x08000216   0x00000008   Code   RO         2992    .ARM.Collect$$rtentry$$0000000D  c_w.l(__rtentry2.o)
    0x0800021e   0x00000002   Code   RO         3013    .ARM.Collect$$rtexit$$00000000  c_w.l(rtexit.o)
    0x08000220   0x00000000   Code   RO         3061    .ARM.Collect$$rtexit$$00000002  c_w.l(rtexit2.o)
    0x08000220   0x00000004   Code   RO         3062    .ARM.Collect$$rtexit$$00000003  c_w.l(rtexit2.o)
    0x08000224   0x00000006   Code   RO         3063    .ARM.Collect$$rtexit$$00000004  c_w.l(rtexit2.o)
    0x0800022a   0x00000002   PAD
    0x0800022c   0x00000040   Code   RO         2909    .text               startup_stm32f10x_cl.o
    0x0800026c   0x0000004e   Code   RO         2961    .text               c_w.l(rt_memclr_w.o)
    0x080002ba   0x00000006   Code   RO         2963    .text               c_w.l(heapauxi.o)
    0x080002c0   0x0000004a   Code   RO         3000    .text               c_w.l(sys_stackheap_outer.o)
    0x0800030a   0x00000012   Code   RO         3002    .text               c_w.l(exit.o)
    0x0800031c   0x00000008   Code   RO         3010    .text               c_w.l(libspace.o)
    0x08000324   0x0000000c   Code   RO         3071    .text               c_w.l(sys_exit.o)
    0x08000330   0x00000002   Code   RO         3082    .text               c_w.l(use_no_semi.o)
    0x08000332   0x00000000   Code   RO         3084    .text               c_w.l(indicate_semi.o)
    0x08000332   0x00000016   Code   RO         1530    i.ADC_Cmd           stm32f10x_adc.o
    0x08000348   0x0000005c   Code   RO         1532    i.ADC_DeInit        stm32f10x_adc.o
    0x080003a4   0x00000014   Code   RO         1538    i.ADC_GetCalibrationStatus  stm32f10x_adc.o
    0x080003b8   0x00000014   Code   RO         1544    i.ADC_GetResetCalibrationStatus  stm32f10x_adc.o
    0x080003cc   0x00000050   Code   RO         1548    i.ADC_Init          stm32f10x_adc.o
    0x0800041c   0x0000000a   Code   RO         1553    i.ADC_ResetCalibration  stm32f10x_adc.o
    0x08000426   0x0000000a   Code   RO         1557    i.ADC_StartCalibration  stm32f10x_adc.o
    0x08000430   0x00000054   Code   RO         2583    i.ANMO_Configuration  outputdrive.o
    0x08000484   0x00000090   Code   RO         2846    i.Adc2_Init         stm32f1_adc2.o
    0x08000514   0x00000090   Code   RO         2807    i.Adc_Init          stm32f1_adc1.o
    0x080005a4   0x00000058   Code   RO         1992    i.DS18B20_Check     ds18b20.o
    0x080005fc   0x00000058   Code   RO         2073    i.DS18B20_Check1    ds18b20_1.o
    0x08000654   0x00000024   Code   RO         2074    i.DS18B20_DQ1_IN    ds18b20_1.o
    0x08000678   0x00000024   Code   RO         2075    i.DS18B20_DQ1_OUT   ds18b20_1.o
    0x0800069c   0x00000024   Code   RO         1993    i.DS18B20_DQ_IN     ds18b20.o
    0x080006c0   0x00000024   Code   RO         1994    i.DS18B20_DQ_OUT    ds18b20.o
    0x080006e4   0x000000b0   Code   RO         1995    i.DS18B20_Get_Temp  ds18b20.o
    0x08000794   0x000000b0   Code   RO         2076    i.DS18B20_Get_Temp1  ds18b20_1.o
    0x08000844   0x00000034   Code   RO         1996    i.DS18B20_Init      ds18b20.o
    0x08000878   0x00000034   Code   RO         2077    i.DS18B20_Init1     ds18b20_1.o
    0x080008ac   0x00000044   Code   RO         1997    i.DS18B20_Read_Bit  ds18b20.o
    0x080008f0   0x00000044   Code   RO         2078    i.DS18B20_Read_Bit1  ds18b20_1.o
    0x08000934   0x00000022   Code   RO         1998    i.DS18B20_Read_Byte  ds18b20.o
    0x08000956   0x00000022   Code   RO         2079    i.DS18B20_Read_Byte1  ds18b20_1.o
    0x08000978   0x0000002c   Code   RO         1999    i.DS18B20_Rst       ds18b20.o
    0x080009a4   0x0000002c   Code   RO         2080    i.DS18B20_Rst1      ds18b20_1.o
    0x080009d0   0x00000018   Code   RO         2000    i.DS18B20_Start     ds18b20.o
    0x080009e8   0x00000018   Code   RO         2081    i.DS18B20_Start1    ds18b20_1.o
    0x08000a00   0x0000005c   Code   RO         2001    i.DS18B20_Write_Byte  ds18b20.o
    0x08000a5c   0x0000005c   Code   RO         2082    i.DS18B20_Write_Byte1  ds18b20_1.o
    0x08000ab8   0x0000000c   Code   RO         1758    i.FLASH_ClearFlag   stm32f10x_flash.o
    0x08000ac4   0x0000004c   Code   RO         1763    i.FLASH_ErasePage   stm32f10x_flash.o
    0x08000b10   0x00000034   Code   RO         1764    i.FLASH_GetBank1Status  stm32f10x_flash.o
    0x08000b44   0x00000014   Code   RO         1773    i.FLASH_Lock        stm32f10x_flash.o
    0x08000b58   0x00000040   Code   RO         1776    i.FLASH_ProgramHalfWord  stm32f10x_flash.o
    0x08000b98   0x00000018   Code   RO         2550    i.FLASH_ReadByte    flash_rw.o
    0x08000bb0   0x00000018   Code   RO         1781    i.FLASH_Unlock      stm32f10x_flash.o
    0x08000bc8   0x00000026   Code   RO         1785    i.FLASH_WaitForLastOperation  stm32f10x_flash.o
    0x08000bee   0x0000004e   Code   RO         2551    i.FLASH_WriteByte   flash_rw.o
    0x08000c3c   0x00000116   Code   RO          604    i.GPIO_Init         stm32f10x_gpio.o
    0x08000d52   0x00000008   Code   RO          607    i.GPIO_ReadInputData  stm32f10x_gpio.o
    0x08000d5a   0x00000012   Code   RO          608    i.GPIO_ReadInputDataBit  stm32f10x_gpio.o
    0x08000d6c   0x00000012   Code   RO          610    i.GPIO_ReadOutputDataBit  stm32f10x_gpio.o
    0x08000d7e   0x00000004   Code   RO          611    i.GPIO_ResetBits    stm32f10x_gpio.o
    0x08000d82   0x00000004   Code   RO          612    i.GPIO_SetBits      stm32f10x_gpio.o
    0x08000d86   0x0000000a   Code   RO          615    i.GPIO_WriteBit     stm32f10x_gpio.o
    0x08000d90   0x0000009c   Code   RO         2885    i.InputDriveInit    inputdrive.o
    0x08000e2c   0x00000084   Code   RO         2584    i.LED_Configuration  outputdrive.o
    0x08000eb0   0x000000e4   Code   RO            4    i.LitteSenceRun     main.o
    0x08000f94   0x0000021c   Code   RO         2154    i.Mon2blockTurnLeft  motor_diver.o
    0x080011b0   0x0000002c   Code   RO         2156    i.Motor1_do         motor_diver.o
    0x080011dc   0x0000002c   Code   RO         2158    i.Motor2_do         motor_diver.o
    0x08001208   0x00000020   Code   RO         2159    i.Motor2_do_intpr_cmd  motor_diver.o
    0x08001228   0x00000198   Code   RO         2160    i.Motor_Init        motor_diver.o
    0x080013c0   0x00000014   Code   RO         2161    i.Motor_demo        motor_diver.o
    0x080013d4   0x00000018   Code   RO         2162    i.Motor_demo_down   motor_diver.o
    0x080013ec   0x00000018   Code   RO         2163    i.Motor_demo_up     motor_diver.o
    0x08001404   0x00000070   Code   RO         1284    i.NVIC_Init         misc.o
    0x08001474   0x00000014   Code   RO         1285    i.NVIC_PriorityGroupConfig  misc.o
    0x08001488   0x0000001c   Code   RO         2585    i.OutputDriveInit   outputdrive.o
    0x080014a4   0x00000080   Code   RO         2586    i.POWER_Configuration  outputdrive.o
    0x08001524   0x00000018   Code   RO          329    i.RCC_ADCCLKConfig  stm32f10x_rcc.o
    0x0800153c   0x00000020   Code   RO          332    i.RCC_APB1PeriphClockCmd  stm32f10x_rcc.o
    0x0800155c   0x00000020   Code   RO          334    i.RCC_APB2PeriphClockCmd  stm32f10x_rcc.o
    0x0800157c   0x00000020   Code   RO          335    i.RCC_APB2PeriphResetCmd  stm32f10x_rcc.o
    0x0800159c   0x00000190   Code   RO          342    i.RCC_GetClocksFreq  stm32f10x_rcc.o
    0x0800172c   0x00000208   Code   RO         2588    i.Relay_Init        outputdrive.o
    0x08001934   0x0000003c   Code   RO         2644    i.STM32F1_UART1SendDataS  stm32f1_uart1.o
    0x08001970   0x000000a8   Code   RO         2645    i.STM32F1_UART1_Init  stm32f1_uart1.o
    0x08001a18   0x000000a0   Code   RO         2704    i.STM32F1_UART2_Init  stm32f1_uart2.o
    0x08001ab8   0x0000003c   Code   RO         2753    i.STM32F1_UART3SendDataS  stm32f1_uart3.o
    0x08001af4   0x000000b0   Code   RO         2754    i.STM32F1_UART3_Init  stm32f1_uart3.o
    0x08001ba4   0x00000044   Code   RO         1944    i.STM32_Delay_init  stm32_delay.o
    0x08001be8   0x0000004c   Code   RO         1945    i.STM32_Delay_ms    stm32_delay.o
    0x08001c34   0x0000004c   Code   RO         1946    i.STM32_Delay_us    stm32_delay.o
    0x08001c80   0x00000008   Code   RO         2916    i.SetSysClock       system_stm32f10x.o
    0x08001c88   0x00000118   Code   RO         2917    i.SetSysClockTo72   system_stm32f10x.o
    0x08001da0   0x00000058   Code   RO         2422    i.Stm32F1_Timer2Init  stm32f1_timer2.o
    0x08001df8   0x0000005c   Code   RO         2469    i.Stm32F1_Timer3Init  stm32f1_timer3.o
    0x08001e54   0x00000028   Code   RO         1288    i.SysTick_CLKSourceConfig  misc.o
    0x08001e7c   0x0000006c   Code   RO         2919    i.SystemInit        system_stm32f10x.o
    0x08001ee8   0x000000ac   Code   RO         2423    i.TIM2_IRQHandler   stm32f1_timer2.o
    0x08001f94   0x00000074   Code   RO         2470    i.TIM3_IRQHandler   stm32f1_timer3.o
    0x08002008   0x00000006   Code   RO          735    i.TIM_ClearITPendingBit  stm32f10x_tim.o
    0x0800200e   0x00000018   Code   RO          740    i.TIM_Cmd           stm32f10x_tim.o
    0x08002026   0x00000012   Code   RO          765    i.TIM_ITConfig      stm32f10x_tim.o
    0x08002038   0x000000a4   Code   RO          811    i.TIM_TimeBaseInit  stm32f10x_tim.o
    0x080020dc   0x000001b8   Code   RO         2646    i.USART1_IRQHandler  stm32f1_uart1.o
    0x08002294   0x00000088   Code   RO         2705    i.USART2_IRQHandler  stm32f1_uart2.o
    0x0800231c   0x0000001c   Code   RO         2755    i.USART3_IRQHandler  stm32f1_uart3.o
    0x08002338   0x00000018   Code   RO         1336    i.USART_Cmd         stm32f10x_usart.o
    0x08002350   0x0000001a   Code   RO         1339    i.USART_GetFlagStatus  stm32f10x_usart.o
    0x0800236a   0x00000054   Code   RO         1340    i.USART_GetITStatus  stm32f10x_usart.o
    0x080023be   0x0000004a   Code   RO         1342    i.USART_ITConfig    stm32f10x_usart.o
    0x08002408   0x000000d8   Code   RO         1343    i.USART_Init        stm32f10x_usart.o
    0x080024e0   0x0000000a   Code   RO         1350    i.USART_ReceiveData  stm32f10x_usart.o
    0x080024ea   0x00000008   Code   RO         1353    i.USART_SendData    stm32f10x_usart.o
    0x080024f2   0x00000002   PAD
    0x080024f4   0x00000054   Code   RO         2589    i.VOLUME_Configuration  outputdrive.o
    0x08002548   0x0000002c   Code   RO            5    i.allOutClose       main.o
    0x08002574   0x000000a8   Code   RO            6    i.allSenceClose     main.o
    0x0800261c   0x00000038   Code   RO            7    i.aurtEventBtn      main.o
    0x08002654   0x000000f8   Code   RO            8    i.aurtEventStatus   main.o
    0x0800274c   0x00000040   Code   RO            9    i.aurtEventUnitSence  main.o
    0x0800278c   0x0000004c   Code   RO           10    i.aurtEventUnitShow  main.o
    0x080027d8   0x000000b0   Code   RO           11    i.litteSenceRunA    main.o
    0x08002888   0x00000288   Code   RO           12    i.litteSenceRunAnMo  main.o
    0x08002b10   0x000000b0   Code   RO           13    i.litteSenceRunB    main.o
    0x08002bc0   0x00000288   Code   RO           14    i.litteSenceRunBaoNang  main.o
    0x08002e48   0x000000b0   Code   RO           15    i.litteSenceRunC    main.o
    0x08002ef8   0x000001c0   Code   RO           16    i.litteSenceRunChongXi  main.o
    0x080030b8   0x0000025c   Code   RO           17    i.litteSenceRunChuQun  main.o
    0x08003314   0x000000e8   Code   RO           18    i.litteSenceRunHongGan  main.o
    0x080033fc   0x00000e94   Code   RO           19    i.litteSenceRunHuWai  main.o
    0x08004290   0x00000270   Code   RO           20    i.litteSenceRunPooPoo  main.o
    0x08004500   0x000001e8   Code   RO           21    i.litteSenceRunXuXu  main.o
    0x080046e8   0x00000740   Code   RO           22    i.main              main.o
    0x08004e28   0x0000004a   Code   RO          308    i.miniDataCreate    mini-data.o
    0x08004e72   0x000000a4   Code   RO          309    i.miniDataGet       mini-data.o
    0x08004f16   0x00000002   PAD
    0x08004f18   0x00000120   Code   RO         2164    i.sceMotor1_do      motor_diver.o
    0x08005038   0x00000e08   Code   RO         2165    i.sceMotor2_do      motor_diver.o
    0x08005e40   0x00000204   Code   RO         2166    i.sceMotorDemo_do   motor_diver.o
    0x08006044   0x00000048   Code   RO           23    i.senceDelay        main.o
    0x0800608c   0x00000050   Code   RO         2647    i.sendTimeCfg       stm32f1_uart1.o
    0x080060dc   0x000000a8   Code   RO           24    i.setFlashData      main.o
    0x08006184   0x00000006   Code   RO         2512    i.zhSCM_initKeyState  key.o
    0x0800618a   0x00000076   Code   RO         2513    i.zhSCM_keyState    key.o
    0x08006200   0x0000005e   Code   RO         2967    x$fpl$dfix          fz_ws.l(dfix.o)
    0x0800625e   0x0000002e   Code   RO         2972    x$fpl$dflt          fz_ws.l(dflt_clz.o)
    0x0800628c   0x00000154   Code   RO         2977    x$fpl$dmul          fz_ws.l(dmul.o)
    0x080063e0   0x0000009c   Code   RO         2980    x$fpl$dnaninf       fz_ws.l(dnaninf.o)
    0x0800647c   0x0000000c   Code   RO         2982    x$fpl$dretinf       fz_ws.l(dretinf.o)
    0x08006488   0x00000000   Code   RO         2984    x$fpl$usenofp       fz_ws.l(usenofp.o)
    0x08006488   0x00000020   Data   RO         3137    Region$$Table       anon$$obj.o


    Execution Region RW_IRAM1 (Base: 0x20000000, Size: 0x00000850, Max: 0x00010000, ABSOLUTE, COMPRESSED[0x0000002c])

    Base Addr    Size         Type   Attr      Idx    E Section Name        Object

    0x20000000   0x000000cc   Data   RW           26    .data               main.o
    0x200000cc   0x00000014   Data   RW          370    .data               stm32f10x_rcc.o
    0x200000e0   0x00000004   Data   RW         1947    .data               stm32_delay.o
    0x200000e4   0x00000014   Data   RW         2167    .data               motor_diver.o
    0x200000f8   0x0000000c   Data   RW         2424    .data               stm32f1_timer2.o
    0x20000104   0x00000014   Data   RW         2471    .data               stm32f1_timer3.o
    0x20000118   0x00000003   Data   RW         2649    .data               stm32f1_uart1.o
    0x2000011b   0x00000001   PAD
    0x2000011c   0x00000009   Data   RW         2707    .data               stm32f1_uart2.o
    0x20000125   0x00000003   PAD
    0x20000128   0x00000014   Data   RW         2920    .data               system_stm32f10x.o
    0x2000013c   0x0000000e   Zero   RW           25    .bss                main.o
    0x2000014a   0x00000002   PAD
    0x2000014c   0x00000094   Zero   RW         2648    .bss                stm32f1_uart1.o
    0x200001e0   0x0000000b   Zero   RW         2706    .bss                stm32f1_uart2.o
    0x200001eb   0x00000001   PAD
    0x200001ec   0x00000060   Zero   RW         3011    .bss                c_w.l(libspace.o)
    0x2000024c   0x00000004   PAD
    0x20000250   0x00000200   Zero   RW         2907    HEAP                startup_stm32f10x_cl.o
    0x20000450   0x00000400   Zero   RW         2906    STACK               startup_stm32f10x_cl.o


==============================================================================

Image component sizes


      Code (inc. data)   RO Data    RW Data    ZI Data      Debug   Object Name

       650         44          0          0          0       5265   ds18b20.o
       650         44          0          0          0       5323   ds18b20_1.o
       102          0          0          0          0       1447   flash_rw.o
       156         14          0          0          0        553   inputdrive.o
       124          0          0          0          0       2398   key.o
     10932        842          0        204         14     315333   main.o
       238          0          0          0          0       1991   mini-data.o
       172         22          0          0          0       1901   misc.o
      5532        374          0         20          0       8368   motor_diver.o
       976         42          0          0          0       3297   outputdrive.o
        64         26        336          0       1536        820   startup_stm32f10x_cl.o
       220         26          0          4          0       7333   stm32_delay.o
       254         24          0          0          0       5699   stm32f10x_adc.o
       286         36          0          0          0       3684   stm32f10x_flash.o
       340          0          0          0          0       5098   stm32f10x_gpio.o
       520         50          0         20          0       6102   stm32f10x_rcc.o
       212         42          0          0          0       2676   stm32f10x_tim.o
       442          6          0          0          0       5861   stm32f10x_usart.o
       144         10          0          0          0        587   stm32f1_adc1.o
       144         10          0          0          0        588   stm32f1_adc2.o
       260         26          0         12          0       1340   stm32f1_timer2.o
       208         32          0         20          0       1378   stm32f1_timer3.o
       748         66          0          3        148       4472   stm32f1_uart1.o
       296         32          0          9         11       1918   stm32f1_uart2.o
       264         18          0          0          0       2222   stm32f1_uart3.o
       396         32          0         20          0       2333   system_stm32f10x.o

    ----------------------------------------------------------------------
     24334       1818        368        316       1712     397987   Object Totals
         0          0         32          0          0          0   (incl. Generated)
         4          0          0          4          3          0   (incl. Padding)

    ----------------------------------------------------------------------

      Code (inc. data)   RO Data    RW Data    ZI Data      Debug   Library Member Name

        90          0          0          0          0          0   __dczerorl2.o
         8          0          0          0          0         68   __main.o
         0          0          0          0          0          0   __rtentry.o
        12          0          0          0          0          0   __rtentry2.o
         6          0          0          0          0          0   __rtentry4.o
        52          8          0          0          0          0   __scatter.o
        28          0          0          0          0          0   __scatter_zi.o
        18          0          0          0          0         80   exit.o
         6          0          0          0          0        152   heapauxi.o
         0          0          0          0          0          0   indicate_semi.o
         2          0          0          0          0          0   libinit.o
         2          0          0          0          0          0   libinit2.o
         2          0          0          0          0          0   libshutdown.o
         2          0          0          0          0          0   libshutdown2.o
         8          4          0          0         96         68   libspace.o
        78          0          0          0          0         80   rt_memclr_w.o
         2          0          0          0          0          0   rtexit.o
        10          0          0          0          0          0   rtexit2.o
        12          4          0          0          0         68   sys_exit.o
        74          0          0          0          0         80   sys_stackheap_outer.o
         2          0          0          0          0         68   use_no_semi.o
        94          4          0          0          0         92   dfix.o
        46          0          0          0          0         68   dflt_clz.o
       340         12          0          0          0        104   dmul.o
       156          4          0          0          0         92   dnaninf.o
        12          0          0          0          0         68   dretinf.o
         0          0          0          0          0          0   usenofp.o

    ----------------------------------------------------------------------
      1066         36          0          0        100       1088   Library Totals
         4          0          0          0          4          0   (incl. Padding)

    ----------------------------------------------------------------------

      Code (inc. data)   RO Data    RW Data    ZI Data      Debug   Library Name

       414         16          0          0         96        664   c_w.l
       648         20          0          0          0        424   fz_ws.l

    ----------------------------------------------------------------------
      1066         36          0          0        100       1088   Library Totals

    ----------------------------------------------------------------------

==============================================================================


      Code (inc. data)   RO Data    RW Data    ZI Data      Debug   

     25400       1854        368        316       1812     392207   Grand Totals
     25400       1854        368         44       1812     392207   ELF Image Totals (compressed)
     25400       1854        368         44          0          0   ROM Totals

==============================================================================

    Total RO  Size (Code + RO Data)                25768 (  25.16kB)
    Total RW  Size (RW Data + ZI Data)              2128 (   2.08kB)
    Total ROM Size (Code + RO Data + RW Data)      25812 (  25.21kB)

==============================================================================

