Component: ARM Compiler 5.06 update 2 (build 183) Tool: armlink [4d35b7]

==============================================================================

Section Cross References

    main.o(i.LitteSenceRun) refers to main.o(i.litteSenceRun1) for litteSenceRun1
    main.o(i.LitteSenceRun) refers to main.o(i.litteSenceRun2) for litteSenceRun2
    main.o(i.LitteSenceRun) refers to main.o(i.litteSenceRun3) for litteSenceRun3
    main.o(i.LitteSenceRun) refers to main.o(i.litteSenceRun4) for litteSenceRun4
    main.o(i.LitteSenceRun) refers to main.o(.data) for g_cCleanCurrentSence
    main.o(i.allOutClose) refers to main.o(i.allSenceClose) for allSenceClose
    main.o(i.allOutClose) refers to main.o(.data) for isCleanRuning
    main.o(i.allSenceClose) refers to stm32f10x_gpio.o(i.GPIO_SetBits) for GPIO_SetBits
    main.o(i.allSenceClose) refers to stm32f10x_gpio.o(i.GPIO_ResetBits) for GPIO_ResetBits
    main.o(i.aurtEventUnitShow) refers to rt_memclr_w.o(.text) for __aeabi_memclr4
    main.o(i.aurtEventUnitShow) refers to mini-data.o(i.miniDataCreate) for miniDataCreate
    main.o(i.aurtEventUnitShow) refers to stm32f1_uart1.o(i.STM32F1_UART1SendDataS) for STM32F1_UART1SendDataS
    main.o(i.btnEvent) refers to key.o(i.zhSCM_keyState) for zhSCM_keyState
    main.o(i.btnEvent) refers to main.o(i.allOutClose) for allOutClose
    main.o(i.btnEvent) refers to main.o(.data) for btn1
    main.o(i.litteSenceRun1) refers to main.o(i.allSenceClose) for allSenceClose
    main.o(i.litteSenceRun1) refers to main.o(i.senceNext) for senceNext
    main.o(i.litteSenceRun1) refers to main.o(i.senceDelayToNext) for senceDelayToNext
    main.o(i.litteSenceRun1) refers to stm32f10x_gpio.o(i.GPIO_ResetBits) for GPIO_ResetBits
    main.o(i.litteSenceRun1) refers to stm32f10x_gpio.o(i.GPIO_SetBits) for GPIO_SetBits
    main.o(i.litteSenceRun1) refers to main.o(i.allOutClose) for allOutClose
    main.o(i.litteSenceRun1) refers to main.o(.data) for ppxxStep
    main.o(i.litteSenceRun2) refers to main.o(i.allSenceClose) for allSenceClose
    main.o(i.litteSenceRun2) refers to main.o(i.senceNext) for senceNext
    main.o(i.litteSenceRun2) refers to main.o(i.senceDelayToNext) for senceDelayToNext
    main.o(i.litteSenceRun2) refers to stm32f10x_gpio.o(i.GPIO_ResetBits) for GPIO_ResetBits
    main.o(i.litteSenceRun2) refers to stm32f10x_gpio.o(i.GPIO_SetBits) for GPIO_SetBits
    main.o(i.litteSenceRun2) refers to main.o(i.allOutClose) for allOutClose
    main.o(i.litteSenceRun2) refers to main.o(.data) for ppxxStep
    main.o(i.litteSenceRun3) refers to main.o(i.allSenceClose) for allSenceClose
    main.o(i.litteSenceRun3) refers to main.o(i.senceNext) for senceNext
    main.o(i.litteSenceRun3) refers to main.o(i.senceDelayToNext) for senceDelayToNext
    main.o(i.litteSenceRun3) refers to stm32f10x_gpio.o(i.GPIO_ResetBits) for GPIO_ResetBits
    main.o(i.litteSenceRun3) refers to stm32f10x_gpio.o(i.GPIO_SetBits) for GPIO_SetBits
    main.o(i.litteSenceRun3) refers to main.o(i.allOutClose) for allOutClose
    main.o(i.litteSenceRun3) refers to main.o(.data) for ppxxStep
    main.o(i.litteSenceRun4) refers to main.o(i.allSenceClose) for allSenceClose
    main.o(i.litteSenceRun4) refers to main.o(i.senceNext) for senceNext
    main.o(i.litteSenceRun4) refers to main.o(i.senceDelayToNext) for senceDelayToNext
    main.o(i.litteSenceRun4) refers to stm32f10x_gpio.o(i.GPIO_ResetBits) for GPIO_ResetBits
    main.o(i.litteSenceRun4) refers to stm32f10x_gpio.o(i.GPIO_SetBits) for GPIO_SetBits
    main.o(i.litteSenceRun4) refers to main.o(i.allOutClose) for allOutClose
    main.o(i.litteSenceRun4) refers to main.o(.data) for ppxxStep
    main.o(i.main) refers to main.o(i.setFlashData) for setFlashData
    main.o(i.main) refers to stm32_delay.o(i.STM32_Delay_init) for STM32_Delay_init
    main.o(i.main) refers to stm32f1_uart1.o(i.STM32F1_UART1_Init) for STM32F1_UART1_Init
    main.o(i.main) refers to stm32f1_adc1.o(i.Adc_Init) for Adc_Init
    main.o(i.main) refers to stm32f1_adc2.o(i.Adc2_Init) for Adc2_Init
    main.o(i.main) refers to stm32f1_adc3.o(i.Adc3_Init) for Adc3_Init
    main.o(i.main) refers to stm32f1_adc4.o(i.Adc4_Init) for Adc4_Init
    main.o(i.main) refers to stm32f1_timer2.o(i.Stm32F1_Timer2Init) for Stm32F1_Timer2Init
    main.o(i.main) refers to stm32f1_timer3.o(i.Stm32F1_Timer3Init) for Stm32F1_Timer3Init
    main.o(i.main) refers to inputdrive.o(i.InputDriveInit) for InputDriveInit
    main.o(i.main) refers to key.o(i.zhSCM_GPIOConfig) for zhSCM_GPIOConfig
    main.o(i.main) refers to outputdrive.o(i.OutputDriveInit) for OutputDriveInit
    main.o(i.main) refers to stm32f10x_gpio.o(i.GPIO_ResetBits) for GPIO_ResetBits
    main.o(i.main) refers to stm32f10x_gpio.o(i.GPIO_SetBits) for GPIO_SetBits
    main.o(i.main) refers to key.o(i.zhSCM_initKeyState) for zhSCM_initKeyState
    main.o(i.main) refers to main.o(i.btnEvent) for btnEvent
    main.o(i.main) refers to main.o(i.qiqiqiYayaya) for qiqiqiYayaya
[...]
    Removing stm32f10x_tim.o(i.TIM_OC2Init), (164 bytes).
    Removing stm32f10x_tim.o(i.TIM_OC2NPolarityConfig), (26 bytes).
    Removing stm32f10x_tim.o(i.TIM_OC2PolarityConfig), (26 bytes).
    Removing stm32f10x_tim.o(i.TIM_OC2PreloadConfig), (26 bytes).
    Removing stm32f10x_tim.o(i.TIM_OC3FastConfig), (18 bytes).
    Removing stm32f10x_tim.o(i.TIM_OC3Init), (160 bytes).
    Removing stm32f10x_tim.o(i.TIM_OC3NPolarityConfig), (26 bytes).
    Removing stm32f10x_tim.o(i.TIM_OC3PolarityConfig), (26 bytes).
    Removing stm32f10x_tim.o(i.TIM_OC3PreloadConfig), (18 bytes).
    Removing stm32f10x_tim.o(i.TIM_OC4FastConfig), (26 bytes).
    Removing stm32f10x_tim.o(i.TIM_OC4Init), (124 bytes).
    Removing stm32f10x_tim.o(i.TIM_OC4PolarityConfig), (26 bytes).
    Removing stm32f10x_tim.o(i.TIM_OC4PreloadConfig), (26 bytes).
    Removing stm32f10x_tim.o(i.TIM_OCStructInit), (20 bytes).
    Removing stm32f10x_tim.o(i.TIM_PWMIConfig), (124 bytes).
    Removing stm32f10x_tim.o(i.TIM_PrescalerConfig), (6 bytes).
    Removing stm32f10x_tim.o(i.TIM_SelectCCDMA), (24 bytes).
    Removing stm32f10x_tim.o(i.TIM_SelectCOM), (24 bytes).
    Removing stm32f10x_tim.o(i.TIM_SelectHallSensor), (24 bytes).
    Removing stm32f10x_tim.o(i.TIM_SelectInputTrigger), (18 bytes).
    Removing stm32f10x_tim.o(i.TIM_SelectMasterSlaveMode), (18 bytes).
    Removing stm32f10x_tim.o(i.TIM_SelectOCxM), (82 bytes).
    Removing stm32f10x_tim.o(i.TIM_SelectOnePulseMode), (18 bytes).
    Removing stm32f10x_tim.o(i.TIM_SelectOutputTrigger), (18 bytes).
    Removing stm32f10x_tim.o(i.TIM_SelectSlaveMode), (18 bytes).
    Removing stm32f10x_tim.o(i.TIM_SetAutoreload), (4 bytes).
    Removing stm32f10x_tim.o(i.TIM_SetClockDivision), (18 bytes).
    Removing stm32f10x_tim.o(i.TIM_SetCompare1), (4 bytes).
    Removing stm32f10x_tim.o(i.TIM_SetCompare2), (4 bytes).
    Removing stm32f10x_tim.o(i.TIM_SetCompare3), (4 bytes).
    Removing stm32f10x_tim.o(i.TIM_SetCompare4), (6 bytes).
    Removing stm32f10x_tim.o(i.TIM_SetCounter), (4 bytes).
    Removing stm32f10x_tim.o(i.TIM_SetIC1Prescaler), (18 bytes).
    Removing stm32f10x_tim.o(i.TIM_SetIC2Prescaler), (26 bytes).
    Removing stm32f10x_tim.o(i.TIM_SetIC3Prescaler), (18 bytes).
    Removing stm32f10x_tim.o(i.TIM_SetIC4Prescaler), (26 bytes).
    Removing stm32f10x_tim.o(i.TIM_TIxExternalClockConfig), (62 bytes).
    Removing stm32f10x_tim.o(i.TIM_TimeBaseStructInit), (18 bytes).
    Removing stm32f10x_tim.o(i.TIM_UpdateDisableConfig), (24 bytes).
    Removing stm32f10x_tim.o(i.TIM_UpdateRequestConfig), (24 bytes).
    Removing misc.o(.rev16_text), (4 bytes).
    Removing misc.o(.revsh_text), (4 bytes).
    Removing misc.o(.rrx_text), (6 bytes).
    Removing misc.o(i.NVIC_PriorityGroupConfig), (20 bytes).
    Removing misc.o(i.NVIC_SetVectorTable), (20 bytes).
    Removing misc.o(i.NVIC_SystemLPConfig), (32 bytes).
    Removing stm32f10x_usart.o(.rev16_text), (4 bytes).
    Removing stm32f10x_usart.o(.revsh_text), (4 bytes).
    Removing stm32f10x_usart.o(.rrx_text), (6 bytes).
    Removing stm32f10x_usart.o(i.USART_ClearFlag), (18 bytes).
    Removing stm32f10x_usart.o(i.USART_ClearITPendingBit), (30 bytes).
    Removing stm32f10x_usart.o(i.USART_ClockInit), (34 bytes).
    Removing stm32f10x_usart.o(i.USART_ClockStructInit), (12 bytes).
    Removing stm32f10x_usart.o(i.USART_DMACmd), (18 bytes).
    Removing stm32f10x_usart.o(i.USART_DeInit), (156 bytes).
    Removing stm32f10x_usart.o(i.USART_GetFlagStatus), (26 bytes).
    Removing stm32f10x_usart.o(i.USART_HalfDuplexCmd), (24 bytes).
    Removing stm32f10x_usart.o(i.USART_IrDACmd), (24 bytes).
    Removing stm32f10x_usart.o(i.USART_IrDAConfig), (18 bytes).
    Removing stm32f10x_usart.o(i.USART_LINBreakDetectLengthConfig), (18 bytes).
    Removing stm32f10x_usart.o(i.USART_LINCmd), (24 bytes).
    Removing stm32f10x_usart.o(i.USART_OneBitMethodCmd), (24 bytes).
    Removing stm32f10x_usart.o(i.USART_OverSampling8Cmd), (22 bytes).
    Removing stm32f10x_usart.o(i.USART_ReceiverWakeUpCmd), (24 bytes).
    Removing stm32f10x_usart.o(i.USART_SendBreak), (10 bytes).
    Removing stm32f10x_usart.o(i.USART_SendData), (8 bytes).
    Removing stm32f10x_usart.o(i.USART_SetAddress), (18 bytes).
    Removing stm32f10x_usart.o(i.USART_SetGuardTime), (16 bytes).
    Removing stm32f10x_usart.o(i.USART_SetPrescaler), (16 bytes).
    Removing stm32f10x_usart.o(i.USART_SmartCardCmd), (24 bytes).
    Removing stm32f10x_usart.o(i.USART_SmartCardNACKCmd), (24 bytes).
    Removing stm32f10x_usart.o(i.USART_StructInit), (24 bytes).
    Removing stm32f10x_usart.o(i.USART_WakeUpConfig), (18 bytes).
    Removing stm32f10x_adc.o(.rev16_text), (4 bytes).
    Removing stm32f10x_adc.o(.revsh_text), (4 bytes).
    Removing stm32f10x_adc.o(.rrx_text), (6 bytes).
    Removing stm32f10x_adc.o(i.ADC_AnalogWatchdogCmd), (20 bytes).
    Removing stm32f10x_adc.o(i.ADC_AnalogWatchdogSingleChannelConfig), (16 bytes).
    Removing stm32f10x_adc.o(i.ADC_AnalogWatchdogThresholdsConfig), (6 bytes).
    Removing stm32f10x_adc.o(i.ADC_AutoInjectedConvCmd), (22 bytes).
    Removing stm32f10x_adc.o(i.ADC_ClearFlag), (6 bytes).
    Removing stm32f10x_adc.o(i.ADC_ClearITPendingBit), (10 bytes).
    Removing stm32f10x_adc.o(i.ADC_DMACmd), (22 bytes).
    Removing stm32f10x_adc.o(i.ADC_DiscModeChannelCountConfig), (24 bytes).
    Removing stm32f10x_adc.o(i.ADC_DiscModeCmd), (22 bytes).
    Removing stm32f10x_adc.o(i.ADC_ExternalTrigConvCmd), (22 bytes).
    Removing stm32f10x_adc.o(i.ADC_ExternalTrigInjectedConvCmd), (22 bytes).
    Removing stm32f10x_adc.o(i.ADC_ExternalTrigInjectedConvConfig), (16 bytes).
    Removing stm32f10x_adc.o(i.ADC_GetDualModeConversionValue), (12 bytes).
    Removing stm32f10x_adc.o(i.ADC_GetITStatus), (36 bytes).
    Removing stm32f10x_adc.o(i.ADC_GetInjectedConversionValue), (28 bytes).
    Removing stm32f10x_adc.o(i.ADC_GetSoftwareStartConvStatus), (20 bytes).
    Removing stm32f10x_adc.o(i.ADC_GetSoftwareStartInjectedConvCmdStatus), (20 bytes).
    Removing stm32f10x_adc.o(i.ADC_ITConfig), (24 bytes).
    Removing stm32f10x_adc.o(i.ADC_InjectedChannelConfig), (130 bytes).
    Removing stm32f10x_adc.o(i.ADC_InjectedDiscModeCmd), (22 bytes).
    Removing stm32f10x_adc.o(i.ADC_InjectedSequencerLengthConfig), (24 bytes).
    Removing stm32f10x_adc.o(i.ADC_SetInjectedOffset), (20 bytes).
    Removing stm32f10x_adc.o(i.ADC_SoftwareStartInjectedConvCmd), (22 bytes).
    Removing stm32f10x_adc.o(i.ADC_StructInit), (18 bytes).
    Removing stm32f10x_adc.o(i.ADC_TempSensorVrefintCmd), (36 bytes).
    Removing stm32f10x_flash.o(.rev16_text), (4 bytes).
    Removing stm32f10x_flash.o(.revsh_text), (4 bytes).
    Removing stm32f10x_flash.o(.rrx_text), (6 bytes).
    Removing stm32f10x_flash.o(i.FLASH_EnableWriteProtection), (196 bytes).
    Removing stm32f10x_flash.o(i.FLASH_EraseAllBank1Pages), (72 bytes).
    Removing stm32f10x_flash.o(i.FLASH_EraseAllPages), (72 bytes).
    Removing stm32f10x_flash.o(i.FLASH_EraseOptionBytes), (168 bytes).
    Removing stm32f10x_flash.o(i.FLASH_GetFlagStatus), (48 bytes).
    Removing stm32f10x_flash.o(i.FLASH_GetPrefetchBufferStatus), (24 bytes).
    Removing stm32f10x_flash.o(i.FLASH_GetReadOutProtectionStatus), (24 bytes).
    Removing stm32f10x_flash.o(i.FLASH_GetStatus), (52 bytes).
    Removing stm32f10x_flash.o(i.FLASH_GetUserOptionByte), (12 bytes).
    Removing stm32f10x_flash.o(i.FLASH_GetWriteProtectionOptionByte), (12 bytes).
    Removing stm32f10x_flash.o(i.FLASH_HalfCycleAccessCmd), (28 bytes).
    Removing stm32f10x_flash.o(i.FLASH_ITConfig), (32 bytes).
    Removing stm32f10x_flash.o(i.FLASH_LockBank1), (20 bytes).
    Removing stm32f10x_flash.o(i.FLASH_PrefetchBufferCmd), (28 bytes).
    Removing stm32f10x_flash.o(i.FLASH_ProgramOptionByteData), (84 bytes).
    Removing stm32f10x_flash.o(i.FLASH_ProgramWord), (108 bytes).
    Removing stm32f10x_flash.o(i.FLASH_ReadOutProtection), (172 bytes).
    Removing stm32f10x_flash.o(i.FLASH_SetLatency), (24 bytes).
    Removing stm32f10x_flash.o(i.FLASH_UnlockBank1), (24 bytes).
    Removing stm32f10x_flash.o(i.FLASH_UserOptionByteConfig), (104 bytes).
    Removing stm32f10x_flash.o(i.FLASH_WaitForLastBank1Operation), (38 bytes).
    Removing stm32_delay.o(.rev16_text), (4 bytes).
    Removing stm32_delay.o(.revsh_text), (4 bytes).
    Removing stm32_delay.o(.rrx_text), (6 bytes).
    Removing stm32_delay.o(i.STM32_Delay_us), (76 bytes).
    Removing ds18b20.o(.rev16_text), (4 bytes).
    Removing ds18b20.o(.revsh_text), (4 bytes).
    Removing ds18b20.o(.rrx_text), (6 bytes).
    Removing ds18b20.o(i.DS18B20_Check), (88 bytes).
    Removing ds18b20.o(i.DS18B20_DQ_IN), (36 bytes).
    Removing ds18b20.o(i.DS18B20_DQ_OUT), (36 bytes).
    Removing ds18b20.o(i.DS18B20_Get_Temp), (176 bytes).
    Removing ds18b20.o(i.DS18B20_Init), (52 bytes).
    Removing ds18b20.o(i.DS18B20_Read_Bit), (68 bytes).
    Removing ds18b20.o(i.DS18B20_Read_Byte), (34 bytes).
    Removing ds18b20.o(i.DS18B20_Rst), (44 bytes).
    Removing ds18b20.o(i.DS18B20_Start), (24 bytes).
    Removing ds18b20.o(i.DS18B20_Write_Byte), (92 bytes).
    Removing ds18b20_1.o(.rev16_text), (4 bytes).
    Removing ds18b20_1.o(.revsh_text), (4 bytes).
    Removing ds18b20_1.o(.rrx_text), (6 bytes).
    Removing ds18b20_1.o(i.DS18B20_Check1), (88 bytes).
    Removing ds18b20_1.o(i.DS18B20_DQ1_IN), (36 bytes).
    Removing ds18b20_1.o(i.DS18B20_DQ1_OUT), (36 bytes).
    Removing ds18b20_1.o(i.DS18B20_Get_Temp1), (176 bytes).
    Removing ds18b20_1.o(i.DS18B20_Init1), (52 bytes).
    Removing ds18b20_1.o(i.DS18B20_Read_Bit1), (68 bytes).
    Removing ds18b20_1.o(i.DS18B20_Read_Byte1), (34 bytes).
    Removing ds18b20_1.o(i.DS18B20_Rst1), (44 bytes).
    Removing ds18b20_1.o(i.DS18B20_Start1), (24 bytes).
    Removing ds18b20_1.o(i.DS18B20_Write_Byte1), (92 bytes).
    Removing stm32f10x_wwdg.o(.rev16_text), (4 bytes).
    Removing stm32f10x_wwdg.o(.revsh_text), (4 bytes).
    Removing stm32f10x_wwdg.o(.rrx_text), (6 bytes).
    Removing stm32f10x_wwdg.o(i.WWDG_ClearFlag), (12 bytes).
    Removing stm32f10x_wwdg.o(i.WWDG_DeInit), (22 bytes).
    Removing stm32f10x_wwdg.o(i.WWDG_Enable), (16 bytes).
    Removing stm32f10x_wwdg.o(i.WWDG_EnableIT), (12 bytes).
    Removing stm32f10x_wwdg.o(i.WWDG_GetFlagStatus), (12 bytes).
    Removing stm32f10x_wwdg.o(i.WWDG_SetCounter), (16 bytes).
    Removing stm32f10x_wwdg.o(i.WWDG_SetPrescaler), (24 bytes).
    Removing stm32f10x_wwdg.o(i.WWDG_SetWindowValue), (28 bytes).
    Removing watchdog.o(.rev16_text), (4 bytes).
    Removing watchdog.o(.revsh_text), (4 bytes).
    Removing watchdog.o(.rrx_text), (6 bytes).
    Removing watchdog.o(i.watchdog_action), (8 bytes).
    Removing watchdog.o(i.watchdog_init), (14 bytes).
    Removing watchdog.o(i.wdinit), (36 bytes).
    Removing stm32f10x_iwdg.o(.rev16_text), (4 bytes).
    Removing stm32f10x_iwdg.o(.revsh_text), (4 bytes).
    Removing stm32f10x_iwdg.o(.rrx_text), (6 bytes).
    Removing stm32f10x_iwdg.o(i.IWDG_Enable), (16 bytes).
    Removing stm32f10x_iwdg.o(i.IWDG_GetFlagStatus), (24 bytes).
    Removing stm32f10x_iwdg.o(i.IWDG_ReloadCounter), (16 bytes).
    Removing stm32f10x_iwdg.o(i.IWDG_SetPrescaler), (12 bytes).
    Removing stm32f10x_iwdg.o(i.IWDG_SetReload), (12 bytes).
    Removing stm32f10x_iwdg.o(i.IWDG_WriteAccessCmd), (12 bytes).
    Removing stm32f1_timer2.o(.rev16_text), (4 bytes).
    Removing stm32f1_timer2.o(.revsh_text), (4 bytes).
    Removing stm32f1_timer2.o(.rrx_text), (6 bytes).
    Removing stm32f1_timer3.o(.rev16_text), (4 bytes).
    Removing stm32f1_timer3.o(.revsh_text), (4 bytes).
    Removing stm32f1_timer3.o(.rrx_text), (6 bytes).
    Removing stm32f1_timer3.o(i.CountToOneSecond), (40 bytes).
    Removing key.o(.rev16_text), (4 bytes).
    Removing key.o(.revsh_text), (4 bytes).
    Removing key.o(.rrx_text), (6 bytes).
    Removing flash_rw.o(.rev16_text), (4 bytes).
    Removing flash_rw.o(.revsh_text), (4 bytes).
    Removing flash_rw.o(.rrx_text), (6 bytes).
    Removing outputdrive.o(.rev16_text), (4 bytes).
    Removing outputdrive.o(.revsh_text), (4 bytes).
    Removing outputdrive.o(.rrx_text), (6 bytes).
    Removing outputdrive.o(i.RelayTest), (456 bytes).
    Removing stm32f1_uart1.o(.rev16_text), (4 bytes).
    Removing stm32f1_uart1.o(.revsh_text), (4 bytes).
    Removing stm32f1_uart1.o(.rrx_text), (6 bytes).
    Removing stm32f1_uart1.o(i.STM32F1_UART1SendData), (32 bytes).
    Removing stm32f1_uart1.o(i.STM32F1_UART1SendDataS), (60 bytes).
    Removing stm32f1_uart1.o(i.sendTimeCfg), (80 bytes).
    Removing stm32f1_uart1.o(i.uartSendUartRelay), (64 bytes).
    Removing stm32f1_uart2.o(.rev16_text), (4 bytes).
    Removing stm32f1_uart2.o(.revsh_text), (4 bytes).
    Removing stm32f1_uart2.o(.rrx_text), (6 bytes).
    Removing stm32f1_uart2.o(i.STM32F1_UART2SendData), (32 bytes).
    Removing stm32f1_uart2.o(i.STM32F1_UART2SendDataS), (60 bytes).
    Removing stm32f1_uart2.o(i.STM32F1_UART2_Init), (160 bytes).
    Removing stm32f1_uart3.o(.rev16_text), (4 bytes).
    Removing stm32f1_uart3.o(.revsh_text), (4 bytes).
    Removing stm32f1_uart3.o(.rrx_text), (6 bytes).
    Removing stm32f1_uart3.o(i.STM32F1_UART3SendData), (32 bytes).
    Removing stm32f1_uart3.o(i.STM32F1_UART3SendDataS), (60 bytes).
    Removing stm32f1_uart3.o(i.STM32F1_UART3_Init), (176 bytes).
    Removing stm32f1_adc1.o(.rev16_text), (4 bytes).
    Removing stm32f1_adc1.o(.revsh_text), (4 bytes).
    Removing stm32f1_adc1.o(.rrx_text), (6 bytes).
    Removing stm32f1_adc1.o(i.Get_Adc13), (48 bytes).
    Removing stm32f1_adc1.o(i.Get_Adc_Average), (38 bytes).
    Removing stm32f1_adc2.o(.rev16_text), (4 bytes).
    Removing stm32f1_adc2.o(.revsh_text), (4 bytes).
    Removing stm32f1_adc2.o(.rrx_text), (6 bytes).
    Removing stm32f1_adc3.o(.rev16_text), (4 bytes).
    Removing stm32f1_adc3.o(.revsh_text), (4 bytes).
    Removing stm32f1_adc3.o(.rrx_text), (6 bytes).
    Removing stm32f1_adc4.o(.rev16_text), (4 bytes).
    Removing stm32f1_adc4.o(.revsh_text), (4 bytes).
    Removing stm32f1_adc4.o(.rrx_text), (6 bytes).
    Removing inputdrive.o(.rev16_text), (4 bytes).
    Removing inputdrive.o(.revsh_text), (4 bytes).
    Removing inputdrive.o(.rrx_text), (6 bytes).
    Removing system_stm32f10x.o(.rev16_text), (4 bytes).
    Removing system_stm32f10x.o(.revsh_text), (4 bytes).
    Removing system_stm32f10x.o(.rrx_text), (6 bytes).
    Removing system_stm32f10x.o(i.SystemCoreClockUpdate), (256 bytes).

350 unused section(s) (total 11618 bytes) removed from the image.

==============================================================================

Image Symbol Table

    Local Symbols

    Symbol Name                              Value     Ov Type        Size  Object(Section)

    ../clib/angel/boardlib.s                 0x00000000   Number         0  boardinit1.o ABSOLUTE
    ../clib/angel/boardlib.s                 0x00000000   Number         0  boardinit2.o ABSOLUTE
    ../clib/angel/boardlib.s                 0x00000000   Number         0  boardinit3.o ABSOLUTE
    ../clib/angel/boardlib.s                 0x00000000   Number         0  boardshut.o ABSOLUTE
    ../clib/angel/handlers.s                 0x00000000   Number         0  __scatter_copy.o ABSOLUTE
    ../clib/angel/handlers.s                 0x00000000   Number         0  __scatter_zi.o ABSOLUTE
    ../clib/angel/kernel.s                   0x00000000   Number         0  __rtentry.o ABSOLUTE
    ../clib/angel/kernel.s                   0x00000000   Number         0  __rtentry2.o ABSOLUTE
    ../clib/angel/kernel.s                   0x00000000   Number         0  __rtentry4.o ABSOLUTE
    ../clib/angel/kernel.s                   0x00000000   Number         0  rtexit.o ABSOLUTE
    ../clib/angel/kernel.s                   0x00000000   Number         0  rtexit2.o ABSOLUTE
    ../clib/angel/rt.s                       0x00000000   Number         0  rt_raise.o ABSOLUTE
    ../clib/angel/scatter.s                  0x00000000   Number         0  __scatter.o ABSOLUTE
    ../clib/angel/startup.s                  0x00000000   Number         0  __main.o ABSOLUTE
    ../clib/angel/sys.s                      0x00000000   Number         0  sys_stackheap_outer.o ABSOLUTE
    ../clib/angel/sys.s                      0x00000000   Number         0  use_no_semi.o ABSOLUTE
    ../clib/angel/sys.s                      0x00000000   Number         0  indicate_semi.o ABSOLUTE
    ../clib/angel/sys.s                      0x00000000   Number         0  libspace.o ABSOLUTE
    ../clib/angel/sysapp.c                   0x00000000   Number         0  sys_exit.o ABSOLUTE
    ../clib/angel/sysapp.c                   0x00000000   Number         0  sys_command.o ABSOLUTE
    ../clib/angel/sysapp.c                   0x00000000   Number         0  sys_wrch.o ABSOLUTE
    ../clib/armsys.c                         0x00000000   Number         0  _get_argv_nomalloc.o ABSOLUTE
    ../clib/armsys.c                         0x00000000   Number         0  no_argv.o ABSOLUTE
    ../clib/armsys.c                         0x00000000   Number         0  argv_veneer.o ABSOLUTE
    ../clib/armsys.c                         0x00000000   Number         0  argv_veneer.o ABSOLUTE
    ../clib/heapalloc.c                      0x00000000   Number         0  hrguard.o ABSOLUTE
    ../clib/heapaux.c                        0x00000000   Number         0  heapauxi.o ABSOLUTE
    ../clib/libinit.s                        0x00000000   Number         0  libinit.o ABSOLUTE
    ../clib/libinit.s                        0x00000000   Number         0  libshutdown.o ABSOLUTE
    ../clib/libinit.s                        0x00000000   Number         0  libshutdown2.o ABSOLUTE
    ../clib/libinit.s                        0x00000000   Number         0  libinit2.o ABSOLUTE
    ../clib/memcpset.s                       0x00000000   Number         0  rt_memclr_w.o ABSOLUTE
    ../clib/signal.c                         0x00000000   Number         0  defsig_rtmem_inner.o ABSOLUTE
    ../clib/signal.c                         0x00000000   Number         0  defsig_stak_inner.o ABSOLUTE
    ../clib/signal.c                         0x00000000   Number         0  defsig_other.o ABSOLUTE
    ../clib/signal.c                         0x00000000   Number         0  defsig_segv_inner.o ABSOLUTE
    ../clib/signal.c                         0x00000000   Number         0  defsig_cppl_inner.o ABSOLUTE
    ../clib/signal.c                         0x00000000   Number         0  defsig_pvfn_inner.o ABSOLUTE
    ../clib/signal.c                         0x00000000   Number         0  defsig_rtred_inner.o ABSOLUTE
    ../clib/signal.c                         0x00000000   Number         0  defsig_abrt_inner.o ABSOLUTE
    ../clib/signal.c                         0x00000000   Number         0  defsig_general.o ABSOLUTE
    ../clib/signal.c                         0x00000000   Number         0  __raise.o ABSOLUTE
    ../clib/signal.c                         0x00000000   Number         0  defsig_fpe_inner.o ABSOLUTE
    ../clib/signal.c                         0x00000000   Number         0  defsig_exit.o ABSOLUTE
    ../clib/signal.c                         0x00000000   Number         0  defsig_rtmem_formal.o ABSOLUTE
    ../clib/signal.c                         0x00000000   Number         0  defsig_rtmem_outer.o ABSOLUTE
    ../clib/signal.s                         0x00000000   Number         0  defsig.o ABSOLUTE
    ../clib/stdlib.c                         0x00000000   Number         0  exit.o ABSOLUTE
    ../fplib/dfix.s                          0x00000000   Number         0  dfix.o ABSOLUTE
    ../fplib/dflt.s                          0x00000000   Number         0  dflt_clz.o ABSOLUTE
    ../fplib/dmul.s                          0x00000000   Number         0  dmul.o ABSOLUTE
    ../fplib/dnaninf.s                       0x00000000   Number         0  dnaninf.o ABSOLUTE
    ../fplib/dretinf.s                       0x00000000   Number         0  dretinf.o ABSOLUTE
    ../fplib/fpinit.s                        0x00000000   Number         0  fpinit.o ABSOLUTE
    ../fplib/usenofp.s                       0x00000000   Number         0  usenofp.o ABSOLUTE
    RTE\Device\STM32F105VC\startup_stm32f10x_cl.s 0x00000000   Number         0  startup_stm32f10x_cl.o ABSOLUTE
    RTE\Device\STM32F105VC\system_stm32f10x.c 0x00000000   Number         0  system_stm32f10x.o ABSOLUTE
    RTE\\Device\\STM32F105VC\\system_stm32f10x.c 0x00000000   Number         0  system_stm32f10x.o ABSOLUTE
    dc.s                                     0x00000000   Number         0  dc.o ABSOLUTE
    dev\InputDrive.c                         0x00000000   Number         0  inputdrive.o ABSOLUTE
    dev\OutputDrive.c                        0x00000000   Number         0  outputdrive.o ABSOLUTE
    dev\STM32F1_ADC1.c                       0x00000000   Number         0  stm32f1_adc1.o ABSOLUTE
    dev\STM32F1_ADC2.c                       0x00000000   Number         0  stm32f1_adc2.o ABSOLUTE
    dev\STM32F1_ADC3.c                       0x00000000   Number         0  stm32f1_adc3.o ABSOLUTE
    dev\STM32F1_ADC4.c                       0x00000000   Number         0  stm32f1_adc4.o ABSOLUTE
    dev\STM32F1_UART1.c                      0x00000000   Number         0  stm32f1_uart1.o ABSOLUTE
    dev\STM32F1_UART2.c                      0x00000000   Number         0  stm32f1_uart2.o ABSOLUTE
    dev\STM32F1_UART3.c                      0x00000000   Number         0  stm32f1_uart3.o ABSOLUTE
    dev\STM32_Delay.c                        0x00000000   Number         0  stm32_delay.o ABSOLUTE
    dev\Stm32F1_Timer2.c                     0x00000000   Number         0  stm32f1_timer2.o ABSOLUTE
    dev\Stm32F1_Timer3.c                     0x00000000   Number         0  stm32f1_timer3.o ABSOLUTE
    dev\\InputDrive.c                        0x00000000   Number         0  inputdrive.o ABSOLUTE
    dev\\OutputDrive.c                       0x00000000   Number         0  outputdrive.o ABSOLUTE
    dev\\STM32F1_ADC1.c                      0x00000000   Number         0  stm32f1_adc1.o ABSOLUTE
    dev\\STM32F1_ADC2.c                      0x00000000   Number         0  stm32f1_adc2.o ABSOLUTE
    dev\\STM32F1_ADC3.c                      0x00000000   Number         0  stm32f1_adc3.o ABSOLUTE
    dev\\STM32F1_ADC4.c                      0x00000000   Number         0  stm32f1_adc4.o ABSOLUTE
    dev\\STM32F1_UART1.c                     0x00000000   Number         0  stm32f1_uart1.o ABSOLUTE
    dev\\STM32F1_UART2.c                     0x00000000   Number         0  stm32f1_uart2.o ABSOLUTE
    dev\\STM32F1_UART3.c                     0x00000000   Number         0  stm32f1_uart3.o ABSOLUTE
    dev\\STM32_Delay.c                       0x00000000   Number         0  stm32_delay.o ABSOLUTE
    dev\\Stm32F1_Timer2.c                    0x00000000   Number         0  stm32f1_timer2.o ABSOLUTE
    dev\\Stm32F1_Timer3.c                    0x00000000   Number         0  stm32f1_timer3.o ABSOLUTE
    dev\\ds18b20.c                           0x00000000   Number         0  ds18b20.o ABSOLUTE
    dev\\ds18b20_1.c                         0x00000000   Number         0  ds18b20_1.o ABSOLUTE
    dev\\flash_rw.c                          0x00000000   Number         0  flash_rw.o ABSOLUTE
    dev\\key.c                               0x00000000   Number         0  key.o ABSOLUTE
    dev\\stm32f10x_iwdg.c                    0x00000000   Number         0  stm32f10x_iwdg.o ABSOLUTE
    dev\\stm32f10x_wwdg.c                    0x00000000   Number         0  stm32f10x_wwdg.o ABSOLUTE
    dev\\watchdog.c                          0x00000000   Number         0  watchdog.o ABSOLUTE
    dev\ds18b20.c                            0x00000000   Number         0  ds18b20.o ABSOLUTE
    dev\ds18b20_1.c                          0x00000000   Number         0  ds18b20_1.o ABSOLUTE
    dev\flash_rw.c                           0x00000000   Number         0  flash_rw.o ABSOLUTE
    dev\key.c                                0x00000000   Number         0  key.o ABSOLUTE
    dev\stm32f10x_iwdg.c                     0x00000000   Number         0  stm32f10x_iwdg.o ABSOLUTE
    dev\stm32f10x_wwdg.c                     0x00000000   Number         0  stm32f10x_wwdg.o ABSOLUTE
    dev\watchdog.c                           0x00000000   Number         0  watchdog.o ABSOLUTE
    libs\\src\\misc.c                        0x00000000   Number         0  misc.o ABSOLUTE
    libs\\src\\stm32f10x_adc.c               0x00000000   Number         0  stm32f10x_adc.o ABSOLUTE
    libs\\src\\stm32f10x_flash.c             0x00000000   Number         0  stm32f10x_flash.o ABSOLUTE
    libs\\src\\stm32f10x_gpio.c              0x00000000   Number         0  stm32f10x_gpio.o ABSOLUTE
    libs\\src\\stm32f10x_rcc.c               0x00000000   Number         0  stm32f10x_rcc.o ABSOLUTE
    libs\\src\\stm32f10x_tim.c               0x00000000   Number         0  stm32f10x_tim.o ABSOLUTE
    libs\\src\\stm32f10x_usart.c             0x00000000   Number         0  stm32f10x_usart.o ABSOLUTE
    libs\src\misc.c                          0x00000000   Number         0  misc.o ABSOLUTE
    libs\src\stm32f10x_adc.c                 0x00000000   Number         0  stm32f10x_adc.o ABSOLUTE
    libs\src\stm32f10x_flash.c               0x00000000   Number         0  stm32f10x_flash.o ABSOLUTE
    libs\src\stm32f10x_gpio.c                0x00000000   Number         0  stm32f10x_gpio.o ABSOLUTE
    libs\src\stm32f10x_rcc.c                 0x00000000   Number         0  stm32f10x_rcc.o ABSOLUTE
    libs\src\stm32f10x_tim.c                 0x00000000   Number         0  stm32f10x_tim.o ABSOLUTE
    libs\src\stm32f10x_usart.c               0x00000000   Number         0  stm32f10x_usart.o ABSOLUTE
    user\\main.c                             0x00000000   Number         0  main.o ABSOLUTE
    user\main.c                              0x00000000   Number         0  main.o ABSOLUTE
    user\mini-data.c                         0x00000000   Number         0  mini-data.o ABSOLUTE
    RESET                                    0x08000000   Section      336  startup_stm32f10x_cl.o(RESET)
    !!!main                                  0x08000150   Section        8  __main.o(!!!main)
    !!!scatter                               0x08000158   Section       52  __scatter.o(!!!scatter)
    !!handler_copy                           0x0800018c   Section       26  __scatter_copy.o(!!handler_copy)
    !!handler_zi                             0x080001a8   Section       28  __scatter_zi.o(!!handler_zi)
    .ARM.Collect$$libinit$$00000000          0x080001c4   Section        2  libinit.o(.ARM.Collect$$libinit$$00000000)
    .ARM.Collect$$libinit$$00000002          0x080001c6   Section        0  libinit2.o(.ARM.Collect$$libinit$$00000002)
    .ARM.Collect$$libinit$$00000004          0x080001c6   Section        0  libinit2.o(.ARM.Collect$$libinit$$00000004)
    .ARM.Collect$$libinit$$0000000A          0x080001c6   Section        0  libinit2.o(.ARM.Collect$$libinit$$0000000A)
    .ARM.Collect$$libinit$$0000000C          0x080001c6   Section        0  libinit2.o(.ARM.Collect$$libinit$$0000000C)
    .ARM.Collect$$libinit$$0000000E          0x080001c6   Section        0  libinit2.o(.ARM.Collect$$libinit$$0000000E)
    .ARM.Collect$$libinit$$00000011          0x080001c6   Section        0  libinit2.o(.ARM.Collect$$libinit$$00000011)
    .ARM.Collect$$libinit$$00000013          0x080001c6   Section        0  libinit2.o(.ARM.Collect$$libinit$$00000013)
    .ARM.Collect$$libinit$$00000015          0x080001c6   Section        0  libinit2.o(.ARM.Collect$$libinit$$00000015)
    .ARM.Collect$$libinit$$00000017          0x080001c6   Section        0  libinit2.o(.ARM.Collect$$libinit$$00000017)
    .ARM.Collect$$libinit$$00000019          0x080001c6   Section        0  libinit2.o(.ARM.Collect$$libinit$$00000019)
    .ARM.Collect$$libinit$$0000001B          0x080001c6   Section        0  libinit2.o(.ARM.Collect$$libinit$$0000001B)
    .ARM.Collect$$libinit$$0000001D          0x080001c6   Section        0  libinit2.o(.ARM.Collect$$libinit$$0000001D)
    .ARM.Collect$$libinit$$0000001F          0x080001c6   Section        0  libinit2.o(.ARM.Collect$$libinit$$0000001F)
    .ARM.Collect$$libinit$$00000021          0x080001c6   Section        0  libinit2.o(.ARM.Collect$$libinit$$00000021)
    .ARM.Collect$$libinit$$00000023          0x080001c6   Section        0  libinit2.o(.ARM.Collect$$libinit$$00000023)
    .ARM.Collect$$libinit$$00000025          0x080001c6   Section        0  libinit2.o(.ARM.Collect$$libinit$$00000025)
    .ARM.Collect$$libinit$$0000002C          0x080001c6   Section        0  libinit2.o(.ARM.Collect$$libinit$$0000002C)
    .ARM.Collect$$libinit$$0000002E          0x080001c6   Section        0  libinit2.o(.ARM.Collect$$libinit$$0000002E)
    .ARM.Collect$$libinit$$00000030          0x080001c6   Section        0  libinit2.o(.ARM.Collect$$libinit$$00000030)
    .ARM.Collect$$libinit$$00000032          0x080001c6   Section        0  libinit2.o(.ARM.Collect$$libinit$$00000032)
    .ARM.Collect$$libinit$$00000033          0x080001c6   Section        2  libinit2.o(.ARM.Collect$$libinit$$00000033)
    .ARM.Collect$$libshutdown$$00000000      0x080001c8   Section        2  libshutdown.o(.ARM.Collect$$libshutdown$$00000000)
    .ARM.Collect$$libshutdown$$00000002      0x080001ca   Section        0  libshutdown2.o(.ARM.Collect$$libshutdown$$00000002)
    .ARM.Collect$$libshutdown$$00000004      0x080001ca   Section        0  libshutdown2.o(.ARM.Collect$$libshutdown$$00000004)
    .ARM.Collect$$libshutdown$$00000007      0x080001ca   Section        0  libshutdown2.o(.ARM.Collect$$libshutdown$$00000007)
    .ARM.Collect$$libshutdown$$0000000A      0x080001ca   Section        0  libshutdown2.o(.ARM.Collect$$libshutdown$$0000000A)
    .ARM.Collect$$libshutdown$$0000000C      0x080001ca   Section        0  libshutdown2.o(.ARM.Collect$$libshutdown$$0000000C)
    .ARM.Collect$$libshutdown$$0000000F      0x080001ca   Section        0  libshutdown2.o(.ARM.Collect$$libshutdown$$0000000F)
    .ARM.Collect$$libshutdown$$00000010      0x080001ca   Section        2  libshutdown2.o(.ARM.Collect$$libshutdown$$00000010)
    .ARM.Collect$$rtentry$$00000000          0x080001cc   Section        0  __rtentry.o(.ARM.Collect$$rtentry$$00000000)
    .ARM.Collect$$rtentry$$00000002          0x080001cc   Section        0  __rtentry2.o(.ARM.Collect$$rtentry$$00000002)
    .ARM.Collect$$rtentry$$00000004          0x080001cc   Section        6  __rtentry4.o(.ARM.Collect$$rtentry$$00000004)
    .ARM.Collect$$rtentry$$00000009          0x080001d2   Section        0  __rtentry2.o(.ARM.Collect$$rtentry$$00000009)
    .ARM.Collect$$rtentry$$0000000A          0x080001d2   Section        4  __rtentry2.o(.ARM.Collect$$rtentry$$0000000A)
    .ARM.Collect$$rtentry$$0000000C          0x080001d6   Section        0  __rtentry2.o(.ARM.Collect$$rtentry$$0000000C)
    .ARM.Collect$$rtentry$$0000000D          0x080001d6   Section        8  __rtentry2.o(.ARM.Collect$$rtentry$$0000000D)
    .ARM.Collect$$rtexit$$00000000           0x080001de   Section        2  rtexit.o(.ARM.Collect$$rtexit$$00000000)
    .ARM.Collect$$rtexit$$00000002           0x080001e0   Section        0  rtexit2.o(.ARM.Collect$$rtexit$$00000002)
    .ARM.Collect$$rtexit$$00000003           0x080001e0   Section        4  rtexit2.o(.ARM.Collect$$rtexit$$00000003)
    .ARM.Collect$$rtexit$$00000004           0x080001e4   Section        6  rtexit2.o(.ARM.Collect$$rtexit$$00000004)
    .text                                    0x080001ec   Section       64  startup_stm32f10x_cl.o(.text)
    .text                                    0x0800022c   Section        0  heapauxi.o(.text)
    .text                                    0x08000232   Section       74  sys_stackheap_outer.o(.text)
    .text                                    0x0800027c   Section        0  exit.o(.text)
    .text                                    0x08000290   Section        8  libspace.o(.text)
    .text                                    0x08000298   Section        0  sys_exit.o(.text)
    .text                                    0x080002a4   Section        2  use_no_semi.o(.text)
    .text                                    0x080002a6   Section        0  indicate_semi.o(.text)
    i.ADC_Cmd                                0x080002a6   Section        0  stm32f10x_adc.o(i.ADC_Cmd)
    i.ADC_DeInit                             0x080002bc   Section        0  stm32f10x_adc.o(i.ADC_DeInit)
    i.ADC_GetCalibrationStatus               0x08000318   Section        0  stm32f10x_adc.o(i.ADC_GetCalibrationStatus)
    i.ADC_GetConversionValue                 0x0800032c   Section        0  stm32f10x_adc.o(i.ADC_GetConversionValue)
    i.ADC_GetFlagStatus                      0x08000334   Section        0  stm32f10x_adc.o(i.ADC_GetFlagStatus)
    i.ADC_GetResetCalibrationStatus          0x08000346   Section        0  stm32f10x_adc.o(i.ADC_GetResetCalibrationStatus)
    i.ADC_Init                               0x0800035c   Section        0  stm32f10x_adc.o(i.ADC_Init)
    i.ADC_RegularChannelConfig               0x080003ac   Section        0  stm32f10x_adc.o(i.ADC_RegularChannelConfig)
    i.ADC_ResetCalibration                   0x08000464   Section        0  stm32f10x_adc.o(i.ADC_ResetCalibration)
    i.ADC_SoftwareStartConvCmd               0x0800046e   Section        0  stm32f10x_adc.o(i.ADC_SoftwareStartConvCmd)
    i.ADC_StartCalibration                   0x08000484   Section        0  stm32f10x_adc.o(i.ADC_StartCalibration)
    i.ANMO_Configuration                     0x08000490   Section        0  outputdrive.o(i.ANMO_Configuration)
    i.Adc2_Init                              0x08000554   Section        0  stm32f1_adc2.o(i.Adc2_Init)
    i.Adc3_Init                              0x080005e4   Section        0  stm32f1_adc3.o(i.Adc3_Init)
    i.Adc4_Init                              0x08000674   Section        0  stm32f1_adc4.o(i.Adc4_Init)
    i.Adc_Init                               0x08000704   Section        0  stm32f1_adc1.o(i.Adc_Init)
    i.FLASH_ClearFlag                        0x08000794   Section        0  stm32f10x_flash.o(i.FLASH_ClearFlag)
    i.FLASH_ErasePage                        0x080007a0   Section        0  stm32f10x_flash.o(i.FLASH_ErasePage)
    i.FLASH_GetBank1Status                   0x080007ec   Section        0  stm32f10x_flash.o(i.FLASH_GetBank1Status)
    i.FLASH_Lock                             0x08000820   Section        0  stm32f10x_flash.o(i.FLASH_Lock)
    i.FLASH_ProgramHalfWord                  0x08000834   Section        0  stm32f10x_flash.o(i.FLASH_ProgramHalfWord)
    i.FLASH_ReadByte                         0x08000874   Section        0  flash_rw.o(i.FLASH_ReadByte)
    i.FLASH_Unlock                           0x0800088c   Section        0  stm32f10x_flash.o(i.FLASH_Unlock)
    i.FLASH_WaitForLastOperation             0x080008a4   Section        0  stm32f10x_flash.o(i.FLASH_WaitForLastOperation)
    i.FLASH_WriteByte                        0x080008ca   Section        0  flash_rw.o(i.FLASH_WriteByte)
    i.GPIO_Init                              0x08000918   Section        0  stm32f10x_gpio.o(i.GPIO_Init)
    i.GPIO_ReadInputDataBit                  0x08000a2e   Section        0  stm32f10x_gpio.o(i.GPIO_ReadInputDataBit)
    i.GPIO_ResetBits                         0x08000a40   Section        0  stm32f10x_gpio.o(i.GPIO_ResetBits)
    i.GPIO_SetBits                           0x08000a44   Section        0  stm32f10x_gpio.o(i.GPIO_SetBits)
    i.Get_Adc11                              0x08000a48   Section        0  stm32f1_adc2.o(i.Get_Adc11)
    i.Get_Adc2_Average                       0x08000a78   Section        0  stm32f1_adc2.o(i.Get_Adc2_Average)
    i.Get_Adc3                               0x08000aa0   Section        0  stm32f1_adc3.o(i.Get_Adc3)
    i.Get_Adc3_Average                       0x08000ad0   Section        0  stm32f1_adc3.o(i.Get_Adc3_Average)
    i.Get_Adc4                               0x08000af8   Section        0  stm32f1_adc4.o(i.Get_Adc4)
    i.Get_Adc4_Average                       0x08000b28   Section        0  stm32f1_adc4.o(i.Get_Adc4_Average)
    i.InputDriveInit                         0x08000b50   Section        0  inputdrive.o(i.InputDriveInit)
    i.LitteSenceRun                          0x08000b7c   Section        0  main.o(i.LitteSenceRun)
    i.MADA_Configuration                     0x08000bc4   Section        0  outputdrive.o(i.MADA_Configuration)
    i.NVIC_Init                              0x08000c64   Section        0  misc.o(i.NVIC_Init)
    i.OutputDriveInit                        0x08000cd4   Section        0  outputdrive.o(i.OutputDriveInit)
    i.RCC_ADCCLKConfig                       0x08000ce4   Section        0  stm32f10x_rcc.o(i.RCC_ADCCLKConfig)
    i.RCC_APB1PeriphClockCmd                 0x08000cfc   Section        0  stm32f10x_rcc.o(i.RCC_APB1PeriphClockCmd)
    i.RCC_APB2PeriphClockCmd                 0x08000d1c   Section        0  stm32f10x_rcc.o(i.RCC_APB2PeriphClockCmd)
    i.RCC_APB2PeriphResetCmd                 0x08000d3c   Section        0  stm32f10x_rcc.o(i.RCC_APB2PeriphResetCmd)
    i.RCC_GetClocksFreq                      0x08000d5c   Section        0  stm32f10x_rcc.o(i.RCC_GetClocksFreq)
    i.Relay_Init                             0x08000eec   Section        0  outputdrive.o(i.Relay_Init)
    i.STM32F1_UART1_Init                     0x080010f8   Section        0  stm32f1_uart1.o(i.STM32F1_UART1_Init)
    i.STM32_Delay_init                       0x080011a0   Section        0  stm32_delay.o(i.STM32_Delay_init)
    i.STM32_Delay_ms                         0x080011e4   Section        0  stm32_delay.o(i.STM32_Delay_ms)
    i.SetSysClock                            0x08001230   Section        0  system_stm32f10x.o(i.SetSysClock)
    SetSysClock                              0x08001231   Thumb Code     8  system_stm32f10x.o(i.SetSysClock)
    i.SetSysClockTo72                        0x08001238   Section        0  system_stm32f10x.o(i.SetSysClockTo72)
    SetSysClockTo72                          0x08001239   Thumb Code   264  system_stm32f10x.o(i.SetSysClockTo72)
    i.Stm32F1_Timer2Init                     0x08001350   Section        0  stm32f1_timer2.o(i.Stm32F1_Timer2Init)
    i.Stm32F1_Timer3Init                     0x080013a8   Section        0  stm32f1_timer3.o(i.Stm32F1_Timer3Init)
    i.SysTick_CLKSourceConfig                0x08001404   Section        0  misc.o(i.SysTick_CLKSourceConfig)
    i.SystemInit                             0x0800142c   Section        0  system_stm32f10x.o(i.SystemInit)
    i.TIM2_IRQHandler                        0x08001498   Section        0  stm32f1_timer2.o(i.TIM2_IRQHandler)
    i.TIM3_IRQHandler                        0x080014a4   Section        0  stm32f1_timer3.o(i.TIM3_IRQHandler)
    i.TIM_ClearITPendingBit                  0x08001504   Section        0  stm32f10x_tim.o(i.TIM_ClearITPendingBit)
    i.TIM_Cmd                                0x0800150a   Section        0  stm32f10x_tim.o(i.TIM_Cmd)
    i.TIM_ITConfig                           0x08001522   Section        0  stm32f10x_tim.o(i.TIM_ITConfig)
    i.TIM_TimeBaseInit                       0x08001534   Section        0  stm32f10x_tim.o(i.TIM_TimeBaseInit)
    i.USART1_IRQHandler                      0x080015d8   Section        0  stm32f1_uart1.o(i.USART1_IRQHandler)
    i.USART2_IRQHandler                      0x080016a8   Section        0  stm32f1_uart2.o(i.USART2_IRQHandler)
    i.USART3_IRQHandler                      0x0800176c   Section        0  stm32f1_uart3.o(i.USART3_IRQHandler)
    i.USART_Cmd                              0x08001788   Section        0  stm32f10x_usart.o(i.USART_Cmd)
    i.USART_GetITStatus                      0x080017a0   Section        0  stm32f10x_usart.o(i.USART_GetITStatus)
    i.USART_ITConfig                         0x080017f4   Section        0  stm32f10x_usart.o(i.USART_ITConfig)
    i.USART_Init                             0x08001840   Section        0  stm32f10x_usart.o(i.USART_Init)
    i.USART_ReceiveData                      0x08001918   Section        0  stm32f10x_usart.o(i.USART_ReceiveData)
    i.allOutClose                            0x08001924   Section        0  main.o(i.allOutClose)
    i.allSenceClose                          0x08001938   Section        0  main.o(i.allSenceClose)
    i.btnEvent                               0x080019d0   Section        0  main.o(i.btnEvent)
    i.litteSenceRun1                         0x08001b68   Section        0  main.o(i.litteSenceRun1)
    i.litteSenceRun2                         0x08001c5c   Section        0  main.o(i.litteSenceRun2)
    i.litteSenceRun3                         0x08001d18   Section        0  main.o(i.litteSenceRun3)
    i.litteSenceRun4                         0x08001e0c   Section        0  main.o(i.litteSenceRun4)
    i.main                                   0x08001ef8   Section        0  main.o(i.main)
    i.miniDataGet                            0x08001fdc   Section        0  mini-data.o(i.miniDataGet)
    i.qiqiqiYayaya                           0x08002080   Section        0  main.o(i.qiqiqiYayaya)
    i.senceDelayToNext                       0x080021d4   Section        0  main.o(i.senceDelayToNext)
    i.senceNext                              0x08002210   Section        0  main.o(i.senceNext)
    i.setFlashData                           0x0800221c   Section        0  main.o(i.setFlashData)
    i.uartRelayProc                          0x08002298   Section        0  stm32f1_uart1.o(i.uartRelayProc)
    i.zhSCM_GPIOConfig                       0x08002478   Section        0  key.o(i.zhSCM_GPIOConfig)
    i.zhSCM_initKeyState                     0x08002518   Section        0  key.o(i.zhSCM_initKeyState)
    i.zhSCM_keyState                         0x0800251e   Section        0  key.o(i.zhSCM_keyState)
    .data                                    0x20000000   Section       60  main.o(.data)
    nCalca                                   0x2000002c   Data           4  main.o(.data)
    nCalca                                   0x20000030   Data           4  main.o(.data)
    nCalca                                   0x20000034   Data           4  main.o(.data)
    nCalca                                   0x20000038   Data           4  main.o(.data)
    .data                                    0x2000003c   Section       20  stm32f10x_rcc.o(.data)
    APBAHBPrescTable                         0x2000003c   Data          16  stm32f10x_rcc.o(.data)
    ADCPrescTable                            0x2000004c   Data           4  stm32f10x_rcc.o(.data)
    .data                                    0x20000050   Section        4  stm32_delay.o(.data)
    .data                                    0x20000054   Section        6  stm32f1_timer3.o(.data)
    .data                                    0x2000005c   Section       12  stm32f1_uart1.o(.data)
    .data                                    0x20000068   Section       12  stm32f1_uart2.o(.data)
    .data                                    0x20000074   Section       20  system_stm32f10x.o(.data)
    .bss                                     0x20000088   Section       16  main.o(.bss)
    .bss                                     0x20000098   Section      148  stm32f1_uart1.o(.bss)
    .bss                                     0x2000012c   Section      148  stm32f1_uart2.o(.bss)
    .bss                                     0x200001c0   Section       96  libspace.o(.bss)
    HEAP                                     0x20000220   Section      512  startup_stm32f10x_cl.o(HEAP)
    Heap_Mem                                 0x20000220   Data         512  startup_stm32f10x_cl.o(HEAP)
    STACK                                    0x20000420   Section     1024  startup_stm32f10x_cl.o(STACK)
    Stack_Mem                                0x20000420   Data        1024  startup_stm32f10x_cl.o(STACK)
    __initial_sp                             0x20000820   Data           0  startup_stm32f10x_cl.o(STACK)

    Global Symbols

    Symbol Name                              Value     Ov Type        Size  Object(Section)

    BuildAttributes$$THM_ISAv4$P$D$K$B$S$PE$A:L22UL41UL21$X:L11$S22US41US21$IEEE1$IW$USESV6$~STKCKD$USESV7$~SHL$OSPACE$ROPI$EBA8$UX$STANDARDLIB$REQ8$PRES8$EABIv2 0x00000000   Number         0  anon$$obj.o ABSOLUTE
    __ARM_use_no_argv                        0x00000000   Number         0  main.o ABSOLUTE
    __ARM_exceptions_init                     - Undefined Weak Reference
    __alloca_initialize                       - Undefined Weak Reference
    __arm_preinit_                            - Undefined Weak Reference
    __cpp_initialize__aeabi_                  - Undefined Weak Reference
    __cxa_finalize                            - Undefined Weak Reference
    __rt_locale                               - Undefined Weak Reference
    __sigvec_lookup                           - Undefined Weak Reference
    _atexit_init                              - Undefined Weak Reference
    _call_atexit_fns                          - Undefined Weak Reference
    _clock_init                               - Undefined Weak Reference
    _fp_trap_init                             - Undefined Weak Reference
    _fp_trap_shutdown                         - Undefined Weak Reference
    _get_lc_collate                           - Undefined Weak Reference
    _get_lc_ctype                             - Undefined Weak Reference
    _get_lc_monetary                          - Undefined Weak Reference
    _get_lc_numeric                           - Undefined Weak Reference
    _get_lc_time                              - Undefined Weak Reference
    _getenv_init                              - Undefined Weak Reference
    _handle_redirection                       - Undefined Weak Reference
    _init_alloc                               - Undefined Weak Reference
    _init_user_alloc                          - Undefined Weak Reference
    _initio                                   - Undefined Weak Reference
    _rand_init                                - Undefined Weak Reference
    _signal_finish                            - Undefined Weak Reference
    _signal_init                              - Undefined Weak Reference
    _terminate_alloc                          - Undefined Weak Reference
    _terminate_user_alloc                     - Undefined Weak Reference
    _terminateio                              - Undefined Weak Reference
    __Vectors_Size                           0x00000150   Number         0  startup_stm32f10x_cl.o ABSOLUTE
    __Vectors                                0x08000000   Data           4  startup_stm32f10x_cl.o(RESET)
    __Vectors_End                            0x08000150   Data           0  startup_stm32f10x_cl.o(RESET)
    __main                                   0x08000151   Thumb Code     8  __main.o(!!!main)
    __scatterload                            0x08000159   Thumb Code     0  __scatter.o(!!!scatter)
    __scatterload_rt2                        0x08000159   Thumb Code    44  __scatter.o(!!!scatter)
    __scatterload_rt2_thumb_only             0x08000159   Thumb Code     0  __scatter.o(!!!scatter)
    __scatterload_null                       0x08000167   Thumb Code     0  __scatter.o(!!!scatter)
    __scatterload_copy                       0x0800018d   Thumb Code    26  __scatter_copy.o(!!handler_copy)
    __scatterload_zeroinit                   0x080001a9   Thumb Code    28  __scatter_zi.o(!!handler_zi)
    __rt_lib_init                            0x080001c5   Thumb Code     0  libinit.o(.ARM.Collect$$libinit$$00000000)
    __rt_lib_init_alloca_1                   0x080001c7   Thumb Code     0  libinit2.o(.ARM.Collect$$libinit$$0000002E)
    __rt_lib_init_argv_1                     0x080001c7   Thumb Code     0  libinit2.o(.ARM.Collect$$libinit$$0000002C)
    __rt_lib_init_atexit_1                   0x080001c7   Thumb Code     0  libinit2.o(.ARM.Collect$$libinit$$0000001B)
    __rt_lib_init_clock_1                    0x080001c7   Thumb Code     0  libinit2.o(.ARM.Collect$$libinit$$00000021)
    __rt_lib_init_cpp_1                      0x080001c7   Thumb Code     0  libinit2.o(.ARM.Collect$$libinit$$00000032)
    __rt_lib_init_exceptions_1               0x080001c7   Thumb Code     0  libinit2.o(.ARM.Collect$$libinit$$00000030)
    __rt_lib_init_fp_1                       0x080001c7   Thumb Code     0  libinit2.o(.ARM.Collect$$libinit$$00000002)
    __rt_lib_init_fp_trap_1                  0x080001c7   Thumb Code     0  libinit2.o(.ARM.Collect$$libinit$$0000001F)
    __rt_lib_init_getenv_1                   0x080001c7   Thumb Code     0  libinit2.o(.ARM.Collect$$libinit$$00000023)
    __rt_lib_init_heap_1                     0x080001c7   Thumb Code     0  libinit2.o(.ARM.Collect$$libinit$$0000000A)
    __rt_lib_init_lc_collate_1               0x080001c7   Thumb Code     0  libinit2.o(.ARM.Collect$$libinit$$00000011)
    __rt_lib_init_lc_ctype_1                 0x080001c7   Thumb Code     0  libinit2.o(.ARM.Collect$$libinit$$00000013)
    __rt_lib_init_lc_monetary_1              0x080001c7   Thumb Code     0  libinit2.o(.ARM.Collect$$libinit$$00000015)
    __rt_lib_init_lc_numeric_1               0x080001c7   Thumb Code     0  libinit2.o(.ARM.Collect$$libinit$$00000017)
    __rt_lib_init_lc_time_1                  0x080001c7   Thumb Code     0  libinit2.o(.ARM.Collect$$libinit$$00000019)
    __rt_lib_init_preinit_1                  0x080001c7   Thumb Code     0  libinit2.o(.ARM.Collect$$libinit$$00000004)
    __rt_lib_init_rand_1                     0x080001c7   Thumb Code     0  libinit2.o(.ARM.Collect$$libinit$$0000000E)
    __rt_lib_init_return                     0x080001c7   Thumb Code     0  libinit2.o(.ARM.Collect$$libinit$$00000033)
    __rt_lib_init_signal_1                   0x080001c7   Thumb Code     0  libinit2.o(.ARM.Collect$$libinit$$0000001D)
    __rt_lib_init_stdio_1                    0x080001c7   Thumb Code     0  libinit2.o(.ARM.Collect$$libinit$$00000025)
    __rt_lib_init_user_alloc_1               0x080001c7   Thumb Code     0  libinit2.o(.ARM.Collect$$libinit$$0000000C)
    __rt_lib_shutdown                        0x080001c9   Thumb Code     0  libshutdown.o(.ARM.Collect$$libshutdown$$00000000)
    __rt_lib_shutdown_cpp_1                  0x080001cb   Thumb Code     0  libshutdown2.o(.ARM.Collect$$libshutdown$$00000002)
    __rt_lib_shutdown_fp_trap_1              0x080001cb   Thumb Code     0  libshutdown2.o(.ARM.Collect$$libshutdown$$00000007)
    __rt_lib_shutdown_heap_1                 0x080001cb   Thumb Code     0  libshutdown2.o(.ARM.Collect$$libshutdown$$0000000F)
    __rt_lib_shutdown_return                 0x080001cb   Thumb Code     0  libshutdown2.o(.ARM.Collect$$libshutdown$$00000010)
    __rt_lib_shutdown_signal_1               0x080001cb   Thumb Code     0  libshutdown2.o(.ARM.Collect$$libshutdown$$0000000A)
    __rt_lib_shutdown_stdio_1                0x080001cb   Thumb Code     0  libshutdown2.o(.ARM.Collect$$libshutdown$$00000004)
    __rt_lib_shutdown_user_alloc_1           0x080001cb   Thumb Code     0  libshutdown2.o(.ARM.Collect$$libshutdown$$0000000C)
    __rt_entry                               0x080001cd   Thumb Code     0  __rtentry.o(.ARM.Collect$$rtentry$$00000000)
    __rt_entry_presh_1                       0x080001cd   Thumb Code     0  __rtentry2.o(.ARM.Collect$$rtentry$$00000002)
    __rt_entry_sh                            0x080001cd   Thumb Code     0  __rtentry4.o(.ARM.Collect$$rtentry$$00000004)
    __rt_entry_li                            0x080001d3   Thumb Code     0  __rtentry2.o(.ARM.Collect$$rtentry$$0000000A)
    __rt_entry_postsh_1                      0x080001d3   Thumb Code     0  __rtentry2.o(.ARM.Collect$$rtentry$$00000009)
    __rt_entry_main                          0x080001d7   Thumb Code     0  __rtentry2.o(.ARM.Collect$$rtentry$$0000000D)
    __rt_entry_postli_1                      0x080001d7   Thumb Code     0  __rtentry2.o(.ARM.Collect$$rtentry$$0000000C)
    __rt_exit                                0x080001df   Thumb Code     0  rtexit.o(.ARM.Collect$$rtexit$$00000000)
    __rt_exit_ls                             0x080001e1   Thumb Code     0  rtexit2.o(.ARM.Collect$$rtexit$$00000003)
    __rt_exit_prels_1                        0x080001e1   Thumb Code     0  rtexit2.o(.ARM.Collect$$rtexit$$00000002)
    __rt_exit_exit                           0x080001e5   Thumb Code     0  rtexit2.o(.ARM.Collect$$rtexit$$00000004)
    Reset_Handler                            0x080001ed   Thumb Code     8  startup_stm32f10x_cl.o(.text)
    NMI_Handler                              0x080001f5   Thumb Code     2  startup_stm32f10x_cl.o(.text)
    HardFault_Handler                        0x080001f7   Thumb Code     2  startup_stm32f10x_cl.o(.text)
    MemManage_Handler                        0x080001f9   Thumb Code     2  startup_stm32f10x_cl.o(.text)
    BusFault_Handler                         0x080001fb   Thumb Code     2  startup_stm32f10x_cl.o(.text)
    UsageFault_Handler                       0x080001fd   Thumb Code     2  startup_stm32f10x_cl.o(.text)
    SVC_Handler                              0x080001ff   Thumb Code     2  startup_stm32f10x_cl.o(.text)
    DebugMon_Handler                         0x08000201   Thumb Code     2  startup_stm32f10x_cl.o(.text)
    PendSV_Handler                           0x08000203   Thumb Code     2  startup_stm32f10x_cl.o(.text)
    SysTick_Handler                          0x08000205   Thumb Code     2  startup_stm32f10x_cl.o(.text)
    ADC1_2_IRQHandler                        0x08000207   Thumb Code     0  startup_stm32f10x_cl.o(.text)
    CAN1_RX0_IRQHandler                      0x08000207   Thumb Code     0  startup_stm32f10x_cl.o(.text)
    CAN1_RX1_IRQHandler                      0x08000207   Thumb Code     0  startup_stm32f10x_cl.o(.text)
    CAN1_SCE_IRQHandler                      0x08000207   Thumb Code     0  startup_stm32f10x_cl.o(.text)
    CAN1_TX_IRQHandler                       0x08000207   Thumb Code     0  startup_stm32f10x_cl.o(.text)
    CAN2_RX0_IRQHandler                      0x08000207   Thumb Code     0  startup_stm32f10x_cl.o(.text)
    CAN2_RX1_IRQHandler                      0x08000207   Thumb Code     0  startup_stm32f10x_cl.o(.text)
    CAN2_SCE_IRQHandler                      0x08000207   Thumb Code     0  startup_stm32f10x_cl.o(.text)
    CAN2_TX_IRQHandler                       0x08000207   Thumb Code     0  startup_stm32f10x_cl.o(.text)
    DMA1_Channel1_IRQHandler                 0x08000207   Thumb Code     0  startup_stm32f10x_cl.o(.text)
    DMA1_Channel2_IRQHandler                 0x08000207   Thumb Code     0  startup_stm32f10x_cl.o(.text)
    DMA1_Channel3_IRQHandler                 0x08000207   Thumb Code     0  startup_stm32f10x_cl.o(.text)
    DMA1_Channel4_IRQHandler                 0x08000207   Thumb Code     0  startup_stm32f10x_cl.o(.text)
    DMA1_Channel5_IRQHandler                 0x08000207   Thumb Code     0  startup_stm32f10x_cl.o(.text)
    DMA1_Channel6_IRQHandler                 0x08000207   Thumb Code     0  startup_stm32f10x_cl.o(.text)
    DMA1_Channel7_IRQHandler                 0x08000207   Thumb Code     0  startup_stm32f10x_cl.o(.text)
    DMA2_Channel1_IRQHandler                 0x08000207   Thumb Code     0  startup_stm32f10x_cl.o(.text)
    DMA2_Channel2_IRQHandler                 0x08000207   Thumb Code     0  startup_stm32f10x_cl.o(.text)
    DMA2_Channel3_IRQHandler                 0x08000207   Thumb Code     0  startup_stm32f10x_cl.o(.text)
    DMA2_Channel4_IRQHandler                 0x08000207   Thumb Code     0  startup_stm32f10x_cl.o(.text)
    DMA2_Channel5_IRQHandler                 0x08000207   Thumb Code     0  startup_stm32f10x_cl.o(.text)
    ETH_IRQHandler                           0x08000207   Thumb Code     0  startup_stm32f10x_cl.o(.text)
    ETH_WKUP_IRQHandler                      0x08000207   Thumb Code     0  startup_stm32f10x_cl.o(.text)
    EXTI0_IRQHandler                         0x08000207   Thumb Code     0  startup_stm32f10x_cl.o(.text)
    EXTI15_10_IRQHandler                     0x08000207   Thumb Code     0  startup_stm32f10x_cl.o(.text)
    EXTI1_IRQHandler                         0x08000207   Thumb Code     0  startup_stm32f10x_cl.o(.text)
    EXTI2_IRQHandler                         0x08000207   Thumb Code     0  startup_stm32f10x_cl.o(.text)
    EXTI3_IRQHandler                         0x08000207   Thumb Code     0  startup_stm32f10x_cl.o(.text)
    EXTI4_IRQHandler                         0x08000207   Thumb Code     0  startup_stm32f10x_cl.o(.text)
    EXTI9_5_IRQHandler                       0x08000207   Thumb Code     0  startup_stm32f10x_cl.o(.text)
    FLASH_IRQHandler                         0x08000207   Thumb Code     0  startup_stm32f10x_cl.o(.text)
    I2C1_ER_IRQHandler                       0x08000207   Thumb Code     0  startup_stm32f10x_cl.o(.text)
    I2C1_EV_IRQHandler                       0x08000207   Thumb Code     0  startup_stm32f10x_cl.o(.text)
    I2C2_ER_IRQHandler                       0x08000207   Thumb Code     0  startup_stm32f10x_cl.o(.text)
    I2C2_EV_IRQHandler                       0x08000207   Thumb Code     0  startup_stm32f10x_cl.o(.text)
    OTG_FS_IRQHandler                        0x08000207   Thumb Code     0  startup_stm32f10x_cl.o(.text)
    OTG_FS_WKUP_IRQHandler                   0x08000207   Thumb Code     0  startup_stm32f10x_cl.o(.text)
    PVD_IRQHandler                           0x08000207   Thumb Code     0  startup_stm32f10x_cl.o(.text)
    RCC_IRQHandler                           0x08000207   Thumb Code     0  startup_stm32f10x_cl.o(.text)
    RTCAlarm_IRQHandler                      0x08000207   Thumb Code     0  startup_stm32f10x_cl.o(.text)
    RTC_IRQHandler                           0x08000207   Thumb Code     0  startup_stm32f10x_cl.o(.text)
    SPI1_IRQHandler                          0x08000207   Thumb Code     0  startup_stm32f10x_cl.o(.text)
    SPI2_IRQHandler                          0x08000207   Thumb Code     0  startup_stm32f10x_cl.o(.text)
    SPI3_IRQHandler                          0x08000207   Thumb Code     0  startup_stm32f10x_cl.o(.text)
    TAMPER_IRQHandler                        0x08000207   Thumb Code     0  startup_stm32f10x_cl.o(.text)
    TIM1_BRK_IRQHandler                      0x08000207   Thumb Code     0  startup_stm32f10x_cl.o(.text)
    TIM1_CC_IRQHandler                       0x08000207   Thumb Code     0  startup_stm32f10x_cl.o(.text)
    TIM1_TRG_COM_IRQHandler                  0x08000207   Thumb Code     0  startup_stm32f10x_cl.o(.text)
    TIM1_UP_IRQHandler                       0x08000207   Thumb Code     0  startup_stm32f10x_cl.o(.text)
    TIM4_IRQHandler                          0x08000207   Thumb Code     0  startup_stm32f10x_cl.o(.text)
    TIM5_IRQHandler                          0x08000207   Thumb Code     0  startup_stm32f10x_cl.o(.text)
    TIM6_IRQHandler                          0x08000207   Thumb Code     0  startup_stm32f10x_cl.o(.text)
    TIM7_IRQHandler                          0x08000207   Thumb Code     0  startup_stm32f10x_cl.o(.text)
    UART4_IRQHandler                         0x08000207   Thumb Code     0  startup_stm32f10x_cl.o(.text)
    UART5_IRQHandler                         0x08000207   Thumb Code     0  startup_stm32f10x_cl.o(.text)
    WWDG_IRQHandler                          0x08000207   Thumb Code     0  startup_stm32f10x_cl.o(.text)
    __user_initial_stackheap                 0x08000209   Thumb Code     0  startup_stm32f10x_cl.o(.text)
    __use_two_region_memory                  0x0800022d   Thumb Code     2  heapauxi.o(.text)
    __rt_heap_escrow$2region                 0x0800022f   Thumb Code     2  heapauxi.o(.text)
    __rt_heap_expand$2region                 0x08000231   Thumb Code     2  heapauxi.o(.text)
    __user_setup_stackheap                   0x08000233   Thumb Code    74  sys_stackheap_outer.o(.text)
    exit                                     0x0800027d   Thumb Code    18  exit.o(.text)
    __user_libspace                          0x08000291   Thumb Code     8  libspace.o(.text)
    __user_perproc_libspace                  0x08000291   Thumb Code     0  libspace.o(.text)
    __user_perthread_libspace                0x08000291   Thumb Code     0  libspace.o(.text)
    _sys_exit                                0x08000299   Thumb Code     8  sys_exit.o(.text)
    __I$use$semihosting                      0x080002a5   Thumb Code     0  use_no_semi.o(.text)
    __use_no_semihosting_swi                 0x080002a5   Thumb Code     2  use_no_semi.o(.text)
    ADC_Cmd                                  0x080002a7   Thumb Code    22  stm32f10x_adc.o(i.ADC_Cmd)
    __semihosting_library_function           0x080002a7   Thumb Code     0  indicate_semi.o(.text)
    ADC_DeInit                               0x080002bd   Thumb Code    78  stm32f10x_adc.o(i.ADC_DeInit)
    ADC_GetCalibrationStatus                 0x08000319   Thumb Code    20  stm32f10x_adc.o(i.ADC_GetCalibrationStatus)
    ADC_GetConversionValue                   0x0800032d   Thumb Code     8  stm32f10x_adc.o(i.ADC_GetConversionValue)
    ADC_GetFlagStatus                        0x08000335   Thumb Code    18  stm32f10x_adc.o(i.ADC_GetFlagStatus)
    ADC_GetResetCalibrationStatus            0x08000347   Thumb Code    20  stm32f10x_adc.o(i.ADC_GetResetCalibrationStatus)
    ADC_Init                                 0x0800035d   Thumb Code    70  stm32f10x_adc.o(i.ADC_Init)
    ADC_RegularChannelConfig                 0x080003ad   Thumb Code   184  stm32f10x_adc.o(i.ADC_RegularChannelConfig)
    ADC_ResetCalibration                     0x08000465   Thumb Code    10  stm32f10x_adc.o(i.ADC_ResetCalibration)
    ADC_SoftwareStartConvCmd                 0x0800046f   Thumb Code    22  stm32f10x_adc.o(i.ADC_SoftwareStartConvCmd)
    ADC_StartCalibration                     0x08000485   Thumb Code    10  stm32f10x_adc.o(i.ADC_StartCalibration)
    ANMO_Configuration                       0x08000491   Thumb Code   182  outputdrive.o(i.ANMO_Configuration)
    Adc2_Init                                0x08000555   Thumb Code   134  stm32f1_adc2.o(i.Adc2_Init)
    Adc3_Init                                0x080005e5   Thumb Code   134  stm32f1_adc3.o(i.Adc3_Init)
    Adc4_Init                                0x08000675   Thumb Code   134  stm32f1_adc4.o(i.Adc4_Init)
    Adc_Init                                 0x08000705   Thumb Code   134  stm32f1_adc1.o(i.Adc_Init)
    FLASH_ClearFlag                          0x08000795   Thumb Code     6  stm32f10x_flash.o(i.FLASH_ClearFlag)
    FLASH_ErasePage                          0x080007a1   Thumb Code    72  stm32f10x_flash.o(i.FLASH_ErasePage)
    FLASH_GetBank1Status                     0x080007ed   Thumb Code    48  stm32f10x_flash.o(i.FLASH_GetBank1Status)
    FLASH_Lock                               0x08000821   Thumb Code    14  stm32f10x_flash.o(i.FLASH_Lock)
    FLASH_ProgramHalfWord                    0x08000835   Thumb Code    60  stm32f10x_flash.o(i.FLASH_ProgramHalfWord)
    FLASH_ReadByte                           0x08000875   Thumb Code    24  flash_rw.o(i.FLASH_ReadByte)
    FLASH_Unlock                             0x0800088d   Thumb Code    12  stm32f10x_flash.o(i.FLASH_Unlock)
    FLASH_WaitForLastOperation               0x080008a5   Thumb Code    38  stm32f10x_flash.o(i.FLASH_WaitForLastOperation)
    FLASH_WriteByte                          0x080008cb   Thumb Code    78  flash_rw.o(i.FLASH_WriteByte)
    GPIO_Init                                0x08000919   Thumb Code   278  stm32f10x_gpio.o(i.GPIO_Init)
    GPIO_ReadInputDataBit                    0x08000a2f   Thumb Code    18  stm32f10x_gpio.o(i.GPIO_ReadInputDataBit)
    GPIO_ResetBits                           0x08000a41   Thumb Code     4  stm32f10x_gpio.o(i.GPIO_ResetBits)
    GPIO_SetBits                             0x08000a45   Thumb Code     4  stm32f10x_gpio.o(i.GPIO_SetBits)
    Get_Adc11                                0x08000a49   Thumb Code    44  stm32f1_adc2.o(i.Get_Adc11)
    Get_Adc2_Average                         0x08000a79   Thumb Code    38  stm32f1_adc2.o(i.Get_Adc2_Average)
    Get_Adc3                                 0x08000aa1   Thumb Code    44  stm32f1_adc3.o(i.Get_Adc3)
    Get_Adc3_Average                         0x08000ad1   Thumb Code    38  stm32f1_adc3.o(i.Get_Adc3_Average)
    Get_Adc4                                 0x08000af9   Thumb Code    44  stm32f1_adc4.o(i.Get_Adc4)
    Get_Adc4_Average                         0x08000b29   Thumb Code    38  stm32f1_adc4.o(i.Get_Adc4_Average)
    InputDriveInit                           0x08000b51   Thumb Code    38  inputdrive.o(i.InputDriveInit)
    LitteSenceRun                            0x08000b7d   Thumb Code    66  main.o(i.LitteSenceRun)
    MADA_Configuration                       0x08000bc5   Thumb Code   152  outputdrive.o(i.MADA_Configuration)
    NVIC_Init                                0x08000c65   Thumb Code   100  misc.o(i.NVIC_Init)
    OutputDriveInit                          0x08000cd5   Thumb Code    16  outputdrive.o(i.OutputDriveInit)
    RCC_ADCCLKConfig                         0x08000ce5   Thumb Code    18  stm32f10x_rcc.o(i.RCC_ADCCLKConfig)
    RCC_APB1PeriphClockCmd                   0x08000cfd   Thumb Code    26  stm32f10x_rcc.o(i.RCC_APB1PeriphClockCmd)
    RCC_APB2PeriphClockCmd                   0x08000d1d   Thumb Code    26  stm32f10x_rcc.o(i.RCC_APB2PeriphClockCmd)
    RCC_APB2PeriphResetCmd                   0x08000d3d   Thumb Code    26  stm32f10x_rcc.o(i.RCC_APB2PeriphResetCmd)
    RCC_GetClocksFreq                        0x08000d5d   Thumb Code   374  stm32f10x_rcc.o(i.RCC_GetClocksFreq)
    Relay_Init                               0x08000eed   Thumb Code   502  outputdrive.o(i.Relay_Init)
    STM32F1_UART1_Init                       0x080010f9   Thumb Code   158  stm32f1_uart1.o(i.STM32F1_UART1_Init)
    STM32_Delay_init                         0x080011a1   Thumb Code    50  stm32_delay.o(i.STM32_Delay_init)
    STM32_Delay_ms                           0x080011e5   Thumb Code    72  stm32_delay.o(i.STM32_Delay_ms)
    Stm32F1_Timer2Init                       0x08001351   Thumb Code    88  stm32f1_timer2.o(i.Stm32F1_Timer2Init)
    Stm32F1_Timer3Init                       0x080013a9   Thumb Code    86  stm32f1_timer3.o(i.Stm32F1_Timer3Init)
    SysTick_CLKSourceConfig                  0x08001405   Thumb Code    40  misc.o(i.SysTick_CLKSourceConfig)
    SystemInit                               0x0800142d   Thumb Code    92  system_stm32f10x.o(i.SystemInit)
    TIM2_IRQHandler                          0x08001499   Thumb Code    12  stm32f1_timer2.o(i.TIM2_IRQHandler)
    TIM3_IRQHandler                          0x080014a5   Thumb Code    72  stm32f1_timer3.o(i.TIM3_IRQHandler)
    TIM_ClearITPendingBit                    0x08001505   Thumb Code     6  stm32f10x_tim.o(i.TIM_ClearITPendingBit)
    TIM_Cmd                                  0x0800150b   Thumb Code    24  stm32f10x_tim.o(i.TIM_Cmd)
    TIM_ITConfig                             0x08001523   Thumb Code    18  stm32f10x_tim.o(i.TIM_ITConfig)
    TIM_TimeBaseInit                         0x08001535   Thumb Code   122  stm32f10x_tim.o(i.TIM_TimeBaseInit)
    USART1_IRQHandler                        0x080015d9   Thumb Code   178  stm32f1_uart1.o(i.USART1_IRQHandler)
    USART2_IRQHandler                        0x080016a9   Thumb Code   162  stm32f1_uart2.o(i.USART2_IRQHandler)
    USART3_IRQHandler                        0x0800176d   Thumb Code    22  stm32f1_uart3.o(i.USART3_IRQHandler)
    USART_Cmd                                0x08001789   Thumb Code    24  stm32f10x_usart.o(i.USART_Cmd)
    USART_GetITStatus                        0x080017a1   Thumb Code    84  stm32f10x_usart.o(i.USART_GetITStatus)
    USART_ITConfig                           0x080017f5   Thumb Code    74  stm32f10x_usart.o(i.USART_ITConfig)
    USART_Init                               0x08001841   Thumb Code   210  stm32f10x_usart.o(i.USART_Init)
    USART_ReceiveData                        0x08001919   Thumb Code    10  stm32f10x_usart.o(i.USART_ReceiveData)
    allOutClose                              0x08001925   Thumb Code    14  main.o(i.allOutClose)
    allSenceClose                            0x08001939   Thumb Code   132  main.o(i.allSenceClose)
    btnEvent                                 0x080019d1   Thumb Code   368  main.o(i.btnEvent)
    litteSenceRun1                           0x08001b69   Thumb Code   214  main.o(i.litteSenceRun1)
    litteSenceRun2                           0x08001c5d   Thumb Code   164  main.o(i.litteSenceRun2)
    litteSenceRun3                           0x08001d19   Thumb Code   214  main.o(i.litteSenceRun3)
    litteSenceRun4                           0x08001e0d   Thumb Code   210  main.o(i.litteSenceRun4)
    main                                     0x08001ef9   Thumb Code   194  main.o(i.main)
    miniDataGet                              0x08001fdd   Thumb Code   164  mini-data.o(i.miniDataGet)
    qiqiqiYayaya                             0x08002081   Thumb Code   324  main.o(i.qiqiqiYayaya)
    senceDelayToNext                         0x080021d5   Thumb Code    52  main.o(i.senceDelayToNext)
    senceNext                                0x08002211   Thumb Code    12  main.o(i.senceNext)
    setFlashData                             0x0800221d   Thumb Code   112  main.o(i.setFlashData)
    uartRelayProc                            0x08002299   Thumb Code   462  stm32f1_uart1.o(i.uartRelayProc)
    zhSCM_GPIOConfig                         0x08002479   Thumb Code   152  key.o(i.zhSCM_GPIOConfig)
    zhSCM_initKeyState                       0x08002519   Thumb Code     6  key.o(i.zhSCM_initKeyState)
    zhSCM_keyState                           0x0800251f   Thumb Code   116  key.o(i.zhSCM_keyState)
    Region$$Table$$Base                      0x08002594   Number         0  anon$$obj.o(Region$$Table)
    Region$$Table$$Limit                     0x080025b4   Number         0  anon$$obj.o(Region$$Table)
    g_cCleanCurrentSence                     0x20000000   Data           1  main.o(.data)
    rPressure                                0x20000002   Data           8  main.o(.data)
    rPressureTmp                             0x2000000a   Data           8  main.o(.data)
    rTruePressure                            0x20000012   Data           8  main.o(.data)
    g_tmeSetting                             0x2000001a   Data           2  main.o(.data)
    isCleanRuning                            0x2000001c   Data           4  main.o(.data)
    ppxxStep                                 0x20000020   Data           4  main.o(.data)
    ev                                       0x20000024   Data           1  main.o(.data)
    btn1                                     0x20000025   Data           1  main.o(.data)
    btn2                                     0x20000026   Data           1  main.o(.data)
    btn3                                     0x20000027   Data           1  main.o(.data)
    btn4                                     0x20000028   Data           1  main.o(.data)
    fac_us                                   0x20000050   Data           1  stm32_delay.o(.data)
    fac_ms                                   0x20000052   Data           2  stm32_delay.o(.data)
    kk_1ms                                   0x20000054   Data           4  stm32f1_timer3.o(.data)
    sCount1ms                                0x20000058   Data           2  stm32f1_timer3.o(.data)
    uart1Data                                0x2000005c   Data           1  stm32f1_uart1.o(.data)
    g_uart1len                               0x2000005e   Data           2  stm32f1_uart1.o(.data)
    g_isGetCmdOk                             0x20000060   Data           1  stm32f1_uart1.o(.data)
    g_timeoverUart1                          0x20000064   Data           4  stm32f1_uart1.o(.data)
    uart2Data                                0x20000068   Data           1  stm32f1_uart2.o(.data)
    g_uart2len                               0x2000006a   Data           2  stm32f1_uart2.o(.data)
    g_isGetCmdOk2                            0x2000006c   Data           1  stm32f1_uart2.o(.data)
    g_timeoverUart2                          0x20000070   Data           4  stm32f1_uart2.o(.data)
    SystemCoreClock                          0x20000074   Data           4  system_stm32f10x.o(.data)
    AHBPrescTable                            0x20000078   Data          16  system_stm32f10x.o(.data)
    isCheckQiYaErr                           0x20000088   Data          16  main.o(.bss)
    g_cache                                  0x20000098   Data         128  stm32f1_uart1.o(.bss)
    g_ocCmd                                  0x20000118   Data          20  stm32f1_uart1.o(.bss)
    g_cache2                                 0x2000012c   Data         128  stm32f1_uart2.o(.bss)
    g_ocCmd2                                 0x200001ac   Data          20  stm32f1_uart2.o(.bss)
    __libspace_start                         0x200001c0   Data          96  libspace.o(.bss)
    __temporary_stack_top$libspace           0x20000220   Data           0  libspace.o(.bss)



==============================================================================

Memory Map of the image

  Image Entry point : 0x08000151

  Load Region LR_IROM1 (Base: 0x08000000, Size: 0x0000263c, Max: 0x00040000, ABSOLUTE)

    Execution Region ER_IROM1 (Base: 0x08000000, Size: 0x000025b4, Max: 0x00040000, ABSOLUTE)

    Base Addr    Size         Type   Attr      Idx    E Section Name        Object

    0x08000000   0x00000150   Data   RO         2845    RESET               startup_stm32f10x_cl.o
    0x08000150   0x00000008   Code   RO         2902  * !!!main             c_w.l(__main.o)
    0x08000158   0x00000034   Code   RO         3076    !!!scatter          c_w.l(__scatter.o)
    0x0800018c   0x0000001a   Code   RO         3078    !!handler_copy      c_w.l(__scatter_copy.o)
    0x080001a6   0x00000002   PAD
    0x080001a8   0x0000001c   Code   RO         3080    !!handler_zi        c_w.l(__scatter_zi.o)
    0x080001c4   0x00000002   Code   RO         2946    .ARM.Collect$$libinit$$00000000  c_w.l(libinit.o)
    0x080001c6   0x00000000   Code   RO         2953    .ARM.Collect$$libinit$$00000002  c_w.l(libinit2.o)
    0x080001c6   0x00000000   Code   RO         2955    .ARM.Collect$$libinit$$00000004  c_w.l(libinit2.o)
    0x080001c6   0x00000000   Code   RO         2958    .ARM.Collect$$libinit$$0000000A  c_w.l(libinit2.o)
    0x080001c6   0x00000000   Code   RO         2960    .ARM.Collect$$libinit$$0000000C  c_w.l(libinit2.o)
    0x080001c6   0x00000000   Code   RO         2962    .ARM.Collect$$libinit$$0000000E  c_w.l(libinit2.o)
    0x080001c6   0x00000000   Code   RO         2965    .ARM.Collect$$libinit$$00000011  c_w.l(libinit2.o)
    0x080001c6   0x00000000   Code   RO         2967    .ARM.Collect$$libinit$$00000013  c_w.l(libinit2.o)
    0x080001c6   0x00000000   Code   RO         2969    .ARM.Collect$$libinit$$00000015  c_w.l(libinit2.o)
    0x080001c6   0x00000000   Code   RO         2971    .ARM.Collect$$libinit$$00000017  c_w.l(libinit2.o)
    0x080001c6   0x00000000   Code   RO         2973    .ARM.Collect$$libinit$$00000019  c_w.l(libinit2.o)
    0x080001c6   0x00000000   Code   RO         2975    .ARM.Collect$$libinit$$0000001B  c_w.l(libinit2.o)
    0x080001c6   0x00000000   Code   RO         2977    .ARM.Collect$$libinit$$0000001D  c_w.l(libinit2.o)
    0x080001c6   0x00000000   Code   RO         2979    .ARM.Collect$$libinit$$0000001F  c_w.l(libinit2.o)
    0x080001c6   0x00000000   Code   RO         2981    .ARM.Collect$$libinit$$00000021  c_w.l(libinit2.o)
    0x080001c6   0x00000000   Code   RO         2983    .ARM.Collect$$libinit$$00000023  c_w.l(libinit2.o)
    0x080001c6   0x00000000   Code   RO         2985    .ARM.Collect$$libinit$$00000025  c_w.l(libinit2.o)
    0x080001c6   0x00000000   Code   RO         2989    .ARM.Collect$$libinit$$0000002C  c_w.l(libinit2.o)
    0x080001c6   0x00000000   Code   RO         2991    .ARM.Collect$$libinit$$0000002E  c_w.l(libinit2.o)
    0x080001c6   0x00000000   Code   RO         2993    .ARM.Collect$$libinit$$00000030  c_w.l(libinit2.o)
    0x080001c6   0x00000000   Code   RO         2995    .ARM.Collect$$libinit$$00000032  c_w.l(libinit2.o)
    0x080001c6   0x00000002   Code   RO         2996    .ARM.Collect$$libinit$$00000033  c_w.l(libinit2.o)
    0x080001c8   0x00000002   Code   RO         3016    .ARM.Collect$$libshutdown$$00000000  c_w.l(libshutdown.o)
    0x080001ca   0x00000000   Code   RO         3029    .ARM.Collect$$libshutdown$$00000002  c_w.l(libshutdown2.o)
    0x080001ca   0x00000000   Code   RO         3031    .ARM.Collect$$libshutdown$$00000004  c_w.l(libshutdown2.o)
    0x080001ca   0x00000000   Code   RO         3034    .ARM.Collect$$libshutdown$$00000007  c_w.l(libshutdown2.o)
    0x080001ca   0x00000000   Code   RO         3037    .ARM.Collect$$libshutdown$$0000000A  c_w.l(libshutdown2.o)
    0x080001ca   0x00000000   Code   RO         3039    .ARM.Collect$$libshutdown$$0000000C  c_w.l(libshutdown2.o)
    0x080001ca   0x00000000   Code   RO         3042    .ARM.Collect$$libshutdown$$0000000F  c_w.l(libshutdown2.o)
    0x080001ca   0x00000002   Code   RO         3043    .ARM.Collect$$libshutdown$$00000010  c_w.l(libshutdown2.o)
    0x080001cc   0x00000000   Code   RO         2916    .ARM.Collect$$rtentry$$00000000  c_w.l(__rtentry.o)
    0x080001cc   0x00000000   Code   RO         2923    .ARM.Collect$$rtentry$$00000002  c_w.l(__rtentry2.o)
    0x080001cc   0x00000006   Code   RO         2935    .ARM.Collect$$rtentry$$00000004  c_w.l(__rtentry4.o)
    0x080001d2   0x00000000   Code   RO         2925    .ARM.Collect$$rtentry$$00000009  c_w.l(__rtentry2.o)
    0x080001d2   0x00000004   Code   RO         2926    .ARM.Collect$$rtentry$$0000000A  c_w.l(__rtentry2.o)
    0x080001d6   0x00000000   Code   RO         2928    .ARM.Collect$$rtentry$$0000000C  c_w.l(__rtentry2.o)
    0x080001d6   0x00000008   Code   RO         2929    .ARM.Collect$$rtentry$$0000000D  c_w.l(__rtentry2.o)
    0x080001de   0x00000002   Code   RO         2950    .ARM.Collect$$rtexit$$00000000  c_w.l(rtexit.o)
    0x080001e0   0x00000000   Code   RO         2998    .ARM.Collect$$rtexit$$00000002  c_w.l(rtexit2.o)
    0x080001e0   0x00000004   Code   RO         2999    .ARM.Collect$$rtexit$$00000003  c_w.l(rtexit2.o)
    0x080001e4   0x00000006   Code   RO         3000    .ARM.Collect$$rtexit$$00000004  c_w.l(rtexit2.o)
    0x080001ea   0x00000002   PAD
    0x080001ec   0x00000040   Code   RO         2846    .text               startup_stm32f10x_cl.o
    0x0800022c   0x00000006   Code   RO         2900    .text               c_w.l(heapauxi.o)
    0x08000232   0x0000004a   Code   RO         2937    .text               c_w.l(sys_stackheap_outer.o)
    0x0800027c   0x00000012   Code   RO         2939    .text               c_w.l(exit.o)
    0x0800028e   0x00000002   PAD
    0x08000290   0x00000008   Code   RO         2947    .text               c_w.l(libspace.o)
    0x08000298   0x0000000c   Code   RO         3008    .text               c_w.l(sys_exit.o)
    0x080002a4   0x00000002   Code   RO         3019    .text               c_w.l(use_no_semi.o)
    0x080002a6   0x00000000   Code   RO         3021    .text               c_w.l(indicate_semi.o)
    0x080002a6   0x00000016   Code   RO         1497    i.ADC_Cmd           stm32f10x_adc.o
    0x080002bc   0x0000005c   Code   RO         1499    i.ADC_DeInit        stm32f10x_adc.o
    0x08000318   0x00000014   Code   RO         1505    i.ADC_GetCalibrationStatus  stm32f10x_adc.o
    0x0800032c   0x00000008   Code   RO         1506    i.ADC_GetConversionValue  stm32f10x_adc.o
    0x08000334   0x00000012   Code   RO         1508    i.ADC_GetFlagStatus  stm32f10x_adc.o
    0x08000346   0x00000014   Code   RO         1511    i.ADC_GetResetCalibrationStatus  stm32f10x_adc.o
    0x0800035a   0x00000002   PAD
    0x0800035c   0x00000050   Code   RO         1515    i.ADC_Init          stm32f10x_adc.o
    0x080003ac   0x000000b8   Code   RO         1519    i.ADC_RegularChannelConfig  stm32f10x_adc.o
    0x08000464   0x0000000a   Code   RO         1520    i.ADC_ResetCalibration  stm32f10x_adc.o
    0x0800046e   0x00000016   Code   RO         1522    i.ADC_SoftwareStartConvCmd  stm32f10x_adc.o
    0x08000484   0x0000000a   Code   RO         1524    i.ADC_StartCalibration  stm32f10x_adc.o
    0x0800048e   0x00000002   PAD
    0x08000490   0x000000c4   Code   RO         2443    i.ANMO_Configuration  outputdrive.o
    0x08000554   0x00000090   Code   RO         2705    i.Adc2_Init         stm32f1_adc2.o
    0x080005e4   0x00000090   Code   RO         2744    i.Adc3_Init         stm32f1_adc3.o
    0x08000674   0x00000090   Code   RO         2783    i.Adc4_Init         stm32f1_adc4.o
    0x08000704   0x00000090   Code   RO         2666    i.Adc_Init          stm32f1_adc1.o
    0x08000794   0x0000000c   Code   RO         1725    i.FLASH_ClearFlag   stm32f10x_flash.o
    0x080007a0   0x0000004c   Code   RO         1730    i.FLASH_ErasePage   stm32f10x_flash.o
    0x080007ec   0x00000034   Code   RO         1731    i.FLASH_GetBank1Status  stm32f10x_flash.o
    0x08000820   0x00000014   Code   RO         1740    i.FLASH_Lock        stm32f10x_flash.o
    0x08000834   0x00000040   Code   RO         1743    i.FLASH_ProgramHalfWord  stm32f10x_flash.o
    0x08000874   0x00000018   Code   RO         2410    i.FLASH_ReadByte    flash_rw.o
    0x0800088c   0x00000018   Code   RO         1748    i.FLASH_Unlock      stm32f10x_flash.o
    0x080008a4   0x00000026   Code   RO         1752    i.FLASH_WaitForLastOperation  stm32f10x_flash.o
    0x080008ca   0x0000004e   Code   RO         2411    i.FLASH_WriteByte   flash_rw.o
    0x08000918   0x00000116   Code   RO          571    i.GPIO_Init         stm32f10x_gpio.o
    0x08000a2e   0x00000012   Code   RO          575    i.GPIO_ReadInputDataBit  stm32f10x_gpio.o
    0x08000a40   0x00000004   Code   RO          578    i.GPIO_ResetBits    stm32f10x_gpio.o
    0x08000a44   0x00000004   Code   RO          579    i.GPIO_SetBits      stm32f10x_gpio.o
    0x08000a48   0x00000030   Code   RO         2706    i.Get_Adc11         stm32f1_adc2.o
    0x08000a78   0x00000026   Code   RO         2707    i.Get_Adc2_Average  stm32f1_adc2.o
    0x08000a9e   0x00000002   PAD
    0x08000aa0   0x00000030   Code   RO         2745    i.Get_Adc3          stm32f1_adc3.o
    0x08000ad0   0x00000026   Code   RO         2746    i.Get_Adc3_Average  stm32f1_adc3.o
    0x08000af6   0x00000002   PAD
    0x08000af8   0x00000030   Code   RO         2784    i.Get_Adc4          stm32f1_adc4.o
    0x08000b28   0x00000026   Code   RO         2785    i.Get_Adc4_Average  stm32f1_adc4.o
    0x08000b4e   0x00000002   PAD
    0x08000b50   0x0000002c   Code   RO         2822    i.InputDriveInit    inputdrive.o
    0x08000b7c   0x00000048   Code   RO            4    i.LitteSenceRun     main.o
    0x08000bc4   0x000000a0   Code   RO         2444    i.MADA_Configuration  outputdrive.o
    0x08000c64   0x00000070   Code   RO         1251    i.NVIC_Init         misc.o
    0x08000cd4   0x00000010   Code   RO         2445    i.OutputDriveInit   outputdrive.o
    0x08000ce4   0x00000018   Code   RO          296    i.RCC_ADCCLKConfig  stm32f10x_rcc.o
    0x08000cfc   0x00000020   Code   RO          299    i.RCC_APB1PeriphClockCmd  stm32f10x_rcc.o
    0x08000d1c   0x00000020   Code   RO          301    i.RCC_APB2PeriphClockCmd  stm32f10x_rcc.o
    0x08000d3c   0x00000020   Code   RO          302    i.RCC_APB2PeriphResetCmd  stm32f10x_rcc.o
    0x08000d5c   0x00000190   Code   RO          309    i.RCC_GetClocksFreq  stm32f10x_rcc.o
    0x08000eec   0x0000020c   Code   RO         2447    i.Relay_Init        outputdrive.o
    0x080010f8   0x000000a8   Code   RO         2493    i.STM32F1_UART1_Init  stm32f1_uart1.o
    0x080011a0   0x00000044   Code   RO         1911    i.STM32_Delay_init  stm32_delay.o
    0x080011e4   0x0000004c   Code   RO         1912    i.STM32_Delay_ms    stm32_delay.o
    0x08001230   0x00000008   Code   RO         2853    i.SetSysClock       system_stm32f10x.o
    0x08001238   0x00000118   Code   RO         2854    i.SetSysClockTo72   system_stm32f10x.o
    0x08001350   0x00000058   Code   RO         2286    i.Stm32F1_Timer2Init  stm32f1_timer2.o
    0x080013a8   0x0000005c   Code   RO         2329    i.Stm32F1_Timer3Init  stm32f1_timer3.o
    0x08001404   0x00000028   Code   RO         1255    i.SysTick_CLKSourceConfig  misc.o
    0x0800142c   0x0000006c   Code   RO         2856    i.SystemInit        system_stm32f10x.o
    0x08001498   0x0000000c   Code   RO         2287    i.TIM2_IRQHandler   stm32f1_timer2.o
    0x080014a4   0x00000060   Code   RO         2330    i.TIM3_IRQHandler   stm32f1_timer3.o
    0x08001504   0x00000006   Code   RO          702    i.TIM_ClearITPendingBit  stm32f10x_tim.o
    0x0800150a   0x00000018   Code   RO          707    i.TIM_Cmd           stm32f10x_tim.o
    0x08001522   0x00000012   Code   RO          732    i.TIM_ITConfig      stm32f10x_tim.o
    0x08001534   0x000000a4   Code   RO          778    i.TIM_TimeBaseInit  stm32f10x_tim.o
    0x080015d8   0x000000d0   Code   RO         2494    i.USART1_IRQHandler  stm32f1_uart1.o
    0x080016a8   0x000000c4   Code   RO         2565    i.USART2_IRQHandler  stm32f1_uart2.o
    0x0800176c   0x0000001c   Code   RO         2614    i.USART3_IRQHandler  stm32f1_uart3.o
    0x08001788   0x00000018   Code   RO         1303    i.USART_Cmd         stm32f10x_usart.o
    0x080017a0   0x00000054   Code   RO         1307    i.USART_GetITStatus  stm32f10x_usart.o
    0x080017f4   0x0000004a   Code   RO         1309    i.USART_ITConfig    stm32f10x_usart.o
    0x0800183e   0x00000002   PAD
    0x08001840   0x000000d8   Code   RO         1310    i.USART_Init        stm32f10x_usart.o
    0x08001918   0x0000000a   Code   RO         1317    i.USART_ReceiveData  stm32f10x_usart.o
    0x08001922   0x00000002   PAD
    0x08001924   0x00000014   Code   RO            5    i.allOutClose       main.o
    0x08001938   0x00000098   Code   RO            6    i.allSenceClose     main.o
    0x080019d0   0x00000198   Code   RO            8    i.btnEvent          main.o
    0x08001b68   0x000000f4   Code   RO            9    i.litteSenceRun1    main.o
    0x08001c5c   0x000000bc   Code   RO           10    i.litteSenceRun2    main.o
    0x08001d18   0x000000f4   Code   RO           11    i.litteSenceRun3    main.o
    0x08001e0c   0x000000ec   Code   RO           12    i.litteSenceRun4    main.o
    0x08001ef8   0x000000e4   Code   RO           13    i.main              main.o
    0x08001fdc   0x000000a4   Code   RO          276    i.miniDataGet       mini-data.o
    0x08002080   0x00000154   Code   RO           14    i.qiqiqiYayaya      main.o
    0x080021d4   0x0000003c   Code   RO           15    i.senceDelayToNext  main.o
    0x08002210   0x0000000c   Code   RO           17    i.senceNext         main.o
    0x0800221c   0x0000007c   Code   RO           18    i.setFlashData      main.o
    0x08002298   0x000001e0   Code   RO         2496    i.uartRelayProc     stm32f1_uart1.o
    0x08002478   0x000000a0   Code   RO         2371    i.zhSCM_GPIOConfig  key.o
    0x08002518   0x00000006   Code   RO         2372    i.zhSCM_initKeyState  key.o
    0x0800251e   0x00000074   Code   RO         2373    i.zhSCM_keyState    key.o
    0x08002592   0x00000002   PAD
    0x08002594   0x00000020   Data   RO         3074    Region$$Table       anon$$obj.o


    Execution Region RW_IRAM1 (Base: 0x20000000, Size: 0x00000820, Max: 0x00010000, ABSOLUTE)

    Base Addr    Size         Type   Attr      Idx    E Section Name        Object

    0x20000000   0x0000003c   Data   RW           20    .data               main.o
    0x2000003c   0x00000014   Data   RW          337    .data               stm32f10x_rcc.o
    0x20000050   0x00000004   Data   RW         1914    .data               stm32_delay.o
    0x20000054   0x00000006   Data   RW         2331    .data               stm32f1_timer3.o
    0x2000005a   0x00000002   PAD
    0x2000005c   0x0000000c   Data   RW         2499    .data               stm32f1_uart1.o
    0x20000068   0x0000000c   Data   RW         2567    .data               stm32f1_uart2.o
    0x20000074   0x00000014   Data   RW         2857    .data               system_stm32f10x.o
    0x20000088   0x00000010   Zero   RW           19    .bss                main.o
    0x20000098   0x00000094   Zero   RW         2498    .bss                stm32f1_uart1.o
    0x2000012c   0x00000094   Zero   RW         2566    .bss                stm32f1_uart2.o
    0x200001c0   0x00000060   Zero   RW         2948    .bss                c_w.l(libspace.o)
    0x20000220   0x00000200   Zero   RW         2844    HEAP                startup_stm32f10x_cl.o
    0x20000420   0x00000400   Zero   RW         2843    STACK               startup_stm32f10x_cl.o


==============================================================================

Image component sizes


      Code (inc. data)   RO Data    RW Data    ZI Data      Debug   Object Name

       102          0          0          0          0       1447   flash_rw.o
        44          6          0          0          0        473   inputdrive.o
       282          8          0          0          0       2729   key.o
      2328        282          0         60         16     304987   main.o
       164          0          0          0          0       1214   mini-data.o
       152         12          0          0          0       1422   misc.o
       896         44          0          0          0       2321   outputdrive.o
        64         26        336          0       1536        820   startup_stm32f10x_cl.o
       144         22          0          4          0       6964   stm32_delay.o
       486         24          0          0          0       8150   stm32f10x_adc.o
       286         36          0          0          0       3684   stm32f10x_flash.o
       304          0          0          0          0       3456   stm32f10x_gpio.o
       520         50          0         20          0       6102   stm32f10x_rcc.o
       212         42          0          0          0       2676   stm32f10x_tim.o
       408          6          0          0          0       4762   stm32f10x_usart.o
       144         10          0          0          0        587   stm32f1_adc1.o
       230         14          0          0          0       1643   stm32f1_adc2.o
       230         14          0          0          0       1638   stm32f1_adc3.o
       230         14          0          0          0       1638   stm32f1_adc4.o
       100          0          0          0          0        987   stm32f1_timer2.o
       188         30          0          6          0       1286   stm32f1_timer3.o
       856         70          0         12        148       3623   stm32f1_uart1.o
       196         34          0         12        148       1451   stm32f1_uart2.o
        28          6          0          0          0        452   stm32f1_uart3.o
       396         32          0         20          0       2333   system_stm32f10x.o

    ----------------------------------------------------------------------
      9006        782        368        136       1848     366845   Object Totals
         0          0         32          0          0          0   (incl. Generated)
        16          0          0          2          0          0   (incl. Padding)

    ----------------------------------------------------------------------

      Code (inc. data)   RO Data    RW Data    ZI Data      Debug   Library Member Name

         8          0          0          0          0         68   __main.o
         0          0          0          0          0          0   __rtentry.o
        12          0          0          0          0          0   __rtentry2.o
         6          0          0          0          0          0   __rtentry4.o
        52          8          0          0          0          0   __scatter.o
        26          0          0          0          0          0   __scatter_copy.o
        28          0          0          0          0          0   __scatter_zi.o
        18          0          0          0          0         80   exit.o
         6          0          0          0          0        152   heapauxi.o
         0          0          0          0          0          0   indicate_semi.o
         2          0          0          0          0          0   libinit.o
         2          0          0          0          0          0   libinit2.o
         2          0          0          0          0          0   libshutdown.o
         2          0          0          0          0          0   libshutdown2.o
         8          4          0          0         96         68   libspace.o
         2          0          0          0          0          0   rtexit.o
        10          0          0          0          0          0   rtexit2.o
        12          4          0          0          0         68   sys_exit.o
        74          0          0          0          0         80   sys_stackheap_outer.o
         2          0          0          0          0         68   use_no_semi.o

    ----------------------------------------------------------------------
       278         16          0          0         96        584   Library Totals
         6          0          0          0          0          0   (incl. Padding)

    ----------------------------------------------------------------------

      Code (inc. data)   RO Data    RW Data    ZI Data      Debug   Library Name

       272         16          0          0         96        584   c_w.l

    ----------------------------------------------------------------------
       278         16          0          0         96        584   Library Totals

    ----------------------------------------------------------------------

==============================================================================


      Code (inc. data)   RO Data    RW Data    ZI Data      Debug   

      9284        798        368        136       1944     362953   Grand Totals
      9284        798        368        136       1944     362953   ELF Image Totals
      9284        798        368        136          0          0   ROM Totals

==============================================================================

    Total RO  Size (Code + RO Data)                 9652 (   9.43kB)
    Total RW  Size (RW Data + ZI Data)              2080 (   2.03kB)
    Total ROM Size (Code + RO Data + RW Data)       9788 (   9.56kB)

==============================================================================

